******************************************************************************
            TI ARM Clang Linker PC v4.0.4                      
******************************************************************************
>> Linked Thu Jul 23 02:24:04 2026

OUTPUT FILE NAME:   <blink_led.out>
ENTRY POINT SYMBOL: "_c_int00_noargs"  address: 000037a5


MEMORY CONFIGURATION

         name            origin    length      used     unused   attr    fill
----------------------  --------  ---------  --------  --------  ----  --------
  FLASH                 00000000   00020000  00003b50  0001c4b0  R  X
  SRAM                  20200000   00008000  000017fe  00006802  RW X
  BCR_CONFIG            41c00000   000000ff  00000000  000000ff  R   
  BSL_CONFIG            41c00100   00000080  00000000  00000080  R   


SEGMENT ALLOCATION MAP

run origin  load origin   length   init length attrs members
----------  ----------- ---------- ----------- ----- -------
00000000    00000000    00003b50   00003b50    r-x
  00000000    00000000    000000c0   000000c0    r-- .intvecs
  000000c0    000000c0    000039e0   000039e0    r-x .text
  00003aa0    00003aa0    00000078   00000078    r-- .rodata
  00003b18    00003b18    00000038   00000038    r-- .cinit
20200000    20200000    000015fe   00000000    rw-
  20200000    20200000    00001580   00000000    rw- .bss
  20201580    20201580    0000007e   00000000    rw- .data
20207e00    20207e00    00000200   00000000    rw-
  20207e00    20207e00    00000200   00000000    rw- .stack


SECTION ALLOCATION MAP

 output                                  attributes/
section   page    origin      length       input sections
--------  ----  ----------  ----------   ----------------
.intvecs   0    00000000    000000c0     
                  00000000    000000c0     startup_mspm0g350x_ticlang.o (.intvecs)

.text      0    000000c0    000039e0     
                  000000c0    00000294     freertos_builds_LP_MSPM0G3507_release_ticlang.lib : heap_4.o (.text.pvPortMalloc)
                  00000354    00000210                                                       : tasks.o (.text.xTaskIncrementTick)
                  00000564    000001f8                                                       : tasks.o (.text.xTaskResumeAll)
                  0000075c    000001a4                                                       : queue.o (.text.xQueueReceive)
                  00000900    000001a0                                                       : port.o (.text.vPortSuppressTicksAndSleep)
                  00000aa0    00000190                                                       : tasks.o (.text.xTaskRemoveFromEventList)
                  00000c30    0000015c                                                       : timers.o (.text.prvProcessReceivedCommands)
                  00000d8c    00000128                                                       : tasks.o (.text.prvAddNewTaskToReadyList)
                  00000eb4    00000114                                                       : port.o (.text.pxPortInitialiseStack)
                  00000fc8    00000112     PID.o (.text.PID_Cal)
                  000010da    00000002     startup_mspm0g350x_ticlang.o (.text.Default_Handler)
                  000010dc    0000010c     freertos_builds_LP_MSPM0G3507_release_ticlang.lib : heap_4.o (.text.prvInsertBlockIntoFreeList)
                  000011e8    0000010c                                                       : tasks.o (.text.vTaskSwitchContext)
                  000012f4    00000104     driverlib.a : dl_timer.o (.text.DL_Timer_initFourCCPWMMode)
                  000013f8    00000104     freertos_builds_LP_MSPM0G3507_release_ticlang.lib : tasks.o (.text.prvInitialiseNewTask)
                  000014fc    000000f8                                                       : heap_4.o (.text.vPortFree)
                  000015f4    000000e4                                                       : tasks.o (.text.prvAddCurrentTaskToDelayedList)
                  000016d8    000000e4                                                       : queue.o (.text.xQueueGenericReset)
                  000017bc    000000e0     ti_msp_dl_config.o (.text.SYSCFG_DL_GPIO_init)
                  0000189c    000000d8     DIMotor.o (.text.DI_Motor_Task)
                  00001974    000000d8     libclang_rt.builtins.a : addsf3.S.obj (.text)
                  00001a4c    000000cc     freertos_builds_LP_MSPM0G3507_release_ticlang.lib : tasks.o (.text.prvCreateIdleTasks)
                  00001b18    000000c0     main.o (.text.main)
                  00001bd8    000000b6     freertos_builds_LP_MSPM0G3507_release_ticlang.lib : queue.o (.text.prvUnlockQueue)
                  00001c8e    00000002     libclang_rt.builtins.a : aeabi_div0.c.obj (.text.__aeabi_idiv0)
                  00001c90    000000b4     freertos_builds_LP_MSPM0G3507_release_ticlang.lib : tasks.o (.text.xTaskCheckForTimeOut)
                  00001d44    000000a4     Encoder.o (.text.GROUP1_IRQHandler)
                  00001de8    000000a0     ti_msp_dl_config.o (.text.SYSCFG_DL_PWM_DI_init)
                  00001e88    000000a0     freertos_builds_LP_MSPM0G3507_release_ticlang.lib : heap_4.o (.text.prvHeapInit)
                  00001f28    000000a0                                                       : queue.o (.text.xQueueGenericCreateStatic)
                  00001fc8    0000009a     libc.a : memcpy16.S.obj (.text:memcpy)
                  00002062    00000098     freertos_builds_LP_MSPM0G3507_release_ticlang.lib : tasks.o (.text.prvCreateStaticTask)
                  000020fa    00000002     main.o (.text.vApplicationStackOverflowHook)
                  000020fc    00000094     ti_msp_dl_config.o (.text.SYSCFG_DL_initPower)
                  00002190    00000094     freertos_builds_LP_MSPM0G3507_release_ticlang.lib : queue.o (.text.xQueueGenericCreate)
                  00002224    0000008c     libclang_rt.builtins.a : mulsf3.S.obj (.text.__mulsf3)
                  000022b0    0000008c     freertos_builds_LP_MSPM0G3507_release_ticlang.lib : timers.o (.text.prvProcessTimerOrBlockTask)
                  0000233c    00000084                                                       : tasks.o (.text.prvCreateTask)
                  000023c0    00000084                                                       : timers.o (.text.prvInsertTimerInActiveList)
                  00002444    00000084                                                       : tasks.o (.text.vTaskStepTick)
                  000024c8    00000082     libclang_rt.builtins.a : divsf3.S.obj (.text.__divsf3)
                  0000254a    00000002     --HOLE-- [fill = 0]
                  0000254c    00000080     ti_msp_dl_config.o (.text.SYSCFG_DL_UART_0_init)
                  000025cc    00000080     ti_msp_dl_config.o (.text.SYSCFG_DL_UART_1_init)
                  0000264c    00000080     ti_msp_dl_config.o (.text.SYSCFG_DL_UART_2_init)
                  000026cc    00000080     ti_msp_dl_config.o (.text.SYSCFG_DL_UART_3_init)
                  0000274c    00000080     freertos_builds_LP_MSPM0G3507_release_ticlang.lib : port.o (.text.xPortStartScheduler)
                  000027cc    0000007c                                                       : tasks.o (.text.eTaskConfirmSleepModeStatus)
                  00002848    0000007c                                                       : tasks.o (.text.prvInitialiseTaskLists)
                  000028c4    0000007c                                                       : timers.o (.text.xTimerCreateTimerTask)
                  00002940    0000007c     libc.a : copy_decompress_lzss.c.obj (.text:decompress:lzss)
                  000029bc    00000078     ti_msp_dl_config.o (.text.SYSCFG_DL_PWM_Step1_init)
                  00002a34    00000078     freertos_builds_LP_MSPM0G3507_release_ticlang.lib : tasks.o (.text.prvGetExpectedIdleTime)
                  00002aac    00000074                                                       : tasks.o (.text.vTaskPlaceOnEventListRestricted)
                  00002b20    0000006c     ti_msp_dl_config.o (.text.SYSCFG_DL_PWM_Step2_init)
                  00002b8c    0000006c     freertos_builds_LP_MSPM0G3507_release_ticlang.lib : timers.o (.text.prvCheckForValidListAndQueue)
                  00002bf8    0000006c                                                       : list.o (.text.vListInsert)
                  00002c64    0000006a                                                       : queue.o (.text.vQueueWaitForMessageRestricted)
                  00002cce    00000002     --HOLE-- [fill = 0]
                  00002cd0    00000068                                                       : tasks.o (.text.vTaskStartScheduler)
                  00002d38    00000062     libclang_rt.builtins.a : aeabi_fcmp.S.obj (.text.__aeabi_fcmp)
                  00002d9a    00000062     libc.a : memset16.S.obj (.text:memset)
                  00002dfc    0000005c     ti_msp_dl_config.o (.text.SYSCFG_DL_init)
                  00002e58    0000005c     freertos_builds_LP_MSPM0G3507_release_ticlang.lib : tasks.o (.text.prvIdleTask)
                  00002eb4    00000054     ti_msp_dl_config.o (.text.SYSCFG_DL_I2C_0_init)
                  00002f08    00000054     ti_msp_dl_config.o (.text.SYSCFG_DL_QEI_0_init)
                  00002f5c    00000054     freertos_builds_LP_MSPM0G3507_release_ticlang.lib : port.o (.text.vPortSetupTimerInterrupt)
                  00002fb0    00000050                                                       : tasks.o (.text.prvCheckTasksWaitingTermination)
                  00003000    00000050                                                       : tasks.o (.text.prvDeleteTCB)
                  00003050    00000050                                                       : timers.o (.text.prvProcessExpiredTimer)
                  000030a0    00000050                                                       : tasks.o (.text.vTaskDelay)
                  000030f0    0000004c                                                       : tasks.o (.text.xTaskCreateStatic)
                  0000313c    00000048     driverlib.a : dl_uart.o (.text.DL_UART_init)
                  00003184    00000048     freertos_builds_LP_MSPM0G3507_release_ticlang.lib : list.o (.text.uxListRemove)
                  000031cc    00000048                                                       : tasks.o (.text.xTaskCreate)
                  00003214    00000046                                                       : queue.o (.text.prvInitialiseNewQueue)
                  0000325a    00000006                                                       : portasm.o (.text.vClearInterruptMask)
                  00003260    00000044                                                       : portasm.o (.text.PendSV_Handler)
                  000032a4    00000044                                                       : queue.o (.text.prvCopyDataFromQueue)
                  000032e8    00000044                                                       : timers.o (.text.prvSwitchTimerLists)
                  0000332c    00000040     libclang_rt.builtins.a : aeabi_uidivmod.S.obj (.text.__aeabi_uidivmod)
                  0000336c    0000003c                            : floatsisf.S.obj (.text.__floatsisf)
                  000033a8    0000003c                            : comparesf2.S.obj (.text.__gtsf2)
                  000033e4    0000003c     freertos_builds_LP_MSPM0G3507_release_ticlang.lib : timers.o (.text.prvSampleTimeNow)
                  00003420    0000003c     libc.a : autoinit.c.obj (.text:__TI_auto_init_nobinit_nopinit)
                  0000345c    0000003a     libclang_rt.builtins.a : comparesf2.S.obj (.text.__eqsf2)
                  00003496    00000002     --HOLE-- [fill = 0]
                  00003498    0000003a                            : muldsi3.S.obj (.text.__muldsi3)
                  000034d2    00000002     --HOLE-- [fill = 0]
                  000034d4    00000038     freertos_builds_LP_MSPM0G3507_release_ticlang.lib : timers.o (.text.prvGetNextExpireTime)
                  0000350c    00000038                                                       : tasks.o (.text.xTaskGetSchedulerState)
                  00003544    00000036                                                       : timers.o (.text.prvReloadTimer)
                  0000357a    00000002     --HOLE-- [fill = 0]
                  0000357c    00000034                                                       : tasks.o (.text.vTaskPlaceOnEventList)
                  000035b0    00000030     StepMotor.o (.text.Step_Motor_Task)
                  000035e0    00000030     freertos_builds_LP_MSPM0G3507_release_ticlang.lib : port.o (.text.SysTick_Handler)
                  00003610    00000030     UART.o (.text.Uart_Task)
                  00003640    00000030     freertos_builds_LP_MSPM0G3507_release_ticlang.lib : tasks.o (.text.prvResetNextTaskUnblockTime)
                  00003670    00000030                                                       : port.o (.text.prvTaskExitError)
                  000036a0    0000002e                                                       : port.o (.text.vPortSVCHandler_C)
                  000036ce    0000002c                                                       : list.o (.text.vListInitialise)
                  000036fa    00000002     --HOLE-- [fill = 0]
                  000036fc    0000002c                                                       : port.o (.text.vPortExitCritical)
                  00003728    0000002a                                                       : queue.o (.text.prvIsQueueEmpty)
                  00003752    00000002     --HOLE-- [fill = 0]
                  00003754    00000028                                                       : StaticAllocs_freertos.o (.text.vApplicationGetIdleTaskMemory)
                  0000377c    00000028                                                       : StaticAllocs_freertos.o (.text.vApplicationGetTimerTaskMemory)
                  000037a4    00000028     libc.a : boot_cortex_m.c.obj (.text:_c_int00_noargs)
                  000037cc    00000026     driverlib.a : dl_i2c.o (.text.DL_I2C_setClockConfig)
                  000037f2    00000002     --HOLE-- [fill = 0]
                  000037f4    00000024     PWM.o (.text.PWM_Set_DI_R)
                  00003818    00000008     libclang_rt.builtins.a : aeabi_memcpy.S.obj (.text.__aeabi_memcpy)
                  00003820    00000024     freertos_builds_LP_MSPM0G3507_release_ticlang.lib : portasm.o (.text.SVC_Handler)
                  00003844    0000000c     Encoder.o (.text.Encoder_Get)
                  00003850    00000024     freertos_builds_LP_MSPM0G3507_release_ticlang.lib : portasm.o (.text.vRestoreContextOfFirstTask)
                  00003874    00000020     PWM.o (.text.PWM_Set_DI_L)
                  00003894    00000020     PWM.o (.text.PWM_Set_Step_L)
                  000038b4    00000020     PWM.o (.text.PWM_Set_Step_R)
                  000038d4    00000020     freertos_builds_LP_MSPM0G3507_release_ticlang.lib : tasks.o (.text.vTaskInternalSetTimeOutState)
                  000038f4    0000001e                                                       : timers.o (.text.prvTimerTask)
                  00003912    00000002     --HOLE-- [fill = 0]
                  00003914    0000001c     driverlib.a : dl_timer.o (.text.DL_Timer_setCaptCompUpdateMethod)
                  00003930    0000001c                 : dl_timer.o (.text.DL_Timer_setClockConfig)
                  0000394c    0000001c     ti_msp_dl_config.o (.text.SYSCFG_DL_SYSCTL_init)
                  00003968    00000018     driverlib.a : dl_timer.o (.text.DL_Timer_setCaptureCompareOutCtl)
                  00003980    00000018     Encoder.o (.text.Encoder_Read_AB)
                  00003998    00000018     freertos_builds_LP_MSPM0G3507_release_ticlang.lib : port.o (.text.vPortEnterCritical)
                  000039b0    00000018                                                       : port.o (.text.vPortYield)
                  000039c8    00000014                                                       : tasks.o (.text.xTaskGetTickCount)
                  000039dc    00000012     driverlib.a : dl_uart.o (.text.DL_UART_setClockConfig)
                  000039ee    00000012     libc.a : copy_decompress_none.c.obj (.text:decompress:none)
                  00003a00    00000010     driverlib.a : dl_timer.o (.text.DL_Timer_setCaptureCompareValue)
                  00003a10    00000010     freertos_builds_LP_MSPM0G3507_release_ticlang.lib : portasm.o (.text.vStartFirstTask)
                  00003a20    00000010                                                       : tasks.o (.text.vTaskSuspendAll)
                  00003a30    00000010     libc.a : copy_zero_init.c.obj (.text:decompress:ZI)
                  00003a40    0000000e     libclang_rt.builtins.a : aeabi_memset.S.obj (.text.__aeabi_memset)
                  00003a4e    0000000e     freertos_builds_LP_MSPM0G3507_release_ticlang.lib : list.o (.text.vListInitialiseItem)
                  00003a5c    0000000c     libclang_rt.builtins.a : aeabi_memset.S.obj (.text.__aeabi_memclr)
                  00003a68    0000000c     freertos_builds_LP_MSPM0G3507_release_ticlang.lib : tasks.o (.text.vTaskMissedYield)
                  00003a74    0000000a     driverlib.a : dl_common.o (.text.DL_Common_delayCycles)
                  00003a7e    00000008     freertos_builds_LP_MSPM0G3507_release_ticlang.lib : portasm.o (.text.ulSetInterruptMask)
                  00003a86    00000006     libc.a : exit.c.obj (.text:abort)
                  00003a8c    00000004     libsysbm.a : hostexit.c.obj (.text.HOSTexit)
                  00003a90    00000004     startup_mspm0g350x_ticlang.o (.text.Reset_Handler)
                  00003a94    00000004     libc.a : pre_init.c.obj (.text._system_pre_init)
                  00003a98    00000008     --HOLE-- [fill = 0]

.cinit     0    00003b18    00000038     
                  00003b18    00000011     (.cinit..data.load) [load image, compression = lzss]
                  00003b29    00000003     --HOLE-- [fill = 0]
                  00003b2c    0000000c     (__TI_handler_table)
                  00003b38    00000008     (.cinit..bss.load) [load image, compression = zero_init]
                  00003b40    00000010     (__TI_cinit_table)

.rodata    0    00003aa0    00000078     
                  00003aa0    0000000a     ti_msp_dl_config.o (.rodata.gUART_0Config)
                  00003aaa    0000000a     ti_msp_dl_config.o (.rodata.gUART_1Config)
                  00003ab4    0000000a     ti_msp_dl_config.o (.rodata.gUART_2Config)
                  00003abe    0000000a     ti_msp_dl_config.o (.rodata.gUART_3Config)
                  00003ac8    00000008     ti_msp_dl_config.o (.rodata.gPWM_DIConfig)
                  00003ad0    00000008     ti_msp_dl_config.o (.rodata.gPWM_Step1Config)
                  00003ad8    00000008     ti_msp_dl_config.o (.rodata.gPWM_Step2Config)
                  00003ae0    00000008     freertos_builds_LP_MSPM0G3507_release_ticlang.lib : timers.o (.rodata.str1.6031452896567546882.1)
                  00003ae8    00000006     main.o (.rodata.str1.8154729771448623357.1)
                  00003aee    00000005     freertos_builds_LP_MSPM0G3507_release_ticlang.lib : tasks.o (.rodata.str1.13344916649340266805.1)
                  00003af3    00000005     main.o (.rodata.str1.15159059442110792349.1)
                  00003af8    00000004     freertos_builds_LP_MSPM0G3507_release_ticlang.lib : tasks.o (.rodata.uxTopUsedPriority)
                  00003afc    00000003     ti_msp_dl_config.o (.rodata.gPWM_DIClockConfig)
                  00003aff    00000003     ti_msp_dl_config.o (.rodata.gPWM_Step1ClockConfig)
                  00003b02    00000003     ti_msp_dl_config.o (.rodata.gPWM_Step2ClockConfig)
                  00003b05    00000003     ti_msp_dl_config.o (.rodata.gQEI_0ClockConfig)
                  00003b08    00000002     ti_msp_dl_config.o (.rodata.gI2C_0ClockConfig)
                  00003b0a    00000002     ti_msp_dl_config.o (.rodata.gUART_0ClockConfig)
                  00003b0c    00000002     ti_msp_dl_config.o (.rodata.gUART_1ClockConfig)
                  00003b0e    00000002     ti_msp_dl_config.o (.rodata.gUART_2ClockConfig)
                  00003b10    00000002     ti_msp_dl_config.o (.rodata.gUART_3ClockConfig)
                  00003b12    00000006     --HOLE-- [fill = 0]

.init_array 
*          0    00000000    00000000     UNINITIALIZED

.binit     0    00000000    00000000     

.bss       0    20200000    00001580     UNINITIALIZED
                  20200000    00000c00     freertos_builds_LP_MSPM0G3507_release_ticlang.lib : heap_4.o (.bss.ucHeap)
                  20200c00    00000200                                                       : StaticAllocs_freertos.o (.bss.vApplicationGetIdleTaskMemory.uxIdleTaskStack)
                  20200e00    00000200                                                       : StaticAllocs_freertos.o (.bss.vApplicationGetTimerTaskMemory.uxTimerTaskStack)
                  20201000    000000c8                                                       : tasks.o (.bss.pxReadyTasksLists)
                  202010c8    000000bc     (.common:gPWM_DIBackup)
                  20201184    000000a0     (.common:gPWM_Step1Backup)
                  20201224    000000a0     (.common:gQEI_0Backup)
                  202012c4    00000078                                                       : timers.o (.bss.prvCheckForValidListAndQueue.ucStaticTimerQueueStorage)
                  2020133c    00000068                                                       : StaticAllocs_freertos.o (.bss.vApplicationGetIdleTaskMemory.xIdleTaskTCB)
                  202013a4    00000068                                                       : StaticAllocs_freertos.o (.bss.vApplicationGetTimerTaskMemory.xTimerTaskTCB)
                  2020140c    00000050                                                       : timers.o (.bss.prvCheckForValidListAndQueue.xStaticTimerQueue)
                  2020145c    00000030     (.common:gUART_3Backup)
                  2020148c    0000001c     (.common:Tar_sta_1)
                  202014a8    0000001c     (.common:Tar_sta_2)
                  202014c4    00000014                                                       : timers.o (.bss.xActiveTimerList1)
                  202014d8    00000014                                                       : timers.o (.bss.xActiveTimerList2)
                  202014ec    00000014                                                       : tasks.o (.bss.xDelayedTaskList1)
                  20201500    00000014                                                       : tasks.o (.bss.xDelayedTaskList2)
                  20201514    00000014                                                       : tasks.o (.bss.xPendingReadyList)
                  20201528    00000014                                                       : tasks.o (.bss.xSuspendedTaskList)
                  2020153c    00000014                                                       : tasks.o (.bss.xTasksWaitingTermination)
                  20201550    00000008                                                       : heap_4.o (.bss.xStart)
                  20201558    00000004                                                       : timers.o (.bss.pxCurrentTimerList)
                  2020155c    00000004                                                       : tasks.o (.bss.pxDelayedTaskList)
                  20201560    00000004                                                       : tasks.o (.bss.pxOverflowDelayedTaskList)
                  20201564    00000004                                                       : timers.o (.bss.pxOverflowTimerList)
                  20201568    00000004                                                       : tasks.o (.bss.xIdleTaskHandles)
                  2020156c    00000004     (.common:Motor_DI2_Queue)
                  20201570    00000004     (.common:Motor_DI_Queue)
                  20201574    00000004     (.common:count1_la)
                  20201578    00000004     (.common:count2_la)
                  2020157c    00000004     (.common:encoder_count)

.data      0    20201580    0000007e     UNINITIALIZED
                  20201580    00000018     DIMotor.o (.data.PID)
                  20201598    00000004     Encoder.o (.data.encoder_countx)
                  2020159c    00000004     freertos_builds_LP_MSPM0G3507_release_ticlang.lib : timers.o (.data.prvSampleTimeNow.xLastTime)
                  202015a0    00000004                                                       : tasks.o (.data.pxCurrentTCB)
                  202015a4    00000004                                                       : heap_4.o (.data.pxEnd)
                  202015a8    00000004                                                       : port.o (.data.ulCriticalNesting)
                  202015ac    00000004                                                       : port.o (.data.ulStoppedTimerCompensation)
                  202015b0    00000004                                                       : port.o (.data.ulTimerCountsForOneTick)
                  202015b4    00000004                                                       : tasks.o (.data.uxCurrentNumberOfTasks)
                  202015b8    00000004                                                       : tasks.o (.data.uxDeletedTasksWaitingCleanUp)
                  202015bc    00000004                                                       : tasks.o (.data.uxSchedulerSuspended)
                  202015c0    00000004                                                       : tasks.o (.data.uxTaskNumber)
                  202015c4    00000004                                                       : tasks.o (.data.uxTopReadyPriority)
                  202015c8    00000004                                                       : heap_4.o (.data.xFreeBytesRemaining)
                  202015cc    00000004                                                       : port.o (.data.xMaximumPossibleSuppressedTicks)
                  202015d0    00000004                                                       : heap_4.o (.data.xMinimumEverFreeBytesRemaining)
                  202015d4    00000004                                                       : tasks.o (.data.xNextTaskUnblockTime)
                  202015d8    00000004                                                       : tasks.o (.data.xNumOfOverflows)
                  202015dc    00000004                                                       : heap_4.o (.data.xNumberOfSuccessfulAllocations)
                  202015e0    00000004                                                       : heap_4.o (.data.xNumberOfSuccessfulFrees)
                  202015e4    00000004                                                       : tasks.o (.data.xPendedTicks)
                  202015e8    00000004                                                       : tasks.o (.data.xSchedulerRunning)
                  202015ec    00000004                                                       : tasks.o (.data.xTickCount)
                  202015f0    00000004                                                       : timers.o (.data.xTimerQueue)
                  202015f4    00000004                                                       : timers.o (.data.xTimerTaskHandle)
                  202015f8    00000004                                                       : tasks.o (.data.xYieldPendings)
                  202015fc    00000001     main.o (.data.init_done)
                  202015fd    00000001     Encoder.o (.data.last_AB_state)

.stack     0    20207e00    00000200     UNINITIALIZED
                  20207e00    00000004     libc.a : boot_cortex_m.c.obj (.stack)
                  20207e04    000001fc     --HOLE--

__llvm_prf_cnts 
*          0    20200000    00000000     UNINITIALIZED

__llvm_prf_bits 
*          0    20200000    00000000     UNINITIALIZED

MODULE SUMMARY

       Module                         code    ro data   rw data
       ------                         ----    -------   -------
    .\
       ti_msp_dl_config.o             1560    86        556    
       main.o                         194     11        13     
    +--+------------------------------+-------+---------+---------+
       Total:                         1754    97        569    
                                                               
    .\Body_task\
       DIMotor.o                      216     0         88     
       StepMotor.o                    48      0         0      
       UART.o                         48      0         0      
    +--+------------------------------+-------+---------+---------+
       Total:                         312     0         88     
                                                               
    .\Driver\
       PID.o                          274     0         0      
       Encoder.o                      200     0         5      
       PWM.o                          132     0         0      
    +--+------------------------------+-------+---------+---------+
       Total:                         606     0         5      
                                                               
    .\freertos\ticlang\
       startup_mspm0g350x_ticlang.o   6       192       0      
    +--+------------------------------+-------+---------+---------+
       Total:                         6       192       0      
                                                               
    C:/Users/shinanxi/workspace_ccstheia/freertos_builds_LP_MSPM0G3507_release_ticlang/Debug/freertos_builds_LP_MSPM0G3507_release_ticlang.lib
       tasks.o                        4588    9         360    
       heap_4.o                       1336    0         3100   
       timers.o                       1200    8         260    
       queue.o                        1424    0         0      
       StaticAllocs_freertos.o        80      0         1232   
       port.o                         1138    0         16     
       list.o                         238     0         0      
       portasm.o                      170     0         0      
    +--+------------------------------+-------+---------+---------+
       Total:                         10174   17        4968   
                                                               
    D:/study_software/ti/mspm0_sdk_2_11_00_07/source/ti/driverlib/lib/ticlang/m0p/mspm0g1x0x_g3x0x/driverlib.a
       dl_timer.o                     356     0         0      
       dl_uart.o                      90      0         0      
       dl_i2c.o                       38      0         0      
       dl_common.o                    10      0         0      
    +--+------------------------------+-------+---------+---------+
       Total:                         494     0         0      
                                                               
    D:\study_software\ti\ccs\tools\compiler\ti-cgt-armllvm_4.0.4.LTS\lib\armv6m-ti-none-eabi/c/libc.a
       memcpy16.S.obj                 154     0         0      
       copy_decompress_lzss.c.obj     124     0         0      
       memset16.S.obj                 98      0         0      
       autoinit.c.obj                 60      0         0      
       boot_cortex_m.c.obj            40      0         0      
       copy_decompress_none.c.obj     18      0         0      
       copy_zero_init.c.obj           16      0         0      
       exit.c.obj                     6       0         0      
       pre_init.c.obj                 4       0         0      
    +--+------------------------------+-------+---------+---------+
       Total:                         520     0         0      
                                                               
    D:\study_software\ti\ccs\tools\compiler\ti-cgt-armllvm_4.0.4.LTS\lib\armv6m-ti-none-eabi/c/libsysbm.a
       hostexit.c.obj                 4       0         0      
    +--+------------------------------+-------+---------+---------+
       Total:                         4       0         0      
                                                               
    D:\study_software\ti\ccs\tools\compiler\ti-cgt-armllvm_4.0.4.LTS\lib\armv6m-ti-none-eabi/libclang_rt.builtins.a
       addsf3.S.obj                   216     0         0      
       mulsf3.S.obj                   140     0         0      
       divsf3.S.obj                   130     0         0      
       comparesf2.S.obj               118     0         0      
       aeabi_fcmp.S.obj               98      0         0      
       aeabi_uidivmod.S.obj           64      0         0      
       floatsisf.S.obj                60      0         0      
       muldsi3.S.obj                  58      0         0      
       aeabi_memset.S.obj             26      0         0      
       aeabi_memcpy.S.obj             8       0         0      
       aeabi_div0.c.obj               2       0         0      
    +--+------------------------------+-------+---------+---------+
       Total:                         920     0         0      
                                                               
       Stack:                         0       0         512    
       Linker Generated:              0       53        0      
    +--+------------------------------+-------+---------+---------+
       Grand Total:                   14790   359       6142   


LINKER GENERATED COPY TABLES

__TI_cinit_table @ 00003b40 records: 2, size/record: 8, table size: 16
	.data: load addr=00003b18, load size=00000011 bytes, run addr=20201580, run size=0000007e bytes, compression=lzss
	.bss: load addr=00003b38, load size=00000008 bytes, run addr=20200000, run size=00001580 bytes, compression=zero_init


LINKER GENERATED HANDLER TABLE

__TI_handler_table @ 00003b2c records: 3, size/record: 4, table size: 12
	index: 0, handler: __TI_decompress_lzss
	index: 1, handler: __TI_decompress_none
	index: 2, handler: __TI_zero_init


GLOBAL SYMBOLS: SORTED ALPHABETICALLY BY Name 

address   name                            
-------   ----                            
000010db  ADC0_IRQHandler                 
000010db  ADC1_IRQHandler                 
000010db  AES_IRQHandler                  
00003a8c  C$$EXIT                         
000010db  CANFD0_IRQHandler               
000010db  DAC0_IRQHandler                 
0000189d  DI_Motor_Task                   
00003a75  DL_Common_delayCycles           
000037cd  DL_I2C_setClockConfig           
000012f5  DL_Timer_initFourCCPWMMode      
00003915  DL_Timer_setCaptCompUpdateMethod
00003969  DL_Timer_setCaptureCompareOutCtl
00003a01  DL_Timer_setCaptureCompareValue 
00003931  DL_Timer_setClockConfig         
0000313d  DL_UART_init                    
000039dd  DL_UART_setClockConfig          
000010db  DMA_IRQHandler                  
000010db  Default_Handler                 
00003845  Encoder_Get                     
00003981  Encoder_Read_AB                 
000010db  GROUP0_IRQHandler               
00001d45  GROUP1_IRQHandler               
00003a8d  HOSTexit                        
000010db  HardFault_Handler               
000010db  I2C0_IRQHandler                 
000010db  I2C1_IRQHandler                 
2020156c  Motor_DI2_Queue                 
20201570  Motor_DI_Queue                  
000010db  NMI_Handler                     
20201580  PID                             
00000fc9  PID_Cal                         
00003875  PWM_Set_DI_L                    
000037f5  PWM_Set_DI_R                    
00003895  PWM_Set_Step_L                  
000038b5  PWM_Set_Step_R                  
00003261  PendSV_Handler                  
000010db  RTC_IRQHandler                  
00003a91  Reset_Handler                   
000010db  SPI0_IRQHandler                 
000010db  SPI1_IRQHandler                 
00003821  SVC_Handler                     
000017bd  SYSCFG_DL_GPIO_init             
00002eb5  SYSCFG_DL_I2C_0_init            
00001de9  SYSCFG_DL_PWM_DI_init           
000029bd  SYSCFG_DL_PWM_Step1_init        
00002b21  SYSCFG_DL_PWM_Step2_init        
00002f09  SYSCFG_DL_QEI_0_init            
0000394d  SYSCFG_DL_SYSCTL_init           
0000254d  SYSCFG_DL_UART_0_init           
000025cd  SYSCFG_DL_UART_1_init           
0000264d  SYSCFG_DL_UART_2_init           
000026cd  SYSCFG_DL_UART_3_init           
00002dfd  SYSCFG_DL_init                  
000020fd  SYSCFG_DL_initPower             
000035b1  Step_Motor_Task                 
000035e1  SysTick_Handler                 
000010db  TIMA0_IRQHandler                
000010db  TIMA1_IRQHandler                
000010db  TIMG0_IRQHandler                
000010db  TIMG12_IRQHandler               
000010db  TIMG6_IRQHandler                
000010db  TIMG7_IRQHandler                
000010db  TIMG8_IRQHandler                
2020148c  Tar_sta_1                       
202014a8  Tar_sta_2                       
000010db  UART0_IRQHandler                
000010db  UART1_IRQHandler                
000010db  UART2_IRQHandler                
000010db  UART3_IRQHandler                
00003611  Uart_Task                       
20208000  __STACK_END                     
00000200  __STACK_SIZE                    
00000000  __TI_ATRegion0_region_sz        
00000000  __TI_ATRegion0_src_addr         
00000000  __TI_ATRegion0_trg_addr         
00000000  __TI_ATRegion1_region_sz        
00000000  __TI_ATRegion1_src_addr         
00000000  __TI_ATRegion1_trg_addr         
00000000  __TI_ATRegion2_region_sz        
00000000  __TI_ATRegion2_src_addr         
00000000  __TI_ATRegion2_trg_addr         
00003b40  __TI_CINIT_Base                 
00003b50  __TI_CINIT_Limit                
00003b50  __TI_CINIT_Warm                 
00003b2c  __TI_Handler_Table_Base         
00003b38  __TI_Handler_Table_Limit        
00003421  __TI_auto_init_nobinit_nopinit  
00002941  __TI_decompress_lzss            
000039ef  __TI_decompress_none            
ffffffff  __TI_pprof_out_hndl             
ffffffff  __TI_prof_data_size             
ffffffff  __TI_prof_data_start            
00000000  __TI_static_base__              
00003a31  __TI_zero_init                  
0000197f  __addsf3                        
0000197f  __aeabi_fadd                    
00002d39  __aeabi_fcmpeq                  
00002d75  __aeabi_fcmpge                  
00002d89  __aeabi_fcmpgt                  
00002d61  __aeabi_fcmple                  
00002d4d  __aeabi_fcmplt                  
000024c9  __aeabi_fdiv                    
00002225  __aeabi_fmul                    
00001975  __aeabi_fsub                    
0000336d  __aeabi_i2f                     
00001c8f  __aeabi_idiv0                   
00003a5d  __aeabi_memclr                  
00003a5d  __aeabi_memclr4                 
00003a5d  __aeabi_memclr8                 
00003819  __aeabi_memcpy                  
00003819  __aeabi_memcpy4                 
00003819  __aeabi_memcpy8                 
00003a41  __aeabi_memset                  
00003a41  __aeabi_memset4                 
00003a41  __aeabi_memset8                 
0000332d  __aeabi_uidiv                   
0000332d  __aeabi_uidivmod                
ffffffff  __binit__                       
0000345d  __cmpsf2                        
000024c9  __divsf3                        
0000345d  __eqsf2                         
0000336d  __floatsisf                     
000033a9  __gesf2                         
000033a9  __gtsf2                         
0000345d  __lesf2                         
0000345d  __ltsf2                         
UNDEFED   __mpu_init                      
00003499  __muldsi3                       
00002225  __mulsf3                        
0000345d  __nesf2                         
20207e00  __stack                         
20200000  __start___llvm_prf_bits         
20200000  __start___llvm_prf_cnts         
20200000  __stop___llvm_prf_bits          
20200000  __stop___llvm_prf_cnts          
00001975  __subsf3                        
000037a5  _c_int00_noargs                 
UNDEFED   _system_post_cinit              
00003a95  _system_pre_init                
00003a87  abort                           
ffffffff  binit                           
20201574  count1_la                       
20201578  count2_la                       
000027cd  eTaskConfirmSleepModeStatus     
2020157c  encoder_count                   
20201598  encoder_countx                  
202010c8  gPWM_DIBackup                   
20201184  gPWM_Step1Backup                
20201224  gQEI_0Backup                    
2020145c  gUART_3Backup                   
202015fc  init_done                       
00000000  interruptVectors                
202015fd  last_AB_state                   
00001b19  main                            
00001fc9  memcpy                          
00002d9b  memset                          
000000c1  pvPortMalloc                    
202015a0  pxCurrentTCB                    
00000eb5  pxPortInitialiseStack           
00003a7f  ulSetInterruptMask              
00003185  uxListRemove                    
00003755  vApplicationGetIdleTaskMemory   
0000377d  vApplicationGetTimerTaskMemory  
000020fb  vApplicationStackOverflowHook   
0000325b  vClearInterruptMask             
000036cf  vListInitialise                 
00003a4f  vListInitialiseItem             
00002bf9  vListInsert                     
00003999  vPortEnterCritical              
000036fd  vPortExitCritical               
000014fd  vPortFree                       
000036a1  vPortSVCHandler_C               
00002f5d  vPortSetupTimerInterrupt        
00000901  vPortSuppressTicksAndSleep      
000039b1  vPortYield                      
00002c65  vQueueWaitForMessageRestricted  
00003851  vRestoreContextOfFirstTask      
00003a11  vStartFirstTask                 
000030a1  vTaskDelay                      
000038d5  vTaskInternalSetTimeOutState    
00003a69  vTaskMissedYield                
0000357d  vTaskPlaceOnEventList           
00002aad  vTaskPlaceOnEventListRestricted 
00002cd1  vTaskStartScheduler             
00002445  vTaskStepTick                   
00003a21  vTaskSuspendAll                 
000011e9  vTaskSwitchContext              
0000274d  xPortStartScheduler             
00002191  xQueueGenericCreate             
00001f29  xQueueGenericCreateStatic       
000016d9  xQueueGenericReset              
0000075d  xQueueReceive                   
00001c91  xTaskCheckForTimeOut            
000031cd  xTaskCreate                     
000030f1  xTaskCreateStatic               
0000350d  xTaskGetSchedulerState          
000039c9  xTaskGetTickCount               
00000355  xTaskIncrementTick              
00000aa1  xTaskRemoveFromEventList        
00000565  xTaskResumeAll                  
000028c5  xTimerCreateTimerTask           


GLOBAL SYMBOLS: SORTED BY Symbol Address 

address   name                            
-------   ----                            
00000000  __TI_ATRegion0_region_sz        
00000000  __TI_ATRegion0_src_addr         
00000000  __TI_ATRegion0_trg_addr         
00000000  __TI_ATRegion1_region_sz        
00000000  __TI_ATRegion1_src_addr         
00000000  __TI_ATRegion1_trg_addr         
00000000  __TI_ATRegion2_region_sz        
00000000  __TI_ATRegion2_src_addr         
00000000  __TI_ATRegion2_trg_addr         
00000000  __TI_static_base__              
00000000  interruptVectors                
000000c1  pvPortMalloc                    
00000200  __STACK_SIZE                    
00000355  xTaskIncrementTick              
00000565  xTaskResumeAll                  
0000075d  xQueueReceive                   
00000901  vPortSuppressTicksAndSleep      
00000aa1  xTaskRemoveFromEventList        
00000eb5  pxPortInitialiseStack           
00000fc9  PID_Cal                         
000010db  ADC0_IRQHandler                 
000010db  ADC1_IRQHandler                 
000010db  AES_IRQHandler                  
000010db  CANFD0_IRQHandler               
000010db  DAC0_IRQHandler                 
000010db  DMA_IRQHandler                  
000010db  Default_Handler                 
000010db  GROUP0_IRQHandler               
000010db  HardFault_Handler               
000010db  I2C0_IRQHandler                 
000010db  I2C1_IRQHandler                 
000010db  NMI_Handler                     
000010db  RTC_IRQHandler                  
000010db  SPI0_IRQHandler                 
000010db  SPI1_IRQHandler                 
000010db  TIMA0_IRQHandler                
000010db  TIMA1_IRQHandler                
000010db  TIMG0_IRQHandler                
000010db  TIMG12_IRQHandler               
000010db  TIMG6_IRQHandler                
000010db  TIMG7_IRQHandler                
000010db  TIMG8_IRQHandler                
000010db  UART0_IRQHandler                
000010db  UART1_IRQHandler                
000010db  UART2_IRQHandler                
000010db  UART3_IRQHandler                
000011e9  vTaskSwitchContext              
000012f5  DL_Timer_initFourCCPWMMode      
000014fd  vPortFree                       
000016d9  xQueueGenericReset              
000017bd  SYSCFG_DL_GPIO_init             
0000189d  DI_Motor_Task                   
00001975  __aeabi_fsub                    
00001975  __subsf3                        
0000197f  __addsf3                        
0000197f  __aeabi_fadd                    
00001b19  main                            
00001c8f  __aeabi_idiv0                   
00001c91  xTaskCheckForTimeOut            
00001d45  GROUP1_IRQHandler               
00001de9  SYSCFG_DL_PWM_DI_init           
00001f29  xQueueGenericCreateStatic       
00001fc9  memcpy                          
000020fb  vApplicationStackOverflowHook   
000020fd  SYSCFG_DL_initPower             
00002191  xQueueGenericCreate             
00002225  __aeabi_fmul                    
00002225  __mulsf3                        
00002445  vTaskStepTick                   
000024c9  __aeabi_fdiv                    
000024c9  __divsf3                        
0000254d  SYSCFG_DL_UART_0_init           
000025cd  SYSCFG_DL_UART_1_init           
0000264d  SYSCFG_DL_UART_2_init           
000026cd  SYSCFG_DL_UART_3_init           
0000274d  xPortStartScheduler             
000027cd  eTaskConfirmSleepModeStatus     
000028c5  xTimerCreateTimerTask           
00002941  __TI_decompress_lzss            
000029bd  SYSCFG_DL_PWM_Step1_init        
00002aad  vTaskPlaceOnEventListRestricted 
00002b21  SYSCFG_DL_PWM_Step2_init        
00002bf9  vListInsert                     
00002c65  vQueueWaitForMessageRestricted  
00002cd1  vTaskStartScheduler             
00002d39  __aeabi_fcmpeq                  
00002d4d  __aeabi_fcmplt                  
00002d61  __aeabi_fcmple                  
00002d75  __aeabi_fcmpge                  
00002d89  __aeabi_fcmpgt                  
00002d9b  memset                          
00002dfd  SYSCFG_DL_init                  
00002eb5  SYSCFG_DL_I2C_0_init            
00002f09  SYSCFG_DL_QEI_0_init            
00002f5d  vPortSetupTimerInterrupt        
000030a1  vTaskDelay                      
000030f1  xTaskCreateStatic               
0000313d  DL_UART_init                    
00003185  uxListRemove                    
000031cd  xTaskCreate                     
0000325b  vClearInterruptMask             
00003261  PendSV_Handler                  
0000332d  __aeabi_uidiv                   
0000332d  __aeabi_uidivmod                
0000336d  __aeabi_i2f                     
0000336d  __floatsisf                     
000033a9  __gesf2                         
000033a9  __gtsf2                         
00003421  __TI_auto_init_nobinit_nopinit  
0000345d  __cmpsf2                        
0000345d  __eqsf2                         
0000345d  __lesf2                         
0000345d  __ltsf2                         
0000345d  __nesf2                         
00003499  __muldsi3                       
0000350d  xTaskGetSchedulerState          
0000357d  vTaskPlaceOnEventList           
000035b1  Step_Motor_Task                 
000035e1  SysTick_Handler                 
00003611  Uart_Task                       
000036a1  vPortSVCHandler_C               
000036cf  vListInitialise                 
000036fd  vPortExitCritical               
00003755  vApplicationGetIdleTaskMemory   
0000377d  vApplicationGetTimerTaskMemory  
000037a5  _c_int00_noargs                 
000037cd  DL_I2C_setClockConfig           
000037f5  PWM_Set_DI_R                    
00003819  __aeabi_memcpy                  
00003819  __aeabi_memcpy4                 
00003819  __aeabi_memcpy8                 
00003821  SVC_Handler                     
00003845  Encoder_Get                     
00003851  vRestoreContextOfFirstTask      
00003875  PWM_Set_DI_L                    
00003895  PWM_Set_Step_L                  
000038b5  PWM_Set_Step_R                  
000038d5  vTaskInternalSetTimeOutState    
00003915  DL_Timer_setCaptCompUpdateMethod
00003931  DL_Timer_setClockConfig         
0000394d  SYSCFG_DL_SYSCTL_init           
00003969  DL_Timer_setCaptureCompareOutCtl
00003981  Encoder_Read_AB                 
00003999  vPortEnterCritical              
000039b1  vPortYield                      
000039c9  xTaskGetTickCount               
000039dd  DL_UART_setClockConfig          
000039ef  __TI_decompress_none            
00003a01  DL_Timer_setCaptureCompareValue 
00003a11  vStartFirstTask                 
00003a21  vTaskSuspendAll                 
00003a31  __TI_zero_init                  
00003a41  __aeabi_memset                  
00003a41  __aeabi_memset4                 
00003a41  __aeabi_memset8                 
00003a4f  vListInitialiseItem             
00003a5d  __aeabi_memclr                  
00003a5d  __aeabi_memclr4                 
00003a5d  __aeabi_memclr8                 
00003a69  vTaskMissedYield                
00003a75  DL_Common_delayCycles           
00003a7f  ulSetInterruptMask              
00003a87  abort                           
00003a8c  C$$EXIT                         
00003a8d  HOSTexit                        
00003a91  Reset_Handler                   
00003a95  _system_pre_init                
00003b2c  __TI_Handler_Table_Base         
00003b38  __TI_Handler_Table_Limit        
00003b40  __TI_CINIT_Base                 
00003b50  __TI_CINIT_Limit                
00003b50  __TI_CINIT_Warm                 
20200000  __start___llvm_prf_bits         
20200000  __start___llvm_prf_cnts         
20200000  __stop___llvm_prf_bits          
20200000  __stop___llvm_prf_cnts          
202010c8  gPWM_DIBackup                   
20201184  gPWM_Step1Backup                
20201224  gQEI_0Backup                    
2020145c  gUART_3Backup                   
2020148c  Tar_sta_1                       
202014a8  Tar_sta_2                       
2020156c  Motor_DI2_Queue                 
20201570  Motor_DI_Queue                  
20201574  count1_la                       
20201578  count2_la                       
2020157c  encoder_count                   
20201580  PID                             
20201598  encoder_countx                  
202015a0  pxCurrentTCB                    
202015fc  init_done                       
202015fd  last_AB_state                   
20207e00  __stack                         
20208000  __STACK_END                     
ffffffff  __TI_pprof_out_hndl             
ffffffff  __TI_prof_data_size             
ffffffff  __TI_prof_data_start            
ffffffff  __binit__                       
ffffffff  binit                           
UNDEFED   __mpu_init                      
UNDEFED   _system_post_cinit              

[201 symbols]
