<?xml version="1.0" encoding="ISO-8859-1" ?>
<link_info>
   <banner>TI ARM Clang Linker PC v4.0.4.LTS</banner>
   <copyright>Copyright (c) 1996-2018 Texas Instruments Incorporated</copyright>
   <command_line>D:\study_software\ti\ccs\tools\compiler\ti-cgt-armllvm_4.0.4.LTS\bin\tiarmlnk -ID:\study_software\ti\ccs\tools\compiler\ti-cgt-armllvm_4.0.4.LTS\lib -o blink_led.out -mblink_led.map -iC:/Users/shinanxi/workspace_ccstheia/freertos_builds_LP_MSPM0G3507_release_ticlang/Debug -iD:/study_software/ti/mspm0_sdk_2_11_00_07/source -iC:/Users/shinanxi/workspace_ccstheia/E-Competition -iC:/Users/shinanxi/workspace_ccstheia/E-Competition/Debug/syscfg -iD:/study_software/ti/ccs/tools/compiler/ti-cgt-armllvm_4.0.4.LTS/lib --diag_wrap=off --display_error_number --warn_sections --xml_link_info=blink_led_linkInfo.xml --rom_model ./ti_msp_dl_config.o ./main-blinky.o ./main.o ./Body_task/DIMotor.o ./Body_task/StepMotor.o ./Body_task/UART.o ./Driver/Encoder.o ./Driver/I2C.o ./Driver/PID.o ./Driver/PWM.o ./freertos/ticlang/startup_mspm0g350x_ticlang.o ../mspm0g3507.cmd -lfreertos_builds_LP_MSPM0G3507_release_ticlang.lib -lD:/study_software/ti/mspm0_sdk_2_11_00_07/source/ti/driverlib/lib/ticlang/m0p/mspm0g1x0x_g3x0x/driverlib.a -llibc.a --start-group -llibc++.a -llibc++abi.a -llibc.a -llibsys.a -llibsysbm.a -llibclang_rt.builtins.a -llibclang_rt.profile.a --end-group --cg_opt_level=2</command_line>
   <link_time>0x6a610ac4</link_time>
   <link_errors>0x0</link_errors>
   <output_file>C:\Users\shinanxi\workspace_ccstheia\E-Competition\Debug\blink_led.out</output_file>
   <entry_point>
      <name>_c_int00_noargs</name>
      <address>0x37a5</address>
   </entry_point>
   <input_file_list>
      <input_file id="fl-1">
         <path>C:\Users\shinanxi\workspace_ccstheia\E-Competition\Debug\.\</path>
         <kind>object</kind>
         <file>ti_msp_dl_config.o</file>
         <name>ti_msp_dl_config.o</name>
      </input_file>
      <input_file id="fl-2">
         <path>C:\Users\shinanxi\workspace_ccstheia\E-Competition\Debug\.\</path>
         <kind>object</kind>
         <file>main-blinky.o</file>
         <name>main-blinky.o</name>
      </input_file>
      <input_file id="fl-3">
         <path>C:\Users\shinanxi\workspace_ccstheia\E-Competition\Debug\.\</path>
         <kind>object</kind>
         <file>main.o</file>
         <name>main.o</name>
      </input_file>
      <input_file id="fl-4">
         <path>C:\Users\shinanxi\workspace_ccstheia\E-Competition\Debug\.\Body_task\</path>
         <kind>object</kind>
         <file>DIMotor.o</file>
         <name>DIMotor.o</name>
      </input_file>
      <input_file id="fl-5">
         <path>C:\Users\shinanxi\workspace_ccstheia\E-Competition\Debug\.\Body_task\</path>
         <kind>object</kind>
         <file>StepMotor.o</file>
         <name>StepMotor.o</name>
      </input_file>
      <input_file id="fl-6">
         <path>C:\Users\shinanxi\workspace_ccstheia\E-Competition\Debug\.\Body_task\</path>
         <kind>object</kind>
         <file>UART.o</file>
         <name>UART.o</name>
      </input_file>
      <input_file id="fl-7">
         <path>C:\Users\shinanxi\workspace_ccstheia\E-Competition\Debug\.\Driver\</path>
         <kind>object</kind>
         <file>Encoder.o</file>
         <name>Encoder.o</name>
      </input_file>
      <input_file id="fl-8">
         <path>C:\Users\shinanxi\workspace_ccstheia\E-Competition\Debug\.\Driver\</path>
         <kind>object</kind>
         <file>I2C.o</file>
         <name>I2C.o</name>
      </input_file>
      <input_file id="fl-9">
         <path>C:\Users\shinanxi\workspace_ccstheia\E-Competition\Debug\.\Driver\</path>
         <kind>object</kind>
         <file>PID.o</file>
         <name>PID.o</name>
      </input_file>
      <input_file id="fl-a">
         <path>C:\Users\shinanxi\workspace_ccstheia\E-Competition\Debug\.\Driver\</path>
         <kind>object</kind>
         <file>PWM.o</file>
         <name>PWM.o</name>
      </input_file>
      <input_file id="fl-b">
         <path>C:\Users\shinanxi\workspace_ccstheia\E-Competition\Debug\.\freertos\ticlang\</path>
         <kind>object</kind>
         <file>startup_mspm0g350x_ticlang.o</file>
         <name>startup_mspm0g350x_ticlang.o</name>
      </input_file>
      <input_file id="fl-18">
         <path>C:\Users\shinanxi\workspace_ccstheia\E-Competition\Debug\</path>
         <kind>object</kind>
         <file>&lt;internal&gt;</file>
         <name>&lt;internal&gt;</name>
      </input_file>
      <input_file id="fl-19">
         <path>C:\Users\shinanxi\workspace_ccstheia\freertos_builds_LP_MSPM0G3507_release_ticlang\Debug\</path>
         <kind>archive</kind>
         <file>freertos_builds_LP_MSPM0G3507_release_ticlang.lib</file>
         <name>queue.o</name>
      </input_file>
      <input_file id="fl-1a">
         <path>C:\Users\shinanxi\workspace_ccstheia\freertos_builds_LP_MSPM0G3507_release_ticlang\Debug\</path>
         <kind>archive</kind>
         <file>freertos_builds_LP_MSPM0G3507_release_ticlang.lib</file>
         <name>tasks.o</name>
      </input_file>
      <input_file id="fl-1b">
         <path>C:\Users\shinanxi\workspace_ccstheia\freertos_builds_LP_MSPM0G3507_release_ticlang\Debug\</path>
         <kind>archive</kind>
         <file>freertos_builds_LP_MSPM0G3507_release_ticlang.lib</file>
         <name>timers.o</name>
      </input_file>
      <input_file id="fl-1c">
         <path>C:\Users\shinanxi\workspace_ccstheia\freertos_builds_LP_MSPM0G3507_release_ticlang\Debug\</path>
         <kind>archive</kind>
         <file>freertos_builds_LP_MSPM0G3507_release_ticlang.lib</file>
         <name>port.o</name>
      </input_file>
      <input_file id="fl-1d">
         <path>C:\Users\shinanxi\workspace_ccstheia\freertos_builds_LP_MSPM0G3507_release_ticlang\Debug\</path>
         <kind>archive</kind>
         <file>freertos_builds_LP_MSPM0G3507_release_ticlang.lib</file>
         <name>portasm.o</name>
      </input_file>
      <input_file id="fl-1e">
         <path>C:\Users\shinanxi\workspace_ccstheia\freertos_builds_LP_MSPM0G3507_release_ticlang\Debug\</path>
         <kind>archive</kind>
         <file>freertos_builds_LP_MSPM0G3507_release_ticlang.lib</file>
         <name>PTLS.o</name>
      </input_file>
      <input_file id="fl-1f">
         <path>C:\Users\shinanxi\workspace_ccstheia\freertos_builds_LP_MSPM0G3507_release_ticlang\Debug\</path>
         <kind>archive</kind>
         <file>freertos_builds_LP_MSPM0G3507_release_ticlang.lib</file>
         <name>StaticAllocs_freertos.o</name>
      </input_file>
      <input_file id="fl-20">
         <path>C:\Users\shinanxi\workspace_ccstheia\freertos_builds_LP_MSPM0G3507_release_ticlang\Debug\</path>
         <kind>archive</kind>
         <file>freertos_builds_LP_MSPM0G3507_release_ticlang.lib</file>
         <name>heap_4.o</name>
      </input_file>
      <input_file id="fl-21">
         <path>C:\Users\shinanxi\workspace_ccstheia\freertos_builds_LP_MSPM0G3507_release_ticlang\Debug\</path>
         <kind>archive</kind>
         <file>freertos_builds_LP_MSPM0G3507_release_ticlang.lib</file>
         <name>list.o</name>
      </input_file>
      <input_file id="fl-22">
         <path>D:\study_software\ti\mspm0_sdk_2_11_00_07\source\ti\driverlib\lib\ticlang\m0p\mspm0g1x0x_g3x0x\</path>
         <kind>archive</kind>
         <file>driverlib.a</file>
         <name>dl_common.o</name>
      </input_file>
      <input_file id="fl-23">
         <path>D:\study_software\ti\mspm0_sdk_2_11_00_07\source\ti\driverlib\lib\ticlang\m0p\mspm0g1x0x_g3x0x\</path>
         <kind>archive</kind>
         <file>driverlib.a</file>
         <name>dl_i2c.o</name>
      </input_file>
      <input_file id="fl-24">
         <path>D:\study_software\ti\mspm0_sdk_2_11_00_07\source\ti\driverlib\lib\ticlang\m0p\mspm0g1x0x_g3x0x\</path>
         <kind>archive</kind>
         <file>driverlib.a</file>
         <name>dl_timer.o</name>
      </input_file>
      <input_file id="fl-25">
         <path>D:\study_software\ti\mspm0_sdk_2_11_00_07\source\ti\driverlib\lib\ticlang\m0p\mspm0g1x0x_g3x0x\</path>
         <kind>archive</kind>
         <file>driverlib.a</file>
         <name>dl_uart.o</name>
      </input_file>
      <input_file id="fl-3c">
         <path>D:\study_software\ti\ccs\tools\compiler\ti-cgt-armllvm_4.0.4.LTS\lib\armv6m-ti-none-eabi\c\</path>
         <kind>archive</kind>
         <file>libc.a</file>
         <name>boot_cortex_m.c.obj</name>
      </input_file>
      <input_file id="fl-3d">
         <path>D:\study_software\ti\ccs\tools\compiler\ti-cgt-armllvm_4.0.4.LTS\lib\armv6m-ti-none-eabi\c\</path>
         <kind>archive</kind>
         <file>libc.a</file>
         <name>mathacl_init.c.obj</name>
      </input_file>
      <input_file id="fl-3e">
         <path>D:\study_software\ti\ccs\tools\compiler\ti-cgt-armllvm_4.0.4.LTS\lib\armv6m-ti-none-eabi\c\</path>
         <kind>archive</kind>
         <file>libc.a</file>
         <name>autoinit.c.obj</name>
      </input_file>
      <input_file id="fl-3f">
         <path>D:\study_software\ti\ccs\tools\compiler\ti-cgt-armllvm_4.0.4.LTS\lib\armv6m-ti-none-eabi\c\</path>
         <kind>archive</kind>
         <file>libc.a</file>
         <name>pre_init.c.obj</name>
      </input_file>
      <input_file id="fl-40">
         <path>D:\study_software\ti\ccs\tools\compiler\ti-cgt-armllvm_4.0.4.LTS\lib\armv6m-ti-none-eabi\c\</path>
         <kind>archive</kind>
         <file>libc.a</file>
         <name>cpy_tbl.c.obj</name>
      </input_file>
      <input_file id="fl-41">
         <path>D:\study_software\ti\ccs\tools\compiler\ti-cgt-armllvm_4.0.4.LTS\lib\armv6m-ti-none-eabi\c\</path>
         <kind>archive</kind>
         <file>libc.a</file>
         <name>copy_zero_init.c.obj</name>
      </input_file>
      <input_file id="fl-42">
         <path>D:\study_software\ti\ccs\tools\compiler\ti-cgt-armllvm_4.0.4.LTS\lib\armv6m-ti-none-eabi\c\</path>
         <kind>archive</kind>
         <file>libc.a</file>
         <name>copy_decompress_none.c.obj</name>
      </input_file>
      <input_file id="fl-43">
         <path>D:\study_software\ti\ccs\tools\compiler\ti-cgt-armllvm_4.0.4.LTS\lib\armv6m-ti-none-eabi\c\</path>
         <kind>archive</kind>
         <file>libc.a</file>
         <name>copy_decompress_lzss.c.obj</name>
      </input_file>
      <input_file id="fl-44">
         <path>D:\study_software\ti\ccs\tools\compiler\ti-cgt-armllvm_4.0.4.LTS\lib\armv6m-ti-none-eabi\c\</path>
         <kind>archive</kind>
         <file>libc.a</file>
         <name>exit.c.obj</name>
      </input_file>
      <input_file id="fl-45">
         <path>D:\study_software\ti\ccs\tools\compiler\ti-cgt-armllvm_4.0.4.LTS\lib\armv6m-ti-none-eabi\c\</path>
         <kind>archive</kind>
         <file>libc.a</file>
         <name>_lock.c.obj</name>
      </input_file>
      <input_file id="fl-46">
         <path>D:\study_software\ti\ccs\tools\compiler\ti-cgt-armllvm_4.0.4.LTS\lib\armv6m-ti-none-eabi\c\</path>
         <kind>archive</kind>
         <file>libc.a</file>
         <name>args_main.c.obj</name>
      </input_file>
      <input_file id="fl-e6">
         <path>D:\study_software\ti\ccs\tools\compiler\ti-cgt-armllvm_4.0.4.LTS\lib\armv6m-ti-none-eabi\c\</path>
         <kind>archive</kind>
         <file>libsysbm.a</file>
         <name>hostexit.c.obj</name>
      </input_file>
      <input_file id="fl-e7">
         <path>D:\study_software\ti\ccs\tools\compiler\ti-cgt-armllvm_4.0.4.LTS\lib\armv6m-ti-none-eabi\</path>
         <kind>archive</kind>
         <file>libclang_rt.builtins.a</file>
         <name>addsf3.S.obj</name>
      </input_file>
      <input_file id="fl-e8">
         <path>D:\study_software\ti\ccs\tools\compiler\ti-cgt-armllvm_4.0.4.LTS\lib\armv6m-ti-none-eabi\</path>
         <kind>archive</kind>
         <file>libclang_rt.builtins.a</file>
         <name>mulsf3.S.obj</name>
      </input_file>
      <input_file id="fl-e9">
         <path>D:\study_software\ti\ccs\tools\compiler\ti-cgt-armllvm_4.0.4.LTS\lib\armv6m-ti-none-eabi\</path>
         <kind>archive</kind>
         <file>libclang_rt.builtins.a</file>
         <name>divsf3.S.obj</name>
      </input_file>
      <input_file id="fl-ea">
         <path>D:\study_software\ti\ccs\tools\compiler\ti-cgt-armllvm_4.0.4.LTS\lib\armv6m-ti-none-eabi\</path>
         <kind>archive</kind>
         <file>libclang_rt.builtins.a</file>
         <name>floatsisf.S.obj</name>
      </input_file>
      <input_file id="fl-eb">
         <path>D:\study_software\ti\ccs\tools\compiler\ti-cgt-armllvm_4.0.4.LTS\lib\armv6m-ti-none-eabi\</path>
         <kind>archive</kind>
         <file>libclang_rt.builtins.a</file>
         <name>aeabi_fcmp.S.obj</name>
      </input_file>
      <input_file id="fl-ec">
         <path>D:\study_software\ti\ccs\tools\compiler\ti-cgt-armllvm_4.0.4.LTS\lib\armv6m-ti-none-eabi\</path>
         <kind>archive</kind>
         <file>libclang_rt.builtins.a</file>
         <name>aeabi_memcpy.S.obj</name>
      </input_file>
      <input_file id="fl-ed">
         <path>D:\study_software\ti\ccs\tools\compiler\ti-cgt-armllvm_4.0.4.LTS\lib\armv6m-ti-none-eabi\</path>
         <kind>archive</kind>
         <file>libclang_rt.builtins.a</file>
         <name>aeabi_memset.S.obj</name>
      </input_file>
      <input_file id="fl-ee">
         <path>D:\study_software\ti\ccs\tools\compiler\ti-cgt-armllvm_4.0.4.LTS\lib\armv6m-ti-none-eabi\</path>
         <kind>archive</kind>
         <file>libclang_rt.builtins.a</file>
         <name>aeabi_uidivmod.S.obj</name>
      </input_file>
      <input_file id="fl-ef">
         <path>D:\study_software\ti\ccs\tools\compiler\ti-cgt-armllvm_4.0.4.LTS\lib\armv6m-ti-none-eabi\</path>
         <kind>archive</kind>
         <file>libclang_rt.builtins.a</file>
         <name>comparesf2.S.obj</name>
      </input_file>
      <input_file id="fl-f0">
         <path>D:\study_software\ti\ccs\tools\compiler\ti-cgt-armllvm_4.0.4.LTS\lib\armv6m-ti-none-eabi\</path>
         <kind>archive</kind>
         <file>libclang_rt.builtins.a</file>
         <name>muldsi3.S.obj</name>
      </input_file>
      <input_file id="fl-f1">
         <path>D:\study_software\ti\ccs\tools\compiler\ti-cgt-armllvm_4.0.4.LTS\lib\armv6m-ti-none-eabi\</path>
         <kind>archive</kind>
         <file>libclang_rt.builtins.a</file>
         <name>aeabi_div0.c.obj</name>
      </input_file>
      <input_file id="fl-f2">
         <path>D:\study_software\ti\ccs\tools\compiler\ti-cgt-armllvm_4.0.4.LTS\lib\armv6m-ti-none-eabi\c\</path>
         <kind>archive</kind>
         <file>libc.a</file>
         <name>memcpy16.S.obj</name>
      </input_file>
      <input_file id="fl-f3">
         <path>D:\study_software\ti\ccs\tools\compiler\ti-cgt-armllvm_4.0.4.LTS\lib\armv6m-ti-none-eabi\c\</path>
         <kind>archive</kind>
         <file>libc.a</file>
         <name>memset16.S.obj</name>
      </input_file>
   </input_file_list>
   <object_component_list>
      <object_component id="oc-18">
         <name>.intvecs</name>
         <load_address>0x0</load_address>
         <readonly>true</readonly>
         <run_address>0x0</run_address>
         <size>0xc0</size>
         <alignment>0x4</alignment>
         <input_file_ref idref="fl-b"/>
      </object_component>
      <object_component id="oc-118">
         <name>.text.pvPortMalloc</name>
         <load_address>0xc0</load_address>
         <readonly>true</readonly>
         <executable>true</executable>
         <run_address>0xc0</run_address>
         <size>0x294</size>
         <alignment>0x4</alignment>
         <input_file_ref idref="fl-20"/>
      </object_component>
      <object_component id="oc-7f">
         <name>.text.xTaskIncrementTick</name>
         <load_address>0x354</load_address>
         <readonly>true</readonly>
         <executable>true</executable>
         <run_address>0x354</run_address>
         <size>0x210</size>
         <alignment>0x4</alignment>
         <input_file_ref idref="fl-1a"/>
      </object_component>
      <object_component id="oc-183">
         <name>.text.xTaskResumeAll</name>
         <load_address>0x564</load_address>
         <readonly>true</readonly>
         <executable>true</executable>
         <run_address>0x564</run_address>
         <size>0x1f8</size>
         <alignment>0x4</alignment>
         <input_file_ref idref="fl-1a"/>
      </object_component>
      <object_component id="oc-132">
         <name>.text.xQueueReceive</name>
         <load_address>0x75c</load_address>
         <readonly>true</readonly>
         <executable>true</executable>
         <run_address>0x75c</run_address>
         <size>0x1a4</size>
         <alignment>0x2</alignment>
         <input_file_ref idref="fl-19"/>
      </object_component>
      <object_component id="oc-1f2">
         <name>.text.vPortSuppressTicksAndSleep</name>
         <load_address>0x900</load_address>
         <readonly>true</readonly>
         <executable>true</executable>
         <run_address>0x900</run_address>
         <size>0x1a0</size>
         <alignment>0x4</alignment>
         <input_file_ref idref="fl-1c"/>
      </object_component>
      <object_component id="oc-1ad">
         <name>.text.xTaskRemoveFromEventList</name>
         <load_address>0xaa0</load_address>
         <readonly>true</readonly>
         <executable>true</executable>
         <run_address>0xaa0</run_address>
         <size>0x190</size>
         <alignment>0x4</alignment>
         <input_file_ref idref="fl-1a"/>
      </object_component>
      <object_component id="oc-1fe">
         <name>.text.prvProcessReceivedCommands</name>
         <load_address>0xc30</load_address>
         <readonly>true</readonly>
         <executable>true</executable>
         <run_address>0xc30</run_address>
         <size>0x15c</size>
         <alignment>0x4</alignment>
         <input_file_ref idref="fl-1b"/>
      </object_component>
      <object_component id="oc-121">
         <name>.text.prvAddNewTaskToReadyList</name>
         <load_address>0xd8c</load_address>
         <readonly>true</readonly>
         <executable>true</executable>
         <run_address>0xd8c</run_address>
         <size>0x128</size>
         <alignment>0x4</alignment>
         <input_file_ref idref="fl-1a"/>
      </object_component>
      <object_component id="oc-1e6">
         <name>.text.pxPortInitialiseStack</name>
         <load_address>0xeb4</load_address>
         <readonly>true</readonly>
         <executable>true</executable>
         <run_address>0xeb4</run_address>
         <size>0x114</size>
         <alignment>0x4</alignment>
         <input_file_ref idref="fl-1c"/>
      </object_component>
      <object_component id="oc-138">
         <name>.text.PID_Cal</name>
         <load_address>0xfc8</load_address>
         <readonly>true</readonly>
         <executable>true</executable>
         <run_address>0xfc8</run_address>
         <size>0x112</size>
         <alignment>0x2</alignment>
         <input_file_ref idref="fl-9"/>
      </object_component>
      <object_component id="oc-3e">
         <name>.text.Default_Handler</name>
         <load_address>0x10da</load_address>
         <readonly>true</readonly>
         <executable>true</executable>
         <run_address>0x10da</run_address>
         <size>0x2</size>
         <alignment>0x2</alignment>
         <input_file_ref idref="fl-b"/>
      </object_component>
      <object_component id="oc-1e2">
         <name>.text.prvInsertBlockIntoFreeList</name>
         <load_address>0x10dc</load_address>
         <readonly>true</readonly>
         <executable>true</executable>
         <run_address>0x10dc</run_address>
         <size>0x10c</size>
         <alignment>0x4</alignment>
         <input_file_ref idref="fl-20"/>
      </object_component>
      <object_component id="oc-1c">
         <name>.text.vTaskSwitchContext</name>
         <load_address>0x11e8</load_address>
         <readonly>true</readonly>
         <executable>true</executable>
         <run_address>0x11e8</run_address>
         <size>0x10c</size>
         <alignment>0x4</alignment>
         <input_file_ref idref="fl-1a"/>
      </object_component>
      <object_component id="oc-159">
         <name>.text.DL_Timer_initFourCCPWMMode</name>
         <load_address>0x12f4</load_address>
         <readonly>true</readonly>
         <executable>true</executable>
         <run_address>0x12f4</run_address>
         <size>0x104</size>
         <alignment>0x4</alignment>
         <input_file_ref idref="fl-24"/>
      </object_component>
      <object_component id="oc-18e">
         <name>.text.prvInitialiseNewTask</name>
         <load_address>0x13f8</load_address>
         <readonly>true</readonly>
         <executable>true</executable>
         <run_address>0x13f8</run_address>
         <size>0x104</size>
         <alignment>0x2</alignment>
         <input_file_ref idref="fl-1a"/>
      </object_component>
      <object_component id="oc-18d">
         <name>.text.vPortFree</name>
         <load_address>0x14fc</load_address>
         <readonly>true</readonly>
         <executable>true</executable>
         <run_address>0x14fc</run_address>
         <size>0xf8</size>
         <alignment>0x4</alignment>
         <input_file_ref idref="fl-20"/>
      </object_component>
      <object_component id="oc-1aa">
         <name>.text.prvAddCurrentTaskToDelayedList</name>
         <load_address>0x15f4</load_address>
         <readonly>true</readonly>
         <executable>true</executable>
         <run_address>0x15f4</run_address>
         <size>0xe4</size>
         <alignment>0x4</alignment>
         <input_file_ref idref="fl-1a"/>
      </object_component>
      <object_component id="oc-18c">
         <name>.text.xQueueGenericReset</name>
         <load_address>0x16d8</load_address>
         <readonly>true</readonly>
         <executable>true</executable>
         <run_address>0x16d8</run_address>
         <size>0xe4</size>
         <alignment>0x2</alignment>
         <input_file_ref idref="fl-19"/>
      </object_component>
      <object_component id="oc-fb">
         <name>.text.SYSCFG_DL_GPIO_init</name>
         <load_address>0x17bc</load_address>
         <readonly>true</readonly>
         <executable>true</executable>
         <run_address>0x17bc</run_address>
         <size>0xe0</size>
         <alignment>0x4</alignment>
         <input_file_ref idref="fl-1"/>
      </object_component>
      <object_component id="oc-d1">
         <name>.text.DI_Motor_Task</name>
         <load_address>0x189c</load_address>
         <readonly>true</readonly>
         <executable>true</executable>
         <run_address>0x189c</run_address>
         <size>0xd8</size>
         <alignment>0x4</alignment>
         <input_file_ref idref="fl-4"/>
      </object_component>
      <object_component id="oc-1b4">
         <name>.text</name>
         <load_address>0x1974</load_address>
         <readonly>true</readonly>
         <executable>true</executable>
         <run_address>0x1974</run_address>
         <size>0xd8</size>
         <alignment>0x4</alignment>
         <input_file_ref idref="fl-e7"/>
      </object_component>
      <object_component id="oc-122">
         <name>.text.prvCreateIdleTasks</name>
         <load_address>0x1a4c</load_address>
         <readonly>true</readonly>
         <executable>true</executable>
         <run_address>0x1a4c</run_address>
         <size>0xcc</size>
         <alignment>0x4</alignment>
         <input_file_ref idref="fl-1a"/>
      </object_component>
      <object_component id="oc-94">
         <name>.text.main</name>
         <load_address>0x1b18</load_address>
         <readonly>true</readonly>
         <executable>true</executable>
         <run_address>0x1b18</run_address>
         <size>0xc0</size>
         <alignment>0x4</alignment>
         <input_file_ref idref="fl-3"/>
      </object_component>
      <object_component id="oc-1b2">
         <name>.text.prvUnlockQueue</name>
         <load_address>0x1bd8</load_address>
         <readonly>true</readonly>
         <executable>true</executable>
         <run_address>0x1bd8</run_address>
         <size>0xb6</size>
         <alignment>0x2</alignment>
         <input_file_ref idref="fl-19"/>
      </object_component>
      <object_component id="oc-17b">
         <name>.text.__aeabi_idiv0</name>
         <load_address>0x1c8e</load_address>
         <readonly>true</readonly>
         <executable>true</executable>
         <run_address>0x1c8e</run_address>
         <size>0x2</size>
         <alignment>0x2</alignment>
         <input_file_ref idref="fl-f1"/>
      </object_component>
      <object_component id="oc-1af">
         <name>.text.xTaskCheckForTimeOut</name>
         <load_address>0x1c90</load_address>
         <readonly>true</readonly>
         <executable>true</executable>
         <run_address>0x1c90</run_address>
         <size>0xb4</size>
         <alignment>0x4</alignment>
         <input_file_ref idref="fl-1a"/>
      </object_component>
      <object_component id="oc-46">
         <name>.text.GROUP1_IRQHandler</name>
         <load_address>0x1d44</load_address>
         <readonly>true</readonly>
         <executable>true</executable>
         <run_address>0x1d44</run_address>
         <size>0xa4</size>
         <alignment>0x4</alignment>
         <input_file_ref idref="fl-7"/>
      </object_component>
      <object_component id="oc-fd">
         <name>.text.SYSCFG_DL_PWM_DI_init</name>
         <load_address>0x1de8</load_address>
         <readonly>true</readonly>
         <executable>true</executable>
         <run_address>0x1de8</run_address>
         <size>0xa0</size>
         <alignment>0x4</alignment>
         <input_file_ref idref="fl-1"/>
      </object_component>
      <object_component id="oc-182">
         <name>.text.prvHeapInit</name>
         <load_address>0x1e88</load_address>
         <readonly>true</readonly>
         <executable>true</executable>
         <run_address>0x1e88</run_address>
         <size>0xa0</size>
         <alignment>0x4</alignment>
         <input_file_ref idref="fl-20"/>
      </object_component>
      <object_component id="oc-1f3">
         <name>.text.xQueueGenericCreateStatic</name>
         <load_address>0x1f28</load_address>
         <readonly>true</readonly>
         <executable>true</executable>
         <run_address>0x1f28</run_address>
         <size>0xa0</size>
         <alignment>0x2</alignment>
         <input_file_ref idref="fl-19"/>
      </object_component>
      <object_component id="oc-ab">
         <name>.text:memcpy</name>
         <load_address>0x1fc8</load_address>
         <readonly>true</readonly>
         <executable>true</executable>
         <run_address>0x1fc8</run_address>
         <size>0x9a</size>
         <alignment>0x1</alignment>
         <input_file_ref idref="fl-f2"/>
      </object_component>
      <object_component id="oc-1ef">
         <name>.text.prvCreateStaticTask</name>
         <load_address>0x2062</load_address>
         <readonly>true</readonly>
         <executable>true</executable>
         <run_address>0x2062</run_address>
         <size>0x98</size>
         <alignment>0x2</alignment>
         <input_file_ref idref="fl-1a"/>
      </object_component>
      <object_component id="oc-50">
         <name>.text.vApplicationStackOverflowHook</name>
         <load_address>0x20fa</load_address>
         <readonly>true</readonly>
         <executable>true</executable>
         <run_address>0x20fa</run_address>
         <size>0x2</size>
         <alignment>0x2</alignment>
         <input_file_ref idref="fl-3"/>
      </object_component>
      <object_component id="oc-f9">
         <name>.text.SYSCFG_DL_initPower</name>
         <load_address>0x20fc</load_address>
         <readonly>true</readonly>
         <executable>true</executable>
         <run_address>0x20fc</run_address>
         <size>0x94</size>
         <alignment>0x4</alignment>
         <input_file_ref idref="fl-1"/>
      </object_component>
      <object_component id="oc-bf">
         <name>.text.xQueueGenericCreate</name>
         <load_address>0x2190</load_address>
         <readonly>true</readonly>
         <executable>true</executable>
         <run_address>0x2190</run_address>
         <size>0x94</size>
         <alignment>0x2</alignment>
         <input_file_ref idref="fl-19"/>
      </object_component>
      <object_component id="oc-1b8">
         <name>.text.__mulsf3</name>
         <load_address>0x2224</load_address>
         <readonly>true</readonly>
         <executable>true</executable>
         <run_address>0x2224</run_address>
         <size>0x8c</size>
         <alignment>0x4</alignment>
         <input_file_ref idref="fl-e8"/>
      </object_component>
      <object_component id="oc-1fd">
         <name>.text.prvProcessTimerOrBlockTask</name>
         <load_address>0x22b0</load_address>
         <readonly>true</readonly>
         <executable>true</executable>
         <run_address>0x22b0</run_address>
         <size>0x8c</size>
         <alignment>0x4</alignment>
         <input_file_ref idref="fl-1b"/>
      </object_component>
      <object_component id="oc-120">
         <name>.text.prvCreateTask</name>
         <load_address>0x233c</load_address>
         <readonly>true</readonly>
         <executable>true</executable>
         <run_address>0x233c</run_address>
         <size>0x84</size>
         <alignment>0x2</alignment>
         <input_file_ref idref="fl-1a"/>
      </object_component>
      <object_component id="oc-21c">
         <name>.text.prvInsertTimerInActiveList</name>
         <load_address>0x23c0</load_address>
         <readonly>true</readonly>
         <executable>true</executable>
         <run_address>0x23c0</run_address>
         <size>0x84</size>
         <alignment>0x4</alignment>
         <input_file_ref idref="fl-1b"/>
      </object_component>
      <object_component id="oc-218">
         <name>.text.vTaskStepTick</name>
         <load_address>0x2444</load_address>
         <readonly>true</readonly>
         <executable>true</executable>
         <run_address>0x2444</run_address>
         <size>0x84</size>
         <alignment>0x4</alignment>
         <input_file_ref idref="fl-1a"/>
      </object_component>
      <object_component id="oc-1bc">
         <name>.text.__divsf3</name>
         <load_address>0x24c8</load_address>
         <readonly>true</readonly>
         <executable>true</executable>
         <run_address>0x24c8</run_address>
         <size>0x82</size>
         <alignment>0x4</alignment>
         <input_file_ref idref="fl-e9"/>
      </object_component>
      <object_component id="oc-102">
         <name>.text.SYSCFG_DL_UART_0_init</name>
         <load_address>0x254c</load_address>
         <readonly>true</readonly>
         <executable>true</executable>
         <run_address>0x254c</run_address>
         <size>0x80</size>
         <alignment>0x4</alignment>
         <input_file_ref idref="fl-1"/>
      </object_component>
      <object_component id="oc-103">
         <name>.text.SYSCFG_DL_UART_1_init</name>
         <load_address>0x25cc</load_address>
         <readonly>true</readonly>
         <executable>true</executable>
         <run_address>0x25cc</run_address>
         <size>0x80</size>
         <alignment>0x4</alignment>
         <input_file_ref idref="fl-1"/>
      </object_component>
      <object_component id="oc-104">
         <name>.text.SYSCFG_DL_UART_2_init</name>
         <load_address>0x264c</load_address>
         <readonly>true</readonly>
         <executable>true</executable>
         <run_address>0x264c</run_address>
         <size>0x80</size>
         <alignment>0x4</alignment>
         <input_file_ref idref="fl-1"/>
      </object_component>
      <object_component id="oc-105">
         <name>.text.SYSCFG_DL_UART_3_init</name>
         <load_address>0x26cc</load_address>
         <readonly>true</readonly>
         <executable>true</executable>
         <run_address>0x26cc</run_address>
         <size>0x80</size>
         <alignment>0x4</alignment>
         <input_file_ref idref="fl-1"/>
      </object_component>
      <object_component id="oc-128">
         <name>.text.xPortStartScheduler</name>
         <load_address>0x274c</load_address>
         <readonly>true</readonly>
         <executable>true</executable>
         <run_address>0x274c</run_address>
         <size>0x80</size>
         <alignment>0x4</alignment>
         <input_file_ref idref="fl-1c"/>
      </object_component>
      <object_component id="oc-217">
         <name>.text.eTaskConfirmSleepModeStatus</name>
         <load_address>0x27cc</load_address>
         <readonly>true</readonly>
         <executable>true</executable>
         <run_address>0x27cc</run_address>
         <size>0x7c</size>
         <alignment>0x4</alignment>
         <input_file_ref idref="fl-1a"/>
      </object_component>
      <object_component id="oc-190">
         <name>.text.prvInitialiseTaskLists</name>
         <load_address>0x2848</load_address>
         <readonly>true</readonly>
         <executable>true</executable>
         <run_address>0x2848</run_address>
         <size>0x7c</size>
         <alignment>0x4</alignment>
         <input_file_ref idref="fl-1a"/>
      </object_component>
      <object_component id="oc-123">
         <name>.text.xTimerCreateTimerTask</name>
         <load_address>0x28c4</load_address>
         <readonly>true</readonly>
         <executable>true</executable>
         <run_address>0x28c4</run_address>
         <size>0x7c</size>
         <alignment>0x4</alignment>
         <input_file_ref idref="fl-1b"/>
      </object_component>
      <object_component id="oc-27">
         <name>.text:decompress:lzss</name>
         <load_address>0x2940</load_address>
         <readonly>true</readonly>
         <executable>true</executable>
         <run_address>0x2940</run_address>
         <size>0x7c</size>
         <alignment>0x4</alignment>
         <input_file_ref idref="fl-43"/>
      </object_component>
      <object_component id="oc-fe">
         <name>.text.SYSCFG_DL_PWM_Step1_init</name>
         <load_address>0x29bc</load_address>
         <readonly>true</readonly>
         <executable>true</executable>
         <run_address>0x29bc</run_address>
         <size>0x78</size>
         <alignment>0x4</alignment>
         <input_file_ref idref="fl-1"/>
      </object_component>
      <object_component id="oc-1f1">
         <name>.text.prvGetExpectedIdleTime</name>
         <load_address>0x2a34</load_address>
         <readonly>true</readonly>
         <executable>true</executable>
         <run_address>0x2a34</run_address>
         <size>0x78</size>
         <alignment>0x4</alignment>
         <input_file_ref idref="fl-1a"/>
      </object_component>
      <object_component id="oc-223">
         <name>.text.vTaskPlaceOnEventListRestricted</name>
         <load_address>0x2aac</load_address>
         <readonly>true</readonly>
         <executable>true</executable>
         <run_address>0x2aac</run_address>
         <size>0x74</size>
         <alignment>0x4</alignment>
         <input_file_ref idref="fl-1a"/>
      </object_component>
      <object_component id="oc-ff">
         <name>.text.SYSCFG_DL_PWM_Step2_init</name>
         <load_address>0x2b20</load_address>
         <readonly>true</readonly>
         <executable>true</executable>
         <run_address>0x2b20</run_address>
         <size>0x6c</size>
         <alignment>0x4</alignment>
         <input_file_ref idref="fl-1"/>
      </object_component>
      <object_component id="oc-19e">
         <name>.text.prvCheckForValidListAndQueue</name>
         <load_address>0x2b8c</load_address>
         <readonly>true</readonly>
         <executable>true</executable>
         <run_address>0x2b8c</run_address>
         <size>0x6c</size>
         <alignment>0x4</alignment>
         <input_file_ref idref="fl-1b"/>
      </object_component>
      <object_component id="oc-203">
         <name>.text.vListInsert</name>
         <load_address>0x2bf8</load_address>
         <readonly>true</readonly>
         <executable>true</executable>
         <run_address>0x2bf8</run_address>
         <size>0x6c</size>
         <alignment>0x2</alignment>
         <input_file_ref idref="fl-21"/>
      </object_component>
      <object_component id="oc-21b">
         <name>.text.vQueueWaitForMessageRestricted</name>
         <load_address>0x2c64</load_address>
         <readonly>true</readonly>
         <executable>true</executable>
         <run_address>0x2c64</run_address>
         <size>0x6a</size>
         <alignment>0x2</alignment>
         <input_file_ref idref="fl-19"/>
      </object_component>
      <object_component id="oc-c5">
         <name>.text.vTaskStartScheduler</name>
         <load_address>0x2cd0</load_address>
         <readonly>true</readonly>
         <executable>true</executable>
         <run_address>0x2cd0</run_address>
         <size>0x68</size>
         <alignment>0x4</alignment>
         <input_file_ref idref="fl-1a"/>
      </object_component>
      <object_component id="oc-1c0">
         <name>.text.__aeabi_fcmp</name>
         <load_address>0x2d38</load_address>
         <readonly>true</readonly>
         <executable>true</executable>
         <run_address>0x2d38</run_address>
         <size>0x62</size>
         <alignment>0x4</alignment>
         <input_file_ref idref="fl-eb"/>
      </object_component>
      <object_component id="oc-f8">
         <name>.text:memset</name>
         <load_address>0x2d9a</load_address>
         <readonly>true</readonly>
         <executable>true</executable>
         <run_address>0x2d9a</run_address>
         <size>0x62</size>
         <alignment>0x1</alignment>
         <input_file_ref idref="fl-f3"/>
      </object_component>
      <object_component id="oc-b0">
         <name>.text.SYSCFG_DL_init</name>
         <load_address>0x2dfc</load_address>
         <readonly>true</readonly>
         <executable>true</executable>
         <run_address>0x2dfc</run_address>
         <size>0x5c</size>
         <alignment>0x4</alignment>
         <input_file_ref idref="fl-1"/>
      </object_component>
      <object_component id="oc-19c">
         <name>.text.prvIdleTask</name>
         <load_address>0x2e58</load_address>
         <readonly>true</readonly>
         <executable>true</executable>
         <run_address>0x2e58</run_address>
         <size>0x5c</size>
         <alignment>0x4</alignment>
         <input_file_ref idref="fl-1a"/>
      </object_component>
      <object_component id="oc-101">
         <name>.text.SYSCFG_DL_I2C_0_init</name>
         <load_address>0x2eb4</load_address>
         <readonly>true</readonly>
         <executable>true</executable>
         <run_address>0x2eb4</run_address>
         <size>0x54</size>
         <alignment>0x4</alignment>
         <input_file_ref idref="fl-1"/>
      </object_component>
      <object_component id="oc-100">
         <name>.text.SYSCFG_DL_QEI_0_init</name>
         <load_address>0x2f08</load_address>
         <readonly>true</readonly>
         <executable>true</executable>
         <run_address>0x2f08</run_address>
         <size>0x54</size>
         <alignment>0x4</alignment>
         <input_file_ref idref="fl-1"/>
      </object_component>
      <object_component id="oc-1a6">
         <name>.text.vPortSetupTimerInterrupt</name>
         <load_address>0x2f5c</load_address>
         <readonly>true</readonly>
         <executable>true</executable>
         <run_address>0x2f5c</run_address>
         <size>0x54</size>
         <alignment>0x4</alignment>
         <input_file_ref idref="fl-1c"/>
      </object_component>
      <object_component id="oc-1f0">
         <name>.text.prvCheckTasksWaitingTermination</name>
         <load_address>0x2fb0</load_address>
         <readonly>true</readonly>
         <executable>true</executable>
         <run_address>0x2fb0</run_address>
         <size>0x50</size>
         <alignment>0x4</alignment>
         <input_file_ref idref="fl-1a"/>
      </object_component>
      <object_component id="oc-215">
         <name>.text.prvDeleteTCB</name>
         <load_address>0x3000</load_address>
         <readonly>true</readonly>
         <executable>true</executable>
         <run_address>0x3000</run_address>
         <size>0x50</size>
         <alignment>0x2</alignment>
         <input_file_ref idref="fl-1a"/>
      </object_component>
      <object_component id="oc-21a">
         <name>.text.prvProcessExpiredTimer</name>
         <load_address>0x3050</load_address>
         <readonly>true</readonly>
         <executable>true</executable>
         <run_address>0x3050</run_address>
         <size>0x50</size>
         <alignment>0x4</alignment>
         <input_file_ref idref="fl-1b"/>
      </object_component>
      <object_component id="oc-12e">
         <name>.text.vTaskDelay</name>
         <load_address>0x30a0</load_address>
         <readonly>true</readonly>
         <executable>true</executable>
         <run_address>0x30a0</run_address>
         <size>0x50</size>
         <alignment>0x4</alignment>
         <input_file_ref idref="fl-1a"/>
      </object_component>
      <object_component id="oc-19a">
         <name>.text.xTaskCreateStatic</name>
         <load_address>0x30f0</load_address>
         <readonly>true</readonly>
         <executable>true</executable>
         <run_address>0x30f0</run_address>
         <size>0x4c</size>
         <alignment>0x2</alignment>
         <input_file_ref idref="fl-1a"/>
      </object_component>
      <object_component id="oc-170">
         <name>.text.DL_UART_init</name>
         <load_address>0x313c</load_address>
         <readonly>true</readonly>
         <executable>true</executable>
         <run_address>0x313c</run_address>
         <size>0x48</size>
         <alignment>0x4</alignment>
         <input_file_ref idref="fl-25"/>
      </object_component>
      <object_component id="oc-202">
         <name>.text.uxListRemove</name>
         <load_address>0x3184</load_address>
         <readonly>true</readonly>
         <executable>true</executable>
         <run_address>0x3184</run_address>
         <size>0x48</size>
         <alignment>0x2</alignment>
         <input_file_ref idref="fl-21"/>
      </object_component>
      <object_component id="oc-c4">
         <name>.text.xTaskCreate</name>
         <load_address>0x31cc</load_address>
         <readonly>true</readonly>
         <executable>true</executable>
         <run_address>0x31cc</run_address>
         <size>0x48</size>
         <alignment>0x2</alignment>
         <input_file_ref idref="fl-1a"/>
      </object_component>
      <object_component id="oc-11d">
         <name>.text.prvInitialiseNewQueue</name>
         <load_address>0x3214</load_address>
         <readonly>true</readonly>
         <executable>true</executable>
         <run_address>0x3214</run_address>
         <size>0x46</size>
         <alignment>0x2</alignment>
         <input_file_ref idref="fl-19"/>
      </object_component>
      <object_component id="oc-80">
         <name>.text.vClearInterruptMask</name>
         <load_address>0x325a</load_address>
         <readonly>true</readonly>
         <executable>true</executable>
         <run_address>0x325a</run_address>
         <size>0x6</size>
         <alignment>0x2</alignment>
         <input_file_ref idref="fl-1d"/>
      </object_component>
      <object_component id="oc-44">
         <name>.text.PendSV_Handler</name>
         <load_address>0x3260</load_address>
         <readonly>true</readonly>
         <executable>true</executable>
         <run_address>0x3260</run_address>
         <size>0x44</size>
         <alignment>0x10</alignment>
         <input_file_ref idref="fl-1d"/>
      </object_component>
      <object_component id="oc-1ac">
         <name>.text.prvCopyDataFromQueue</name>
         <load_address>0x32a4</load_address>
         <readonly>true</readonly>
         <executable>true</executable>
         <run_address>0x32a4</run_address>
         <size>0x44</size>
         <alignment>0x2</alignment>
         <input_file_ref idref="fl-19"/>
      </object_component>
      <object_component id="oc-221">
         <name>.text.prvSwitchTimerLists</name>
         <load_address>0x32e8</load_address>
         <readonly>true</readonly>
         <executable>true</executable>
         <run_address>0x32e8</run_address>
         <size>0x44</size>
         <alignment>0x4</alignment>
         <input_file_ref idref="fl-1b"/>
      </object_component>
      <object_component id="oc-114">
         <name>.text.__aeabi_uidivmod</name>
         <load_address>0x332c</load_address>
         <readonly>true</readonly>
         <executable>true</executable>
         <run_address>0x332c</run_address>
         <size>0x40</size>
         <alignment>0x4</alignment>
         <input_file_ref idref="fl-ee"/>
      </object_component>
      <object_component id="oc-134">
         <name>.text.__floatsisf</name>
         <load_address>0x336c</load_address>
         <readonly>true</readonly>
         <executable>true</executable>
         <run_address>0x336c</run_address>
         <size>0x3c</size>
         <alignment>0x4</alignment>
         <input_file_ref idref="fl-ea"/>
      </object_component>
      <object_component id="oc-211">
         <name>.text.__gtsf2</name>
         <load_address>0x33a8</load_address>
         <readonly>true</readonly>
         <executable>true</executable>
         <run_address>0x33a8</run_address>
         <size>0x3c</size>
         <alignment>0x4</alignment>
         <input_file_ref idref="fl-ef"/>
      </object_component>
      <object_component id="oc-219">
         <name>.text.prvSampleTimeNow</name>
         <load_address>0x33e4</load_address>
         <readonly>true</readonly>
         <executable>true</executable>
         <run_address>0x33e4</run_address>
         <size>0x3c</size>
         <alignment>0x4</alignment>
         <input_file_ref idref="fl-1b"/>
      </object_component>
      <object_component id="oc-e0">
         <name>.text:__TI_auto_init_nobinit_nopinit</name>
         <load_address>0x3420</load_address>
         <readonly>true</readonly>
         <executable>true</executable>
         <run_address>0x3420</run_address>
         <size>0x3c</size>
         <alignment>0x4</alignment>
         <input_file_ref idref="fl-3e"/>
      </object_component>
      <object_component id="oc-20c">
         <name>.text.__eqsf2</name>
         <load_address>0x345c</load_address>
         <readonly>true</readonly>
         <executable>true</executable>
         <run_address>0x345c</run_address>
         <size>0x3a</size>
         <alignment>0x4</alignment>
         <input_file_ref idref="fl-ef"/>
      </object_component>
      <object_component id="oc-206">
         <name>.text.__muldsi3</name>
         <load_address>0x3498</load_address>
         <readonly>true</readonly>
         <executable>true</executable>
         <run_address>0x3498</run_address>
         <size>0x3a</size>
         <alignment>0x4</alignment>
         <input_file_ref idref="fl-f0"/>
      </object_component>
      <object_component id="oc-1fc">
         <name>.text.prvGetNextExpireTime</name>
         <load_address>0x34d4</load_address>
         <readonly>true</readonly>
         <executable>true</executable>
         <run_address>0x34d4</run_address>
         <size>0x38</size>
         <alignment>0x4</alignment>
         <input_file_ref idref="fl-1b"/>
      </object_component>
      <object_component id="oc-1ab">
         <name>.text.xTaskGetSchedulerState</name>
         <load_address>0x350c</load_address>
         <readonly>true</readonly>
         <executable>true</executable>
         <run_address>0x350c</run_address>
         <size>0x38</size>
         <alignment>0x4</alignment>
         <input_file_ref idref="fl-1a"/>
      </object_component>
      <object_component id="oc-21d">
         <name>.text.prvReloadTimer</name>
         <load_address>0x3544</load_address>
         <readonly>true</readonly>
         <executable>true</executable>
         <run_address>0x3544</run_address>
         <size>0x36</size>
         <alignment>0x2</alignment>
         <input_file_ref idref="fl-1b"/>
      </object_component>
      <object_component id="oc-1b1">
         <name>.text.vTaskPlaceOnEventList</name>
         <load_address>0x357c</load_address>
         <readonly>true</readonly>
         <executable>true</executable>
         <run_address>0x357c</run_address>
         <size>0x34</size>
         <alignment>0x4</alignment>
         <input_file_ref idref="fl-1a"/>
      </object_component>
      <object_component id="oc-d5">
         <name>.text.Step_Motor_Task</name>
         <load_address>0x35b0</load_address>
         <readonly>true</readonly>
         <executable>true</executable>
         <run_address>0x35b0</run_address>
         <size>0x30</size>
         <alignment>0x4</alignment>
         <input_file_ref idref="fl-5"/>
      </object_component>
      <object_component id="oc-45">
         <name>.text.SysTick_Handler</name>
         <load_address>0x35e0</load_address>
         <readonly>true</readonly>
         <executable>true</executable>
         <run_address>0x35e0</run_address>
         <size>0x30</size>
         <alignment>0x4</alignment>
         <input_file_ref idref="fl-1c"/>
      </object_component>
      <object_component id="oc-cc">
         <name>.text.Uart_Task</name>
         <load_address>0x3610</load_address>
         <readonly>true</readonly>
         <executable>true</executable>
         <run_address>0x3610</run_address>
         <size>0x30</size>
         <alignment>0x4</alignment>
         <input_file_ref idref="fl-6"/>
      </object_component>
      <object_component id="oc-9f">
         <name>.text.prvResetNextTaskUnblockTime</name>
         <load_address>0x3640</load_address>
         <readonly>true</readonly>
         <executable>true</executable>
         <run_address>0x3640</run_address>
         <size>0x30</size>
         <alignment>0x4</alignment>
         <input_file_ref idref="fl-1a"/>
      </object_component>
      <object_component id="oc-1a8">
         <name>.text.prvTaskExitError</name>
         <load_address>0x3670</load_address>
         <readonly>true</readonly>
         <executable>true</executable>
         <run_address>0x3670</run_address>
         <size>0x30</size>
         <alignment>0x4</alignment>
         <input_file_ref idref="fl-1c"/>
      </object_component>
      <object_component id="oc-20">
         <name>.text.vPortSVCHandler_C</name>
         <load_address>0x36a0</load_address>
         <readonly>true</readonly>
         <executable>true</executable>
         <run_address>0x36a0</run_address>
         <size>0x2e</size>
         <alignment>0x2</alignment>
         <input_file_ref idref="fl-1c"/>
      </object_component>
      <object_component id="oc-1dd">
         <name>.text.vListInitialise</name>
         <load_address>0x36ce</load_address>
         <readonly>true</readonly>
         <executable>true</executable>
         <run_address>0x36ce</run_address>
         <size>0x2c</size>
         <alignment>0x2</alignment>
         <input_file_ref idref="fl-21"/>
      </object_component>
      <object_component id="oc-191">
         <name>.text.vPortExitCritical</name>
         <load_address>0x36fc</load_address>
         <readonly>true</readonly>
         <executable>true</executable>
         <run_address>0x36fc</run_address>
         <size>0x2c</size>
         <alignment>0x4</alignment>
         <input_file_ref idref="fl-1c"/>
      </object_component>
      <object_component id="oc-1b0">
         <name>.text.prvIsQueueEmpty</name>
         <load_address>0x3728</load_address>
         <readonly>true</readonly>
         <executable>true</executable>
         <run_address>0x3728</run_address>
         <size>0x2a</size>
         <alignment>0x2</alignment>
         <input_file_ref idref="fl-19"/>
      </object_component>
      <object_component id="oc-195">
         <name>.text.vApplicationGetIdleTaskMemory</name>
         <load_address>0x3754</load_address>
         <readonly>true</readonly>
         <executable>true</executable>
         <run_address>0x3754</run_address>
         <size>0x28</size>
         <alignment>0x4</alignment>
         <input_file_ref idref="fl-1f"/>
      </object_component>
      <object_component id="oc-19f">
         <name>.text.vApplicationGetTimerTaskMemory</name>
         <load_address>0x377c</load_address>
         <readonly>true</readonly>
         <executable>true</executable>
         <run_address>0x377c</run_address>
         <size>0x28</size>
         <alignment>0x4</alignment>
         <input_file_ref idref="fl-1f"/>
      </object_component>
      <object_component id="oc-75">
         <name>.text:_c_int00_noargs</name>
         <load_address>0x37a4</load_address>
         <readonly>true</readonly>
         <executable>true</executable>
         <run_address>0x37a4</run_address>
         <size>0x28</size>
         <alignment>0x4</alignment>
         <input_file_ref idref="fl-3c"/>
      </object_component>
      <object_component id="oc-163">
         <name>.text.DL_I2C_setClockConfig</name>
         <load_address>0x37cc</load_address>
         <readonly>true</readonly>
         <executable>true</executable>
         <run_address>0x37cc</run_address>
         <size>0x26</size>
         <alignment>0x2</alignment>
         <input_file_ref idref="fl-23"/>
      </object_component>
      <object_component id="oc-bb">
         <name>.text.PWM_Set_DI_R</name>
         <load_address>0x37f4</load_address>
         <readonly>true</readonly>
         <executable>true</executable>
         <run_address>0x37f4</run_address>
         <size>0x24</size>
         <alignment>0x4</alignment>
         <input_file_ref idref="fl-a"/>
      </object_component>
      <object_component id="oc-65">
         <name>.text.__aeabi_memcpy</name>
         <load_address>0x3818</load_address>
         <readonly>true</readonly>
         <executable>true</executable>
         <run_address>0x3818</run_address>
         <size>0x8</size>
         <alignment>0x4</alignment>
         <input_file_ref idref="fl-ec"/>
      </object_component>
      <object_component id="oc-3f">
         <name>.text.SVC_Handler</name>
         <load_address>0x3820</load_address>
         <readonly>true</readonly>
         <executable>true</executable>
         <run_address>0x3820</run_address>
         <size>0x24</size>
         <alignment>0x10</alignment>
         <input_file_ref idref="fl-1d"/>
      </object_component>
      <object_component id="oc-133">
         <name>.text.Encoder_Get</name>
         <load_address>0x3844</load_address>
         <readonly>true</readonly>
         <executable>true</executable>
         <run_address>0x3844</run_address>
         <size>0xc</size>
         <alignment>0x4</alignment>
         <input_file_ref idref="fl-7"/>
      </object_component>
      <object_component id="oc-59">
         <name>.text.vRestoreContextOfFirstTask</name>
         <load_address>0x3850</load_address>
         <readonly>true</readonly>
         <executable>true</executable>
         <run_address>0x3850</run_address>
         <size>0x24</size>
         <alignment>0x10</alignment>
         <input_file_ref idref="fl-1d"/>
      </object_component>
      <object_component id="oc-b5">
         <name>.text.PWM_Set_DI_L</name>
         <load_address>0x3874</load_address>
         <readonly>true</readonly>
         <executable>true</executable>
         <run_address>0x3874</run_address>
         <size>0x20</size>
         <alignment>0x4</alignment>
         <input_file_ref idref="fl-a"/>
      </object_component>
      <object_component id="oc-bc">
         <name>.text.PWM_Set_Step_L</name>
         <load_address>0x3894</load_address>
         <readonly>true</readonly>
         <executable>true</executable>
         <run_address>0x3894</run_address>
         <size>0x20</size>
         <alignment>0x4</alignment>
         <input_file_ref idref="fl-a"/>
      </object_component>
      <object_component id="oc-bd">
         <name>.text.PWM_Set_Step_R</name>
         <load_address>0x38b4</load_address>
         <readonly>true</readonly>
         <executable>true</executable>
         <run_address>0x38b4</run_address>
         <size>0x20</size>
         <alignment>0x4</alignment>
         <input_file_ref idref="fl-a"/>
      </object_component>
      <object_component id="oc-1ae">
         <name>.text.vTaskInternalSetTimeOutState</name>
         <load_address>0x38d4</load_address>
         <readonly>true</readonly>
         <executable>true</executable>
         <run_address>0x38d4</run_address>
         <size>0x20</size>
         <alignment>0x4</alignment>
         <input_file_ref idref="fl-1a"/>
      </object_component>
      <object_component id="oc-1a1">
         <name>.text.prvTimerTask</name>
         <load_address>0x38f4</load_address>
         <readonly>true</readonly>
         <executable>true</executable>
         <run_address>0x38f4</run_address>
         <size>0x1e</size>
         <alignment>0x2</alignment>
         <input_file_ref idref="fl-1b"/>
      </object_component>
      <object_component id="oc-15b">
         <name>.text.DL_Timer_setCaptCompUpdateMethod</name>
         <load_address>0x3914</load_address>
         <readonly>true</readonly>
         <executable>true</executable>
         <run_address>0x3914</run_address>
         <size>0x1c</size>
         <alignment>0x4</alignment>
         <input_file_ref idref="fl-24"/>
      </object_component>
      <object_component id="oc-158">
         <name>.text.DL_Timer_setClockConfig</name>
         <load_address>0x3930</load_address>
         <readonly>true</readonly>
         <executable>true</executable>
         <run_address>0x3930</run_address>
         <size>0x1c</size>
         <alignment>0x4</alignment>
         <input_file_ref idref="fl-24"/>
      </object_component>
      <object_component id="oc-fc">
         <name>.text.SYSCFG_DL_SYSCTL_init</name>
         <load_address>0x394c</load_address>
         <readonly>true</readonly>
         <executable>true</executable>
         <run_address>0x394c</run_address>
         <size>0x1c</size>
         <alignment>0x4</alignment>
         <input_file_ref idref="fl-1"/>
      </object_component>
      <object_component id="oc-15a">
         <name>.text.DL_Timer_setCaptureCompareOutCtl</name>
         <load_address>0x3968</load_address>
         <readonly>true</readonly>
         <executable>true</executable>
         <run_address>0x3968</run_address>
         <size>0x18</size>
         <alignment>0x4</alignment>
         <input_file_ref idref="fl-24"/>
      </object_component>
      <object_component id="oc-be">
         <name>.text.Encoder_Read_AB</name>
         <load_address>0x3980</load_address>
         <readonly>true</readonly>
         <executable>true</executable>
         <run_address>0x3980</run_address>
         <size>0x18</size>
         <alignment>0x4</alignment>
         <input_file_ref idref="fl-7"/>
      </object_component>
      <object_component id="oc-18f">
         <name>.text.vPortEnterCritical</name>
         <load_address>0x3998</load_address>
         <readonly>true</readonly>
         <executable>true</executable>
         <run_address>0x3998</run_address>
         <size>0x18</size>
         <alignment>0x4</alignment>
         <input_file_ref idref="fl-1c"/>
      </object_component>
      <object_component id="oc-192">
         <name>.text.vPortYield</name>
         <load_address>0x39b0</load_address>
         <readonly>true</readonly>
         <executable>true</executable>
         <run_address>0x39b0</run_address>
         <size>0x18</size>
         <alignment>0x4</alignment>
         <input_file_ref idref="fl-1c"/>
      </object_component>
      <object_component id="oc-220">
         <name>.text.xTaskGetTickCount</name>
         <load_address>0x39c8</load_address>
         <readonly>true</readonly>
         <executable>true</executable>
         <run_address>0x39c8</run_address>
         <size>0x14</size>
         <alignment>0x4</alignment>
         <input_file_ref idref="fl-1a"/>
      </object_component>
      <object_component id="oc-16a">
         <name>.text.DL_UART_setClockConfig</name>
         <load_address>0x39dc</load_address>
         <readonly>true</readonly>
         <executable>true</executable>
         <run_address>0x39dc</run_address>
         <size>0x12</size>
         <alignment>0x2</alignment>
         <input_file_ref idref="fl-25"/>
      </object_component>
      <object_component id="oc-2b">
         <name>.text:decompress:none</name>
         <load_address>0x39ee</load_address>
         <readonly>true</readonly>
         <executable>true</executable>
         <run_address>0x39ee</run_address>
         <size>0x12</size>
         <alignment>0x2</alignment>
         <input_file_ref idref="fl-42"/>
      </object_component>
      <object_component id="oc-10c">
         <name>.text.DL_Timer_setCaptureCompareValue</name>
         <load_address>0x3a00</load_address>
         <readonly>true</readonly>
         <executable>true</executable>
         <run_address>0x3a00</run_address>
         <size>0x10</size>
         <alignment>0x4</alignment>
         <input_file_ref idref="fl-24"/>
      </object_component>
      <object_component id="oc-1a7">
         <name>.text.vStartFirstTask</name>
         <load_address>0x3a10</load_address>
         <readonly>true</readonly>
         <executable>true</executable>
         <run_address>0x3a10</run_address>
         <size>0x10</size>
         <alignment>0x10</alignment>
         <input_file_ref idref="fl-1d"/>
      </object_component>
      <object_component id="oc-181">
         <name>.text.vTaskSuspendAll</name>
         <load_address>0x3a20</load_address>
         <readonly>true</readonly>
         <executable>true</executable>
         <run_address>0x3a20</run_address>
         <size>0x10</size>
         <alignment>0x4</alignment>
         <input_file_ref idref="fl-1a"/>
      </object_component>
      <object_component id="oc-72">
         <name>.text:decompress:ZI</name>
         <load_address>0x3a30</load_address>
         <readonly>true</readonly>
         <executable>true</executable>
         <run_address>0x3a30</run_address>
         <size>0x10</size>
         <alignment>0x2</alignment>
         <input_file_ref idref="fl-41"/>
      </object_component>
      <object_component id="oc-1e4">
         <name>.text.__aeabi_memset</name>
         <load_address>0x3a40</load_address>
         <readonly>true</readonly>
         <executable>true</executable>
         <run_address>0x3a40</run_address>
         <size>0xe</size>
         <alignment>0x4</alignment>
         <input_file_ref idref="fl-ed"/>
      </object_component>
      <object_component id="oc-1e5">
         <name>.text.vListInitialiseItem</name>
         <load_address>0x3a4e</load_address>
         <readonly>true</readonly>
         <executable>true</executable>
         <run_address>0x3a4e</run_address>
         <size>0xe</size>
         <alignment>0x2</alignment>
         <input_file_ref idref="fl-21"/>
      </object_component>
      <object_component id="oc-8b">
         <name>.text.__aeabi_memclr</name>
         <load_address>0x3a5c</load_address>
         <readonly>true</readonly>
         <executable>true</executable>
         <run_address>0x3a5c</run_address>
         <size>0xc</size>
         <alignment>0x4</alignment>
         <input_file_ref idref="fl-ed"/>
      </object_component>
      <object_component id="oc-204">
         <name>.text.vTaskMissedYield</name>
         <load_address>0x3a68</load_address>
         <readonly>true</readonly>
         <executable>true</executable>
         <run_address>0x3a68</run_address>
         <size>0xc</size>
         <alignment>0x4</alignment>
         <input_file_ref idref="fl-1a"/>
      </object_component>
      <object_component id="oc-154">
         <name>.text.DL_Common_delayCycles</name>
         <load_address>0x3a74</load_address>
         <readonly>true</readonly>
         <executable>true</executable>
         <run_address>0x3a74</run_address>
         <size>0xa</size>
         <alignment>0x2</alignment>
         <input_file_ref idref="fl-22"/>
      </object_component>
      <object_component id="oc-7e">
         <name>.text.ulSetInterruptMask</name>
         <load_address>0x3a7e</load_address>
         <readonly>true</readonly>
         <executable>true</executable>
         <run_address>0x3a7e</run_address>
         <size>0x8</size>
         <alignment>0x2</alignment>
         <input_file_ref idref="fl-1d"/>
      </object_component>
      <object_component id="oc-d9">
         <name>.text:abort</name>
         <load_address>0x3a86</load_address>
         <readonly>true</readonly>
         <executable>true</executable>
         <run_address>0x3a86</run_address>
         <size>0x6</size>
         <alignment>0x2</alignment>
         <input_file_ref idref="fl-44"/>
      </object_component>
      <object_component id="oc-143">
         <name>.text.HOSTexit</name>
         <load_address>0x3a8c</load_address>
         <readonly>true</readonly>
         <executable>true</executable>
         <run_address>0x3a8c</run_address>
         <size>0x4</size>
         <alignment>0x2</alignment>
         <input_file_ref idref="fl-e6"/>
      </object_component>
      <object_component id="oc-3a">
         <name>.text.Reset_Handler</name>
         <load_address>0x3a90</load_address>
         <readonly>true</readonly>
         <executable>true</executable>
         <run_address>0x3a90</run_address>
         <size>0x4</size>
         <alignment>0x2</alignment>
         <input_file_ref idref="fl-b"/>
      </object_component>
      <object_component id="oc-90">
         <name>.text._system_pre_init</name>
         <load_address>0x3a94</load_address>
         <readonly>true</readonly>
         <executable>true</executable>
         <run_address>0x3a94</run_address>
         <size>0x4</size>
         <alignment>0x2</alignment>
         <input_file_ref idref="fl-3f"/>
      </object_component>
      <object_component id="oc-265">
         <name>.cinit..data.load</name>
         <load_address>0x3b18</load_address>
         <readonly>true</readonly>
         <run_address>0x3b18</run_address>
         <size>0x11</size>
         <alignment>0x1</alignment>
      </object_component>
      <object_component id="oc-263">
         <name>__TI_handler_table</name>
         <load_address>0x3b2c</load_address>
         <readonly>true</readonly>
         <run_address>0x3b2c</run_address>
         <size>0xc</size>
         <alignment>0x4</alignment>
      </object_component>
      <object_component id="oc-266">
         <name>.cinit..bss.load</name>
         <load_address>0x3b38</load_address>
         <readonly>true</readonly>
         <run_address>0x3b38</run_address>
         <size>0x8</size>
         <alignment>0x4</alignment>
      </object_component>
      <object_component id="oc-264">
         <name>__TI_cinit_table</name>
         <load_address>0x3b40</load_address>
         <readonly>true</readonly>
         <run_address>0x3b40</run_address>
         <size>0x10</size>
         <alignment>0x4</alignment>
      </object_component>
      <object_component id="oc-172">
         <name>.rodata.gUART_0Config</name>
         <load_address>0x3aa0</load_address>
         <readonly>true</readonly>
         <run_address>0x3aa0</run_address>
         <size>0xa</size>
         <alignment>0x2</alignment>
         <input_file_ref idref="fl-1"/>
      </object_component>
      <object_component id="oc-174">
         <name>.rodata.gUART_1Config</name>
         <load_address>0x3aaa</load_address>
         <readonly>true</readonly>
         <run_address>0x3aaa</run_address>
         <size>0xa</size>
         <alignment>0x2</alignment>
         <input_file_ref idref="fl-1"/>
      </object_component>
      <object_component id="oc-176">
         <name>.rodata.gUART_2Config</name>
         <load_address>0x3ab4</load_address>
         <readonly>true</readonly>
         <run_address>0x3ab4</run_address>
         <size>0xa</size>
         <alignment>0x2</alignment>
         <input_file_ref idref="fl-1"/>
      </object_component>
      <object_component id="oc-178">
         <name>.rodata.gUART_3Config</name>
         <load_address>0x3abe</load_address>
         <readonly>true</readonly>
         <run_address>0x3abe</run_address>
         <size>0xa</size>
         <alignment>0x2</alignment>
         <input_file_ref idref="fl-1"/>
      </object_component>
      <object_component id="oc-15d">
         <name>.rodata.gPWM_DIConfig</name>
         <load_address>0x3ac8</load_address>
         <readonly>true</readonly>
         <run_address>0x3ac8</run_address>
         <size>0x8</size>
         <alignment>0x4</alignment>
         <input_file_ref idref="fl-1"/>
      </object_component>
      <object_component id="oc-15f">
         <name>.rodata.gPWM_Step1Config</name>
         <load_address>0x3ad0</load_address>
         <readonly>true</readonly>
         <run_address>0x3ad0</run_address>
         <size>0x8</size>
         <alignment>0x4</alignment>
         <input_file_ref idref="fl-1"/>
      </object_component>
      <object_component id="oc-161">
         <name>.rodata.gPWM_Step2Config</name>
         <load_address>0x3ad8</load_address>
         <readonly>true</readonly>
         <run_address>0x3ad8</run_address>
         <size>0x8</size>
         <alignment>0x4</alignment>
         <input_file_ref idref="fl-1"/>
      </object_component>
      <object_component id="oc-1a2">
         <name>.rodata.str1.6031452896567546882.1</name>
         <load_address>0x3ae0</load_address>
         <readonly>true</readonly>
         <run_address>0x3ae0</run_address>
         <size>0x8</size>
         <alignment>0x1</alignment>
         <input_file_ref idref="fl-1b"/>
      </object_component>
      <object_component id="oc-d4">
         <name>.rodata.str1.8154729771448623357.1</name>
         <load_address>0x3ae8</load_address>
         <readonly>true</readonly>
         <run_address>0x3ae8</run_address>
         <size>0x6</size>
         <alignment>0x1</alignment>
         <input_file_ref idref="fl-3"/>
      </object_component>
      <object_component id="oc-19b">
         <name>.rodata.str1.13344916649340266805.1</name>
         <load_address>0x3aee</load_address>
         <readonly>true</readonly>
         <run_address>0x3aee</run_address>
         <size>0x5</size>
         <alignment>0x1</alignment>
         <input_file_ref idref="fl-1a"/>
      </object_component>
      <object_component id="oc-d0">
         <name>.rodata.str1.15159059442110792349.1</name>
         <load_address>0x3af3</load_address>
         <readonly>true</readonly>
         <run_address>0x3af3</run_address>
         <size>0x5</size>
         <alignment>0x1</alignment>
         <input_file_ref idref="fl-3"/>
      </object_component>
      <object_component id="oc-12a">
         <name>.rodata.uxTopUsedPriority</name>
         <load_address>0x3af8</load_address>
         <readonly>true</readonly>
         <run_address>0x3af8</run_address>
         <size>0x4</size>
         <alignment>0x4</alignment>
         <input_file_ref idref="fl-1a"/>
      </object_component>
      <object_component id="oc-15c">
         <name>.rodata.gPWM_DIClockConfig</name>
         <load_address>0x3afc</load_address>
         <readonly>true</readonly>
         <run_address>0x3afc</run_address>
         <size>0x3</size>
         <alignment>0x1</alignment>
         <input_file_ref idref="fl-1"/>
      </object_component>
      <object_component id="oc-15e">
         <name>.rodata.gPWM_Step1ClockConfig</name>
         <load_address>0x3aff</load_address>
         <readonly>true</readonly>
         <run_address>0x3aff</run_address>
         <size>0x3</size>
         <alignment>0x1</alignment>
         <input_file_ref idref="fl-1"/>
      </object_component>
      <object_component id="oc-160">
         <name>.rodata.gPWM_Step2ClockConfig</name>
         <load_address>0x3b02</load_address>
         <readonly>true</readonly>
         <run_address>0x3b02</run_address>
         <size>0x3</size>
         <alignment>0x1</alignment>
         <input_file_ref idref="fl-1"/>
      </object_component>
      <object_component id="oc-162">
         <name>.rodata.gQEI_0ClockConfig</name>
         <load_address>0x3b05</load_address>
         <readonly>true</readonly>
         <run_address>0x3b05</run_address>
         <size>0x3</size>
         <alignment>0x1</alignment>
         <input_file_ref idref="fl-1"/>
      </object_component>
      <object_component id="oc-169">
         <name>.rodata.gI2C_0ClockConfig</name>
         <load_address>0x3b08</load_address>
         <readonly>true</readonly>
         <run_address>0x3b08</run_address>
         <size>0x2</size>
         <alignment>0x1</alignment>
         <input_file_ref idref="fl-1"/>
      </object_component>
      <object_component id="oc-171">
         <name>.rodata.gUART_0ClockConfig</name>
         <load_address>0x3b0a</load_address>
         <readonly>true</readonly>
         <run_address>0x3b0a</run_address>
         <size>0x2</size>
         <alignment>0x1</alignment>
         <input_file_ref idref="fl-1"/>
      </object_component>
      <object_component id="oc-173">
         <name>.rodata.gUART_1ClockConfig</name>
         <load_address>0x3b0c</load_address>
         <readonly>true</readonly>
         <run_address>0x3b0c</run_address>
         <size>0x2</size>
         <alignment>0x1</alignment>
         <input_file_ref idref="fl-1"/>
      </object_component>
      <object_component id="oc-175">
         <name>.rodata.gUART_2ClockConfig</name>
         <load_address>0x3b0e</load_address>
         <readonly>true</readonly>
         <run_address>0x3b0e</run_address>
         <size>0x2</size>
         <alignment>0x1</alignment>
         <input_file_ref idref="fl-1"/>
      </object_component>
      <object_component id="oc-177">
         <name>.rodata.gUART_3ClockConfig</name>
         <load_address>0x3b10</load_address>
         <readonly>true</readonly>
         <run_address>0x3b10</run_address>
         <size>0x2</size>
         <alignment>0x1</alignment>
         <input_file_ref idref="fl-1"/>
      </object_component>
      <object_component id="oc-22d">
         <name>.binit</name>
         <load_address>0x0</load_address>
         <readonly>true</readonly>
         <run_address>0x0</run_address>
         <size>0x0</size>
         <alignment>0x4</alignment>
      </object_component>
      <object_component id="oc-c9">
         <name>.data.init_done</name>
         <load_address>0x202015fc</load_address>
         <readwrite>true</readwrite>
         <run_address>0x202015fc</run_address>
         <size>0x1</size>
         <alignment>0x1</alignment>
         <input_file_ref idref="fl-3"/>
      </object_component>
      <object_component id="oc-13f">
         <name>.data.PID</name>
         <load_address>0x20201580</load_address>
         <readwrite>true</readwrite>
         <run_address>0x20201580</run_address>
         <size>0x18</size>
         <alignment>0x4</alignment>
         <input_file_ref idref="fl-4"/>
      </object_component>
      <object_component id="oc-82">
         <name>.data.encoder_countx</name>
         <load_address>0x20201598</load_address>
         <readwrite>true</readwrite>
         <run_address>0x20201598</run_address>
         <size>0x4</size>
         <alignment>0x4</alignment>
         <input_file_ref idref="fl-7"/>
      </object_component>
      <object_component id="oc-81">
         <name>.data.last_AB_state</name>
         <load_address>0x202015fd</load_address>
         <readwrite>true</readwrite>
         <run_address>0x202015fd</run_address>
         <size>0x1</size>
         <alignment>0x1</alignment>
         <input_file_ref idref="fl-7"/>
      </object_component>
      <object_component id="oc-1a">
         <name>.data.pxCurrentTCB</name>
         <load_address>0x202015a0</load_address>
         <readwrite>true</readwrite>
         <run_address>0x202015a0</run_address>
         <size>0x4</size>
         <alignment>0x4</alignment>
         <input_file_ref idref="fl-1a"/>
      </object_component>
      <object_component id="oc-194">
         <name>.data.uxTaskNumber</name>
         <load_address>0x202015c0</load_address>
         <readwrite>true</readwrite>
         <run_address>0x202015c0</run_address>
         <size>0x4</size>
         <alignment>0x4</alignment>
         <input_file_ref idref="fl-1a"/>
      </object_component>
      <object_component id="oc-129">
         <name>.data.xSchedulerRunning</name>
         <load_address>0x202015e8</load_address>
         <readwrite>true</readwrite>
         <run_address>0x202015e8</run_address>
         <size>0x4</size>
         <alignment>0x4</alignment>
         <input_file_ref idref="fl-1a"/>
      </object_component>
      <object_component id="oc-216">
         <name>.data.uxDeletedTasksWaitingCleanUp</name>
         <load_address>0x202015b8</load_address>
         <readwrite>true</readwrite>
         <run_address>0x202015b8</run_address>
         <size>0x4</size>
         <alignment>0x4</alignment>
         <input_file_ref idref="fl-1a"/>
      </object_component>
      <object_component id="oc-193">
         <name>.data.uxCurrentNumberOfTasks</name>
         <load_address>0x202015b4</load_address>
         <readwrite>true</readwrite>
         <run_address>0x202015b4</run_address>
         <size>0x4</size>
         <alignment>0x4</alignment>
         <input_file_ref idref="fl-1a"/>
      </object_component>
      <object_component id="oc-55">
         <name>.data.uxSchedulerSuspended</name>
         <load_address>0x202015bc</load_address>
         <readwrite>true</readwrite>
         <run_address>0x202015bc</run_address>
         <size>0x4</size>
         <alignment>0x4</alignment>
         <input_file_ref idref="fl-1a"/>
      </object_component>
      <object_component id="oc-a1">
         <name>.data.xTickCount</name>
         <load_address>0x202015ec</load_address>
         <readwrite>true</readwrite>
         <run_address>0x202015ec</run_address>
         <size>0x4</size>
         <alignment>0x4</alignment>
         <input_file_ref idref="fl-1a"/>
      </object_component>
      <object_component id="oc-57">
         <name>.data.uxTopReadyPriority</name>
         <load_address>0x202015c4</load_address>
         <readwrite>true</readwrite>
         <run_address>0x202015c4</run_address>
         <size>0x4</size>
         <alignment>0x4</alignment>
         <input_file_ref idref="fl-1a"/>
      </object_component>
      <object_component id="oc-a5">
         <name>.data.xNextTaskUnblockTime</name>
         <load_address>0x202015d4</load_address>
         <readwrite>true</readwrite>
         <run_address>0x202015d4</run_address>
         <size>0x4</size>
         <alignment>0x4</alignment>
         <input_file_ref idref="fl-1a"/>
      </object_component>
      <object_component id="oc-56">
         <name>.data.xYieldPendings</name>
         <load_address>0x202015f8</load_address>
         <readwrite>true</readwrite>
         <run_address>0x202015f8</run_address>
         <size>0x4</size>
         <alignment>0x4</alignment>
         <input_file_ref idref="fl-1a"/>
      </object_component>
      <object_component id="oc-a0">
         <name>.data.xPendedTicks</name>
         <load_address>0x202015e4</load_address>
         <readwrite>true</readwrite>
         <run_address>0x202015e4</run_address>
         <size>0x4</size>
         <alignment>0x4</alignment>
         <input_file_ref idref="fl-1a"/>
      </object_component>
      <object_component id="oc-a4">
[...]
         <object_component_ref idref="oc-3e"/>
      </symbol>
      <symbol id="sm-11a">
         <name>TIMG0_IRQHandler</name>
         <value>0x10db</value>
         <object_component_ref idref="oc-3e"/>
      </symbol>
      <symbol id="sm-11b">
         <name>TIMG6_IRQHandler</name>
         <value>0x10db</value>
         <object_component_ref idref="oc-3e"/>
      </symbol>
      <symbol id="sm-11c">
         <name>TIMA0_IRQHandler</name>
         <value>0x10db</value>
         <object_component_ref idref="oc-3e"/>
      </symbol>
      <symbol id="sm-11d">
         <name>TIMA1_IRQHandler</name>
         <value>0x10db</value>
         <object_component_ref idref="oc-3e"/>
      </symbol>
      <symbol id="sm-11e">
         <name>TIMG7_IRQHandler</name>
         <value>0x10db</value>
         <object_component_ref idref="oc-3e"/>
      </symbol>
      <symbol id="sm-11f">
         <name>TIMG12_IRQHandler</name>
         <value>0x10db</value>
         <object_component_ref idref="oc-3e"/>
      </symbol>
      <symbol id="sm-120">
         <name>I2C0_IRQHandler</name>
         <value>0x10db</value>
         <object_component_ref idref="oc-3e"/>
      </symbol>
      <symbol id="sm-121">
         <name>I2C1_IRQHandler</name>
         <value>0x10db</value>
         <object_component_ref idref="oc-3e"/>
      </symbol>
      <symbol id="sm-122">
         <name>AES_IRQHandler</name>
         <value>0x10db</value>
         <object_component_ref idref="oc-3e"/>
      </symbol>
      <symbol id="sm-123">
         <name>RTC_IRQHandler</name>
         <value>0x10db</value>
         <object_component_ref idref="oc-3e"/>
      </symbol>
      <symbol id="sm-124">
         <name>DMA_IRQHandler</name>
         <value>0x10db</value>
         <object_component_ref idref="oc-3e"/>
      </symbol>
      <symbol id="sm-125">
         <name>__TI_ATRegion0_src_addr</name>
         <value>0x0</value>
      </symbol>
      <symbol id="sm-126">
         <name>__TI_ATRegion0_trg_addr</name>
         <value>0x0</value>
      </symbol>
      <symbol id="sm-127">
         <name>__TI_ATRegion0_region_sz</name>
         <value>0x0</value>
      </symbol>
      <symbol id="sm-128">
         <name>__TI_ATRegion1_src_addr</name>
         <value>0x0</value>
      </symbol>
      <symbol id="sm-129">
         <name>__TI_ATRegion1_trg_addr</name>
         <value>0x0</value>
      </symbol>
      <symbol id="sm-12a">
         <name>__TI_ATRegion1_region_sz</name>
         <value>0x0</value>
      </symbol>
      <symbol id="sm-12b">
         <name>__TI_ATRegion2_src_addr</name>
         <value>0x0</value>
      </symbol>
      <symbol id="sm-12c">
         <name>__TI_ATRegion2_trg_addr</name>
         <value>0x0</value>
      </symbol>
      <symbol id="sm-12d">
         <name>__TI_ATRegion2_region_sz</name>
         <value>0x0</value>
      </symbol>
      <symbol id="sm-14a">
         <name>xQueueGenericReset</name>
         <value>0x16d9</value>
         <object_component_ref idref="oc-18c"/>
      </symbol>
      <symbol id="sm-14b">
         <name>xQueueGenericCreateStatic</name>
         <value>0x1f29</value>
         <object_component_ref idref="oc-1f3"/>
      </symbol>
      <symbol id="sm-14c">
         <name>xQueueGenericCreate</name>
         <value>0x2191</value>
         <object_component_ref idref="oc-bf"/>
      </symbol>
      <symbol id="sm-14d">
         <name>xQueueReceive</name>
         <value>0x75d</value>
         <object_component_ref idref="oc-132"/>
      </symbol>
      <symbol id="sm-14e">
         <name>vQueueWaitForMessageRestricted</name>
         <value>0x2c65</value>
         <object_component_ref idref="oc-21b"/>
      </symbol>
      <symbol id="sm-1e0">
         <name>xTaskCreateStatic</name>
         <value>0x30f1</value>
         <object_component_ref idref="oc-19a"/>
      </symbol>
      <symbol id="sm-1e1">
         <name>pxCurrentTCB</name>
         <value>0x202015a0</value>
         <object_component_ref idref="oc-1a"/>
      </symbol>
      <symbol id="sm-1e2">
         <name>xTaskCreate</name>
         <value>0x31cd</value>
         <object_component_ref idref="oc-c4"/>
      </symbol>
      <symbol id="sm-1e3">
         <name>vTaskSuspendAll</name>
         <value>0x3a21</value>
         <object_component_ref idref="oc-181"/>
      </symbol>
      <symbol id="sm-1e4">
         <name>xTaskResumeAll</name>
         <value>0x565</value>
         <object_component_ref idref="oc-183"/>
      </symbol>
      <symbol id="sm-1e5">
         <name>xTaskIncrementTick</name>
         <value>0x355</value>
         <object_component_ref idref="oc-7f"/>
      </symbol>
      <symbol id="sm-1e6">
         <name>vTaskDelay</name>
         <value>0x30a1</value>
         <object_component_ref idref="oc-12e"/>
      </symbol>
      <symbol id="sm-1e7">
         <name>vTaskSwitchContext</name>
         <value>0x11e9</value>
         <object_component_ref idref="oc-1c"/>
      </symbol>
      <symbol id="sm-1e8">
         <name>vTaskStartScheduler</name>
         <value>0x2cd1</value>
         <object_component_ref idref="oc-c5"/>
      </symbol>
      <symbol id="sm-1e9">
         <name>xTaskGetTickCount</name>
         <value>0x39c9</value>
         <object_component_ref idref="oc-220"/>
      </symbol>
      <symbol id="sm-1ea">
         <name>vTaskStepTick</name>
         <value>0x2445</value>
         <object_component_ref idref="oc-218"/>
      </symbol>
      <symbol id="sm-1eb">
         <name>vTaskPlaceOnEventList</name>
         <value>0x357d</value>
         <object_component_ref idref="oc-1b1"/>
      </symbol>
      <symbol id="sm-1ec">
         <name>vTaskPlaceOnEventListRestricted</name>
         <value>0x2aad</value>
         <object_component_ref idref="oc-223"/>
      </symbol>
      <symbol id="sm-1ed">
         <name>xTaskRemoveFromEventList</name>
         <value>0xaa1</value>
         <object_component_ref idref="oc-1ad"/>
      </symbol>
      <symbol id="sm-1ee">
         <name>vTaskInternalSetTimeOutState</name>
         <value>0x38d5</value>
         <object_component_ref idref="oc-1ae"/>
      </symbol>
      <symbol id="sm-1ef">
         <name>xTaskCheckForTimeOut</name>
         <value>0x1c91</value>
         <object_component_ref idref="oc-1af"/>
      </symbol>
      <symbol id="sm-1f0">
         <name>vTaskMissedYield</name>
         <value>0x3a69</value>
         <object_component_ref idref="oc-204"/>
      </symbol>
      <symbol id="sm-1f1">
         <name>eTaskConfirmSleepModeStatus</name>
         <value>0x27cd</value>
         <object_component_ref idref="oc-217"/>
      </symbol>
      <symbol id="sm-1f2">
         <name>xTaskGetSchedulerState</name>
         <value>0x350d</value>
         <object_component_ref idref="oc-1ab"/>
      </symbol>
      <symbol id="sm-237">
         <name>xTimerCreateTimerTask</name>
         <value>0x28c5</value>
         <object_component_ref idref="oc-123"/>
      </symbol>
      <symbol id="sm-264">
         <name>vPortSuppressTicksAndSleep</name>
         <value>0x901</value>
         <object_component_ref idref="oc-1f2"/>
      </symbol>
      <symbol id="sm-265">
         <name>vPortSetupTimerInterrupt</name>
         <value>0x2f5d</value>
         <object_component_ref idref="oc-1a6"/>
      </symbol>
      <symbol id="sm-266">
         <name>vPortYield</name>
         <value>0x39b1</value>
         <object_component_ref idref="oc-192"/>
      </symbol>
      <symbol id="sm-267">
         <name>vPortEnterCritical</name>
         <value>0x3999</value>
         <object_component_ref idref="oc-18f"/>
      </symbol>
      <symbol id="sm-268">
         <name>vPortExitCritical</name>
         <value>0x36fd</value>
         <object_component_ref idref="oc-191"/>
      </symbol>
      <symbol id="sm-269">
         <name>SysTick_Handler</name>
         <value>0x35e1</value>
         <object_component_ref idref="oc-45"/>
      </symbol>
      <symbol id="sm-26a">
         <name>vPortSVCHandler_C</name>
         <value>0x36a1</value>
         <object_component_ref idref="oc-20"/>
      </symbol>
      <symbol id="sm-26b">
         <name>pxPortInitialiseStack</name>
         <value>0xeb5</value>
         <object_component_ref idref="oc-1e6"/>
      </symbol>
      <symbol id="sm-26c">
         <name>xPortStartScheduler</name>
         <value>0x274d</value>
         <object_component_ref idref="oc-128"/>
      </symbol>
      <symbol id="sm-284">
         <name>vRestoreContextOfFirstTask</name>
         <value>0x3851</value>
         <object_component_ref idref="oc-59"/>
      </symbol>
      <symbol id="sm-285">
         <name>vStartFirstTask</name>
         <value>0x3a11</value>
         <object_component_ref idref="oc-1a7"/>
      </symbol>
      <symbol id="sm-286">
         <name>ulSetInterruptMask</name>
         <value>0x3a7f</value>
         <object_component_ref idref="oc-7e"/>
      </symbol>
      <symbol id="sm-287">
         <name>vClearInterruptMask</name>
         <value>0x325b</value>
         <object_component_ref idref="oc-80"/>
      </symbol>
      <symbol id="sm-288">
         <name>PendSV_Handler</name>
         <value>0x3261</value>
         <object_component_ref idref="oc-44"/>
      </symbol>
      <symbol id="sm-289">
         <name>SVC_Handler</name>
         <value>0x3821</value>
         <object_component_ref idref="oc-3f"/>
      </symbol>
      <symbol id="sm-29f">
         <name>vApplicationGetIdleTaskMemory</name>
         <value>0x3755</value>
         <object_component_ref idref="oc-195"/>
      </symbol>
      <symbol id="sm-2a0">
         <name>vApplicationGetTimerTaskMemory</name>
         <value>0x377d</value>
         <object_component_ref idref="oc-19f"/>
      </symbol>
      <symbol id="sm-2c3">
         <name>pvPortMalloc</name>
         <value>0xc1</value>
         <object_component_ref idref="oc-118"/>
      </symbol>
      <symbol id="sm-2c4">
         <name>vPortFree</name>
         <value>0x14fd</value>
         <object_component_ref idref="oc-18d"/>
      </symbol>
      <symbol id="sm-2d3">
         <name>vListInitialise</name>
         <value>0x36cf</value>
         <object_component_ref idref="oc-1dd"/>
      </symbol>
      <symbol id="sm-2d4">
         <name>vListInitialiseItem</name>
         <value>0x3a4f</value>
         <object_component_ref idref="oc-1e5"/>
      </symbol>
      <symbol id="sm-2d5">
         <name>vListInsert</name>
         <value>0x2bf9</value>
         <object_component_ref idref="oc-203"/>
      </symbol>
      <symbol id="sm-2d6">
         <name>uxListRemove</name>
         <value>0x3185</value>
         <object_component_ref idref="oc-202"/>
      </symbol>
      <symbol id="sm-2df">
         <name>DL_Common_delayCycles</name>
         <value>0x3a75</value>
         <object_component_ref idref="oc-154"/>
      </symbol>
      <symbol id="sm-2e9">
         <name>DL_I2C_setClockConfig</name>
         <value>0x37cd</value>
         <object_component_ref idref="oc-163"/>
      </symbol>
      <symbol id="sm-300">
         <name>DL_Timer_setClockConfig</name>
         <value>0x3931</value>
         <object_component_ref idref="oc-158"/>
      </symbol>
      <symbol id="sm-301">
         <name>DL_Timer_setCaptureCompareValue</name>
         <value>0x3a01</value>
         <object_component_ref idref="oc-10c"/>
      </symbol>
      <symbol id="sm-302">
         <name>DL_Timer_setCaptCompUpdateMethod</name>
         <value>0x3915</value>
         <object_component_ref idref="oc-15b"/>
      </symbol>
      <symbol id="sm-303">
         <name>DL_Timer_setCaptureCompareOutCtl</name>
         <value>0x3969</value>
         <object_component_ref idref="oc-15a"/>
      </symbol>
      <symbol id="sm-304">
         <name>DL_Timer_initFourCCPWMMode</name>
         <value>0x12f5</value>
         <object_component_ref idref="oc-159"/>
      </symbol>
      <symbol id="sm-311">
         <name>DL_UART_init</name>
         <value>0x313d</value>
         <object_component_ref idref="oc-170"/>
      </symbol>
      <symbol id="sm-312">
         <name>DL_UART_setClockConfig</name>
         <value>0x39dd</value>
         <object_component_ref idref="oc-16a"/>
      </symbol>
      <symbol id="sm-31d">
         <name>_c_int00_noargs</name>
         <value>0x37a5</value>
         <object_component_ref idref="oc-75"/>
      </symbol>
      <symbol id="sm-31e">
         <name>__stack</name>
         <value>0x20207e00</value>
         <object_component_ref idref="oc-25"/>
      </symbol>
      <symbol id="sm-32a">
         <name>__TI_auto_init_nobinit_nopinit</name>
         <value>0x3421</value>
         <object_component_ref idref="oc-e0"/>
      </symbol>
      <symbol id="sm-332">
         <name>_system_pre_init</name>
         <value>0x3a95</value>
         <object_component_ref idref="oc-90"/>
      </symbol>
      <symbol id="sm-33d">
         <name>__TI_zero_init</name>
         <value>0x3a31</value>
         <object_component_ref idref="oc-72"/>
      </symbol>
      <symbol id="sm-346">
         <name>__TI_decompress_none</name>
         <value>0x39ef</value>
         <object_component_ref idref="oc-2b"/>
      </symbol>
      <symbol id="sm-351">
         <name>__TI_decompress_lzss</name>
         <value>0x2941</value>
         <object_component_ref idref="oc-27"/>
      </symbol>
      <symbol id="sm-35b">
         <name>abort</name>
         <value>0x3a87</value>
         <object_component_ref idref="oc-d9"/>
      </symbol>
      <symbol id="sm-365">
         <name>HOSTexit</name>
         <value>0x3a8d</value>
         <object_component_ref idref="oc-143"/>
      </symbol>
      <symbol id="sm-366">
         <name>C$$EXIT</name>
         <value>0x3a8c</value>
         <object_component_ref idref="oc-143"/>
      </symbol>
      <symbol id="sm-36c">
         <name>__aeabi_fadd</name>
         <value>0x197f</value>
         <object_component_ref idref="oc-1b4"/>
      </symbol>
      <symbol id="sm-36d">
         <name>__addsf3</name>
         <value>0x197f</value>
         <object_component_ref idref="oc-1b4"/>
      </symbol>
      <symbol id="sm-36e">
         <name>__aeabi_fsub</name>
         <value>0x1975</value>
         <object_component_ref idref="oc-1b4"/>
      </symbol>
      <symbol id="sm-36f">
         <name>__subsf3</name>
         <value>0x1975</value>
         <object_component_ref idref="oc-1b4"/>
      </symbol>
      <symbol id="sm-375">
         <name>__aeabi_fmul</name>
         <value>0x2225</value>
         <object_component_ref idref="oc-1b8"/>
      </symbol>
      <symbol id="sm-376">
         <name>__mulsf3</name>
         <value>0x2225</value>
         <object_component_ref idref="oc-1b8"/>
      </symbol>
      <symbol id="sm-37c">
         <name>__aeabi_fdiv</name>
         <value>0x24c9</value>
         <object_component_ref idref="oc-1bc"/>
      </symbol>
      <symbol id="sm-37d">
         <name>__divsf3</name>
         <value>0x24c9</value>
         <object_component_ref idref="oc-1bc"/>
      </symbol>
      <symbol id="sm-383">
         <name>__aeabi_i2f</name>
         <value>0x336d</value>
         <object_component_ref idref="oc-134"/>
      </symbol>
      <symbol id="sm-384">
         <name>__floatsisf</name>
         <value>0x336d</value>
         <object_component_ref idref="oc-134"/>
      </symbol>
      <symbol id="sm-38a">
         <name>__aeabi_fcmpeq</name>
         <value>0x2d39</value>
         <object_component_ref idref="oc-1c0"/>
      </symbol>
      <symbol id="sm-38b">
         <name>__aeabi_fcmplt</name>
         <value>0x2d4d</value>
         <object_component_ref idref="oc-1c0"/>
      </symbol>
      <symbol id="sm-38c">
         <name>__aeabi_fcmple</name>
         <value>0x2d61</value>
         <object_component_ref idref="oc-1c0"/>
      </symbol>
      <symbol id="sm-38d">
         <name>__aeabi_fcmpge</name>
         <value>0x2d75</value>
         <object_component_ref idref="oc-1c0"/>
      </symbol>
      <symbol id="sm-38e">
         <name>__aeabi_fcmpgt</name>
         <value>0x2d89</value>
         <object_component_ref idref="oc-1c0"/>
      </symbol>
      <symbol id="sm-394">
         <name>__aeabi_memcpy</name>
         <value>0x3819</value>
         <object_component_ref idref="oc-65"/>
      </symbol>
      <symbol id="sm-395">
         <name>__aeabi_memcpy4</name>
         <value>0x3819</value>
         <object_component_ref idref="oc-65"/>
      </symbol>
      <symbol id="sm-396">
         <name>__aeabi_memcpy8</name>
         <value>0x3819</value>
         <object_component_ref idref="oc-65"/>
      </symbol>
      <symbol id="sm-39f">
         <name>__aeabi_memset</name>
         <value>0x3a41</value>
         <object_component_ref idref="oc-1e4"/>
      </symbol>
      <symbol id="sm-3a0">
         <name>__aeabi_memset4</name>
         <value>0x3a41</value>
         <object_component_ref idref="oc-1e4"/>
      </symbol>
      <symbol id="sm-3a1">
         <name>__aeabi_memset8</name>
         <value>0x3a41</value>
         <object_component_ref idref="oc-1e4"/>
      </symbol>
      <symbol id="sm-3a2">
         <name>__aeabi_memclr</name>
         <value>0x3a5d</value>
         <object_component_ref idref="oc-8b"/>
      </symbol>
      <symbol id="sm-3a3">
         <name>__aeabi_memclr4</name>
         <value>0x3a5d</value>
         <object_component_ref idref="oc-8b"/>
      </symbol>
      <symbol id="sm-3a4">
         <name>__aeabi_memclr8</name>
         <value>0x3a5d</value>
         <object_component_ref idref="oc-8b"/>
      </symbol>
      <symbol id="sm-3aa">
         <name>__aeabi_uidiv</name>
         <value>0x332d</value>
         <object_component_ref idref="oc-114"/>
      </symbol>
      <symbol id="sm-3ab">
         <name>__aeabi_uidivmod</name>
         <value>0x332d</value>
         <object_component_ref idref="oc-114"/>
      </symbol>
      <symbol id="sm-3b4">
         <name>__eqsf2</name>
         <value>0x345d</value>
         <object_component_ref idref="oc-20c"/>
      </symbol>
      <symbol id="sm-3b5">
         <name>__lesf2</name>
         <value>0x345d</value>
         <object_component_ref idref="oc-20c"/>
      </symbol>
      <symbol id="sm-3b6">
         <name>__ltsf2</name>
         <value>0x345d</value>
         <object_component_ref idref="oc-20c"/>
      </symbol>
      <symbol id="sm-3b7">
         <name>__nesf2</name>
         <value>0x345d</value>
         <object_component_ref idref="oc-20c"/>
      </symbol>
      <symbol id="sm-3b8">
         <name>__cmpsf2</name>
         <value>0x345d</value>
         <object_component_ref idref="oc-20c"/>
      </symbol>
      <symbol id="sm-3b9">
         <name>__gtsf2</name>
         <value>0x33a9</value>
         <object_component_ref idref="oc-211"/>
      </symbol>
      <symbol id="sm-3ba">
         <name>__gesf2</name>
         <value>0x33a9</value>
         <object_component_ref idref="oc-211"/>
      </symbol>
      <symbol id="sm-3c0">
         <name>__muldsi3</name>
         <value>0x3499</value>
         <object_component_ref idref="oc-206"/>
      </symbol>
      <symbol id="sm-3ca">
         <name>__aeabi_idiv0</name>
         <value>0x1c8f</value>
         <object_component_ref idref="oc-17b"/>
      </symbol>
      <symbol id="sm-3e3">
         <name>memcpy</name>
         <value>0x1fc9</value>
         <object_component_ref idref="oc-ab"/>
      </symbol>
      <symbol id="sm-3f2">
         <name>memset</name>
         <value>0x2d9b</value>
         <object_component_ref idref="oc-f8"/>
      </symbol>
      <symbol id="sm-3f3">
         <name>__TI_static_base__</name>
         <value>0x0</value>
      </symbol>
      <symbol id="sm-3f6">
         <name>__mpu_init</name>
         <value>0x0</value>
      </symbol>
      <symbol id="sm-3f7">
         <name>_system_post_cinit</name>
         <value>0x0</value>
      </symbol>
   </symbol_table>
   <title>Link successful</title>
</link_info>
