<?xml version="1.0" encoding="ISO-8859-1" ?>
<link_info>
   <banner>TI ARM Clang Linker PC v4.0.4.LTS</banner>
   <copyright>Copyright (c) 1996-2018 Texas Instruments Incorporated</copyright>
   <command_line>D:\study_software\ti\ccs\tools\compiler\ti-cgt-armllvm_4.0.4.LTS\bin\tiarmlnk -ID:\study_software\ti\ccs\tools\compiler\ti-cgt-armllvm_4.0.4.LTS\lib -o blink_led.out -mblink_led.map -iC:/Users/shinanxi/workspace_ccstheia/freertos_builds_LP_MSPM0G3507_release_ticlang/Debug -iD:/study_software/ti/mspm0_sdk_2_11_00_07/source -iC:/Users/shinanxi/workspace_ccstheia/E-Competition -iC:/Users/shinanxi/workspace_ccstheia/E-Competition/Debug/syscfg -iD:/study_software/ti/ccs/tools/compiler/ti-cgt-armllvm_4.0.4.LTS/lib --diag_wrap=off --display_error_number --warn_sections --xml_link_info=blink_led_linkInfo.xml --rom_model ./ti_msp_dl_config.o ./main-blinky.o ./main.o ./Body_task/DIMotor.o ./Body_task/StepMotor.o ./Body_task/UART.o ./Driver/Encoder.o ./Driver/Line.o ./Driver/PID.o ./Driver/PWM.o ./Driver/imu660rc.o ./Driver/imu_I2C.o ./SEGGER/SEGGER_RTT.o ./SEGGER/SEGGER_RTT_printf.o ./freertos/ticlang/startup_mspm0g350x_ticlang.o ../mspm0g3507.cmd -lfreertos_builds_LP_MSPM0G3507_release_ticlang.lib -lD:/study_software/ti/mspm0_sdk_2_11_00_07/source/ti/driverlib/lib/ticlang/m0p/mspm0g1x0x_g3x0x/driverlib.a -llibc.a --start-group -llibc++.a -llibc++abi.a -llibc.a -llibsys.a -llibsysbm.a -llibclang_rt.builtins.a -llibclang_rt.profile.a --end-group --cg_opt_level=2</command_line>
   <link_time>0x6a6672f3</link_time>
   <link_errors>0x0</link_errors>
   <output_file>C:\Users\shinanxi\workspace_ccstheia\E-Competition\Debug\blink_led.out</output_file>
   <entry_point>
      <name>_c_int00_noargs</name>
      <address>0x5c15</address>
   </entry_point>
   <input_file_list>
      <input_file id="fl-1">
         <path>C:\Users\shinanxi\workspace_ccstheia\E-Competition\Debug\.\</path>
         <kind>object</kind>
         <file>ti_msp_dl_config.o</file>
         <name>ti_msp_dl_config.o</name>
      </input_file>
      <input_file id="fl-2">
         <path>C:\Users\shinanxi\workspace_ccstheia\E-Competition\Debug\.\</path>
         <kind>object</kind>
         <file>main-blinky.o</file>
         <name>main-blinky.o</name>
      </input_file>
      <input_file id="fl-3">
         <path>C:\Users\shinanxi\workspace_ccstheia\E-Competition\Debug\.\</path>
         <kind>object</kind>
         <file>main.o</file>
         <name>main.o</name>
      </input_file>
      <input_file id="fl-4">
         <path>C:\Users\shinanxi\workspace_ccstheia\E-Competition\Debug\.\Body_task\</path>
         <kind>object</kind>
         <file>DIMotor.o</file>
         <name>DIMotor.o</name>
      </input_file>
      <input_file id="fl-5">
         <path>C:\Users\shinanxi\workspace_ccstheia\E-Competition\Debug\.\Body_task\</path>
         <kind>object</kind>
         <file>StepMotor.o</file>
         <name>StepMotor.o</name>
      </input_file>
      <input_file id="fl-6">
         <path>C:\Users\shinanxi\workspace_ccstheia\E-Competition\Debug\.\Body_task\</path>
         <kind>object</kind>
         <file>UART.o</file>
         <name>UART.o</name>
      </input_file>
      <input_file id="fl-7">
         <path>C:\Users\shinanxi\workspace_ccstheia\E-Competition\Debug\.\Driver\</path>
         <kind>object</kind>
         <file>Encoder.o</file>
         <name>Encoder.o</name>
      </input_file>
      <input_file id="fl-8">
         <path>C:\Users\shinanxi\workspace_ccstheia\E-Competition\Debug\.\Driver\</path>
         <kind>object</kind>
         <file>Line.o</file>
         <name>Line.o</name>
      </input_file>
      <input_file id="fl-9">
         <path>C:\Users\shinanxi\workspace_ccstheia\E-Competition\Debug\.\Driver\</path>
         <kind>object</kind>
         <file>PID.o</file>
         <name>PID.o</name>
      </input_file>
      <input_file id="fl-a">
         <path>C:\Users\shinanxi\workspace_ccstheia\E-Competition\Debug\.\Driver\</path>
         <kind>object</kind>
         <file>PWM.o</file>
         <name>PWM.o</name>
      </input_file>
      <input_file id="fl-b">
         <path>C:\Users\shinanxi\workspace_ccstheia\E-Competition\Debug\.\Driver\</path>
         <kind>object</kind>
         <file>imu660rc.o</file>
         <name>imu660rc.o</name>
      </input_file>
      <input_file id="fl-c">
         <path>C:\Users\shinanxi\workspace_ccstheia\E-Competition\Debug\.\Driver\</path>
         <kind>object</kind>
         <file>imu_I2C.o</file>
         <name>imu_I2C.o</name>
      </input_file>
      <input_file id="fl-d">
         <path>C:\Users\shinanxi\workspace_ccstheia\E-Competition\Debug\.\SEGGER\</path>
         <kind>object</kind>
         <file>SEGGER_RTT.o</file>
         <name>SEGGER_RTT.o</name>
      </input_file>
      <input_file id="fl-e">
         <path>C:\Users\shinanxi\workspace_ccstheia\E-Competition\Debug\.\SEGGER\</path>
         <kind>object</kind>
         <file>SEGGER_RTT_printf.o</file>
         <name>SEGGER_RTT_printf.o</name>
      </input_file>
      <input_file id="fl-f">
         <path>C:\Users\shinanxi\workspace_ccstheia\E-Competition\Debug\.\freertos\ticlang\</path>
         <kind>object</kind>
         <file>startup_mspm0g350x_ticlang.o</file>
         <name>startup_mspm0g350x_ticlang.o</name>
      </input_file>
      <input_file id="fl-1c">
         <path>C:\Users\shinanxi\workspace_ccstheia\E-Competition\Debug\</path>
         <kind>object</kind>
         <file>&lt;internal&gt;</file>
         <name>&lt;internal&gt;</name>
      </input_file>
      <input_file id="fl-1d">
         <path>C:\Users\shinanxi\workspace_ccstheia\freertos_builds_LP_MSPM0G3507_release_ticlang\Debug\</path>
         <kind>archive</kind>
         <file>freertos_builds_LP_MSPM0G3507_release_ticlang.lib</file>
         <name>queue.o</name>
      </input_file>
      <input_file id="fl-1e">
         <path>C:\Users\shinanxi\workspace_ccstheia\freertos_builds_LP_MSPM0G3507_release_ticlang\Debug\</path>
         <kind>archive</kind>
         <file>freertos_builds_LP_MSPM0G3507_release_ticlang.lib</file>
         <name>tasks.o</name>
      </input_file>
      <input_file id="fl-1f">
         <path>C:\Users\shinanxi\workspace_ccstheia\freertos_builds_LP_MSPM0G3507_release_ticlang\Debug\</path>
         <kind>archive</kind>
         <file>freertos_builds_LP_MSPM0G3507_release_ticlang.lib</file>
         <name>timers.o</name>
      </input_file>
      <input_file id="fl-20">
         <path>C:\Users\shinanxi\workspace_ccstheia\freertos_builds_LP_MSPM0G3507_release_ticlang\Debug\</path>
         <kind>archive</kind>
         <file>freertos_builds_LP_MSPM0G3507_release_ticlang.lib</file>
         <name>port.o</name>
      </input_file>
      <input_file id="fl-21">
         <path>C:\Users\shinanxi\workspace_ccstheia\freertos_builds_LP_MSPM0G3507_release_ticlang\Debug\</path>
         <kind>archive</kind>
         <file>freertos_builds_LP_MSPM0G3507_release_ticlang.lib</file>
         <name>portasm.o</name>
      </input_file>
      <input_file id="fl-22">
         <path>C:\Users\shinanxi\workspace_ccstheia\freertos_builds_LP_MSPM0G3507_release_ticlang\Debug\</path>
         <kind>archive</kind>
         <file>freertos_builds_LP_MSPM0G3507_release_ticlang.lib</file>
         <name>PTLS.o</name>
      </input_file>
      <input_file id="fl-23">
         <path>C:\Users\shinanxi\workspace_ccstheia\freertos_builds_LP_MSPM0G3507_release_ticlang\Debug\</path>
         <kind>archive</kind>
         <file>freertos_builds_LP_MSPM0G3507_release_ticlang.lib</file>
         <name>StaticAllocs_freertos.o</name>
      </input_file>
      <input_file id="fl-24">
         <path>C:\Users\shinanxi\workspace_ccstheia\freertos_builds_LP_MSPM0G3507_release_ticlang\Debug\</path>
         <kind>archive</kind>
         <file>freertos_builds_LP_MSPM0G3507_release_ticlang.lib</file>
         <name>heap_4.o</name>
      </input_file>
      <input_file id="fl-25">
         <path>C:\Users\shinanxi\workspace_ccstheia\freertos_builds_LP_MSPM0G3507_release_ticlang\Debug\</path>
         <kind>archive</kind>
         <file>freertos_builds_LP_MSPM0G3507_release_ticlang.lib</file>
         <name>list.o</name>
      </input_file>
      <input_file id="fl-26">
         <path>D:\study_software\ti\mspm0_sdk_2_11_00_07\source\ti\driverlib\lib\ticlang\m0p\mspm0g1x0x_g3x0x\</path>
         <kind>archive</kind>
         <file>driverlib.a</file>
         <name>dl_common.o</name>
      </input_file>
      <input_file id="fl-27">
         <path>D:\study_software\ti\mspm0_sdk_2_11_00_07\source\ti\driverlib\lib\ticlang\m0p\mspm0g1x0x_g3x0x\</path>
         <kind>archive</kind>
         <file>driverlib.a</file>
         <name>dl_i2c.o</name>
      </input_file>
      <input_file id="fl-28">
         <path>D:\study_software\ti\mspm0_sdk_2_11_00_07\source\ti\driverlib\lib\ticlang\m0p\mspm0g1x0x_g3x0x\</path>
         <kind>archive</kind>
         <file>driverlib.a</file>
         <name>dl_timer.o</name>
      </input_file>
      <input_file id="fl-29">
         <path>D:\study_software\ti\mspm0_sdk_2_11_00_07\source\ti\driverlib\lib\ticlang\m0p\mspm0g1x0x_g3x0x\</path>
         <kind>archive</kind>
         <file>driverlib.a</file>
         <name>dl_uart.o</name>
      </input_file>
      <input_file id="fl-40">
         <path>D:\study_software\ti\ccs\tools\compiler\ti-cgt-armllvm_4.0.4.LTS\lib\armv6m-ti-none-eabi\c\</path>
         <kind>archive</kind>
         <file>libc.a</file>
         <name>e_asinf.c.obj</name>
      </input_file>
      <input_file id="fl-41">
         <path>D:\study_software\ti\ccs\tools\compiler\ti-cgt-armllvm_4.0.4.LTS\lib\armv6m-ti-none-eabi\c\</path>
         <kind>archive</kind>
         <file>libc.a</file>
         <name>e_atan2f.c.obj</name>
      </input_file>
      <input_file id="fl-42">
         <path>D:\study_software\ti\ccs\tools\compiler\ti-cgt-armllvm_4.0.4.LTS\lib\armv6m-ti-none-eabi\c\</path>
         <kind>archive</kind>
         <file>libc.a</file>
         <name>e_sqrtf.c.obj</name>
      </input_file>
      <input_file id="fl-43">
         <path>D:\study_software\ti\ccs\tools\compiler\ti-cgt-armllvm_4.0.4.LTS\lib\armv6m-ti-none-eabi\c\</path>
         <kind>archive</kind>
         <file>libc.a</file>
         <name>s_atanf.c.obj</name>
      </input_file>
      <input_file id="fl-44">
         <path>D:\study_software\ti\ccs\tools\compiler\ti-cgt-armllvm_4.0.4.LTS\lib\armv6m-ti-none-eabi\c\</path>
         <kind>archive</kind>
         <file>libc.a</file>
         <name>aeabi_portable.c.obj</name>
      </input_file>
      <input_file id="fl-45">
         <path>D:\study_software\ti\ccs\tools\compiler\ti-cgt-armllvm_4.0.4.LTS\lib\armv6m-ti-none-eabi\c\</path>
         <kind>archive</kind>
         <file>libc.a</file>
         <name>assert.c.obj</name>
      </input_file>
      <input_file id="fl-46">
         <path>D:\study_software\ti\ccs\tools\compiler\ti-cgt-armllvm_4.0.4.LTS\lib\armv6m-ti-none-eabi\c\</path>
         <kind>archive</kind>
         <file>libc.a</file>
         <name>defs.c.obj</name>
      </input_file>
      <input_file id="fl-47">
         <path>D:\study_software\ti\ccs\tools\compiler\ti-cgt-armllvm_4.0.4.LTS\lib\armv6m-ti-none-eabi\c\</path>
         <kind>archive</kind>
         <file>libc.a</file>
         <name>memory.c.obj</name>
      </input_file>
      <input_file id="fl-48">
         <path>D:\study_software\ti\ccs\tools\compiler\ti-cgt-armllvm_4.0.4.LTS\lib\armv6m-ti-none-eabi\c\</path>
         <kind>archive</kind>
         <file>libc.a</file>
         <name>boot_cortex_m.c.obj</name>
      </input_file>
      <input_file id="fl-49">
         <path>D:\study_software\ti\ccs\tools\compiler\ti-cgt-armllvm_4.0.4.LTS\lib\armv6m-ti-none-eabi\c\</path>
         <kind>archive</kind>
         <file>libc.a</file>
         <name>mathacl_init.c.obj</name>
      </input_file>
      <input_file id="fl-4a">
         <path>D:\study_software\ti\ccs\tools\compiler\ti-cgt-armllvm_4.0.4.LTS\lib\armv6m-ti-none-eabi\c\</path>
         <kind>archive</kind>
         <file>libc.a</file>
         <name>autoinit.c.obj</name>
      </input_file>
      <input_file id="fl-4b">
         <path>D:\study_software\ti\ccs\tools\compiler\ti-cgt-armllvm_4.0.4.LTS\lib\armv6m-ti-none-eabi\c\</path>
         <kind>archive</kind>
         <file>libc.a</file>
         <name>pre_init.c.obj</name>
      </input_file>
      <input_file id="fl-4c">
         <path>D:\study_software\ti\ccs\tools\compiler\ti-cgt-armllvm_4.0.4.LTS\lib\armv6m-ti-none-eabi\c\</path>
         <kind>archive</kind>
         <file>libc.a</file>
         <name>cpy_tbl.c.obj</name>
      </input_file>
      <input_file id="fl-4d">
         <path>D:\study_software\ti\ccs\tools\compiler\ti-cgt-armllvm_4.0.4.LTS\lib\armv6m-ti-none-eabi\c\</path>
         <kind>archive</kind>
         <file>libc.a</file>
         <name>copy_zero_init.c.obj</name>
      </input_file>
      <input_file id="fl-4e">
         <path>D:\study_software\ti\ccs\tools\compiler\ti-cgt-armllvm_4.0.4.LTS\lib\armv6m-ti-none-eabi\c\</path>
         <kind>archive</kind>
         <file>libc.a</file>
         <name>copy_decompress_none.c.obj</name>
      </input_file>
      <input_file id="fl-4f">
         <path>D:\study_software\ti\ccs\tools\compiler\ti-cgt-armllvm_4.0.4.LTS\lib\armv6m-ti-none-eabi\c\</path>
         <kind>archive</kind>
         <file>libc.a</file>
         <name>copy_decompress_lzss.c.obj</name>
      </input_file>
      <input_file id="fl-50">
         <path>D:\study_software\ti\ccs\tools\compiler\ti-cgt-armllvm_4.0.4.LTS\lib\armv6m-ti-none-eabi\c\</path>
         <kind>archive</kind>
         <file>libc.a</file>
         <name>e_sqrt.c.obj</name>
      </input_file>
      <input_file id="fl-51">
         <path>D:\study_software\ti\ccs\tools\compiler\ti-cgt-armllvm_4.0.4.LTS\lib\armv6m-ti-none-eabi\c\</path>
         <kind>archive</kind>
         <file>libc.a</file>
         <name>sprintf.c.obj</name>
      </input_file>
      <input_file id="fl-52">
         <path>D:\study_software\ti\ccs\tools\compiler\ti-cgt-armllvm_4.0.4.LTS\lib\armv6m-ti-none-eabi\c\</path>
         <kind>archive</kind>
         <file>libc.a</file>
         <name>fflush.c.obj</name>
      </input_file>
      <input_file id="fl-53">
         <path>D:\study_software\ti\ccs\tools\compiler\ti-cgt-armllvm_4.0.4.LTS\lib\armv6m-ti-none-eabi\c\</path>
         <kind>archive</kind>
         <file>libc.a</file>
         <name>fputs.c.obj</name>
      </input_file>
      <input_file id="fl-54">
         <path>D:\study_software\ti\ccs\tools\compiler\ti-cgt-armllvm_4.0.4.LTS\lib\armv6m-ti-none-eabi\c\</path>
         <kind>archive</kind>
         <file>libc.a</file>
         <name>_io_perm.c.obj</name>
      </input_file>
      <input_file id="fl-55">
         <path>D:\study_software\ti\ccs\tools\compiler\ti-cgt-armllvm_4.0.4.LTS\lib\armv6m-ti-none-eabi\c\</path>
         <kind>archive</kind>
         <file>libc.a</file>
         <name>setvbuf.c.obj</name>
      </input_file>
      <input_file id="fl-56">
         <path>D:\study_software\ti\ccs\tools\compiler\ti-cgt-armllvm_4.0.4.LTS\lib\armv6m-ti-none-eabi\c\</path>
         <kind>archive</kind>
         <file>libc.a</file>
         <name>exit.c.obj</name>
      </input_file>
      <input_file id="fl-57">
         <path>D:\study_software\ti\ccs\tools\compiler\ti-cgt-armllvm_4.0.4.LTS\lib\armv6m-ti-none-eabi\c\</path>
         <kind>archive</kind>
         <file>libc.a</file>
         <name>_lock.c.obj</name>
      </input_file>
      <input_file id="fl-58">
         <path>D:\study_software\ti\ccs\tools\compiler\ti-cgt-armllvm_4.0.4.LTS\lib\armv6m-ti-none-eabi\c\</path>
         <kind>archive</kind>
         <file>libc.a</file>
         <name>args_main.c.obj</name>
      </input_file>
      <input_file id="fl-59">
         <path>D:\study_software\ti\ccs\tools\compiler\ti-cgt-armllvm_4.0.4.LTS\lib\armv6m-ti-none-eabi\c\</path>
         <kind>archive</kind>
         <file>libc.a</file>
         <name>_printfi.c.obj</name>
      </input_file>
      <input_file id="fl-5a">
         <path>D:\study_software\ti\ccs\tools\compiler\ti-cgt-armllvm_4.0.4.LTS\lib\armv6m-ti-none-eabi\c\</path>
         <kind>archive</kind>
         <file>libc.a</file>
         <name>fopen.c.obj</name>
      </input_file>
      <input_file id="fl-5b">
         <path>D:\study_software\ti\ccs\tools\compiler\ti-cgt-armllvm_4.0.4.LTS\lib\armv6m-ti-none-eabi\c\</path>
         <kind>archive</kind>
         <file>libc.a</file>
         <name>fseek.c.obj</name>
      </input_file>
      <input_file id="fl-5c">
         <path>D:\study_software\ti\ccs\tools\compiler\ti-cgt-armllvm_4.0.4.LTS\lib\armv6m-ti-none-eabi\c\</path>
         <kind>archive</kind>
         <file>libc.a</file>
         <name>_ltoa.c.obj</name>
      </input_file>
      <input_file id="fl-5d">
         <path>D:\study_software\ti\ccs\tools\compiler\ti-cgt-armllvm_4.0.4.LTS\lib\armv6m-ti-none-eabi\c\</path>
         <kind>archive</kind>
         <file>libc.a</file>
         <name>atoi.c.obj</name>
      </input_file>
      <input_file id="fl-5e">
         <path>D:\study_software\ti\ccs\tools\compiler\ti-cgt-armllvm_4.0.4.LTS\lib\armv6m-ti-none-eabi\c\</path>
         <kind>archive</kind>
         <file>libc.a</file>
         <name>memccpy.c.obj</name>
      </input_file>
      <input_file id="fl-5f">
         <path>D:\study_software\ti\ccs\tools\compiler\ti-cgt-armllvm_4.0.4.LTS\lib\armv6m-ti-none-eabi\c\</path>
         <kind>archive</kind>
         <file>libc.a</file>
         <name>s_frexp.c.obj</name>
      </input_file>
      <input_file id="fl-60">
         <path>D:\study_software\ti\ccs\tools\compiler\ti-cgt-armllvm_4.0.4.LTS\lib\armv6m-ti-none-eabi\c\</path>
         <kind>archive</kind>
         <file>libc.a</file>
         <name>s_scalbn.c.obj</name>
      </input_file>
      <input_file id="fl-61">
         <path>D:\study_software\ti\ccs\tools\compiler\ti-cgt-armllvm_4.0.4.LTS\lib\armv6m-ti-none-eabi\c\</path>
         <kind>archive</kind>
         <file>libc.a</file>
         <name>wcslen.c.obj</name>
      </input_file>
      <input_file id="fl-62">
         <path>D:\study_software\ti\ccs\tools\compiler\ti-cgt-armllvm_4.0.4.LTS\lib\armv6m-ti-none-eabi\c\</path>
         <kind>archive</kind>
         <file>libc.a</file>
         <name>fclose.c.obj</name>
      </input_file>
      <input_file id="fl-63">
         <path>D:\study_software\ti\ccs\tools\compiler\ti-cgt-armllvm_4.0.4.LTS\lib\armv6m-ti-none-eabi\c\</path>
         <kind>archive</kind>
         <file>libc.a</file>
         <name>aeabi_ctype.S.obj</name>
      </input_file>
      <input_file id="fl-103">
         <path>D:\study_software\ti\ccs\tools\compiler\ti-cgt-armllvm_4.0.4.LTS\lib\armv6m-ti-none-eabi\c\</path>
         <kind>archive</kind>
         <file>libsysbm.a</file>
         <name>hostexit.c.obj</name>
      </input_file>
      <input_file id="fl-104">
         <path>D:\study_software\ti\ccs\tools\compiler\ti-cgt-armllvm_4.0.4.LTS\lib\armv6m-ti-none-eabi\c\</path>
         <kind>archive</kind>
         <file>libsysbm.a</file>
         <name>write.c.obj</name>
      </input_file>
      <input_file id="fl-105">
         <path>D:\study_software\ti\ccs\tools\compiler\ti-cgt-armllvm_4.0.4.LTS\lib\armv6m-ti-none-eabi\c\</path>
         <kind>archive</kind>
         <file>libsysbm.a</file>
         <name>host_device.c.obj</name>
      </input_file>
      <input_file id="fl-106">
         <path>D:\study_software\ti\ccs\tools\compiler\ti-cgt-armllvm_4.0.4.LTS\lib\armv6m-ti-none-eabi\c\</path>
         <kind>archive</kind>
         <file>libsysbm.a</file>
         <name>remove.c.obj</name>
      </input_file>
      <input_file id="fl-107">
         <path>D:\study_software\ti\ccs\tools\compiler\ti-cgt-armllvm_4.0.4.LTS\lib\armv6m-ti-none-eabi\c\</path>
         <kind>archive</kind>
         <file>libsysbm.a</file>
         <name>open.c.obj</name>
      </input_file>
      <input_file id="fl-108">
         <path>D:\study_software\ti\ccs\tools\compiler\ti-cgt-armllvm_4.0.4.LTS\lib\armv6m-ti-none-eabi\c\</path>
         <kind>archive</kind>
         <file>libsysbm.a</file>
         <name>lseek.c.obj</name>
      </input_file>
      <input_file id="fl-109">
         <path>D:\study_software\ti\ccs\tools\compiler\ti-cgt-armllvm_4.0.4.LTS\lib\armv6m-ti-none-eabi\c\</path>
         <kind>archive</kind>
         <file>libsysbm.a</file>
         <name>close.c.obj</name>
      </input_file>
      <input_file id="fl-10a">
         <path>D:\study_software\ti\ccs\tools\compiler\ti-cgt-armllvm_4.0.4.LTS\lib\armv6m-ti-none-eabi\c\</path>
         <kind>archive</kind>
         <file>libsysbm.a</file>
         <name>unlink.c.obj</name>
      </input_file>
      <input_file id="fl-10b">
         <path>D:\study_software\ti\ccs\tools\compiler\ti-cgt-armllvm_4.0.4.LTS\lib\armv6m-ti-none-eabi\c\</path>
         <kind>archive</kind>
         <file>libsysbm.a</file>
         <name>hostclose.c.obj</name>
      </input_file>
      <input_file id="fl-10c">
         <path>D:\study_software\ti\ccs\tools\compiler\ti-cgt-armllvm_4.0.4.LTS\lib\armv6m-ti-none-eabi\c\</path>
         <kind>archive</kind>
         <file>libsysbm.a</file>
         <name>hostlseek.c.obj</name>
      </input_file>
      <input_file id="fl-10d">
         <path>D:\study_software\ti\ccs\tools\compiler\ti-cgt-armllvm_4.0.4.LTS\lib\armv6m-ti-none-eabi\c\</path>
         <kind>archive</kind>
         <file>libsysbm.a</file>
         <name>hostopen.c.obj</name>
      </input_file>
      <input_file id="fl-10e">
         <path>D:\study_software\ti\ccs\tools\compiler\ti-cgt-armllvm_4.0.4.LTS\lib\armv6m-ti-none-eabi\c\</path>
         <kind>archive</kind>
         <file>libsysbm.a</file>
         <name>hostread.c.obj</name>
      </input_file>
      <input_file id="fl-10f">
         <path>D:\study_software\ti\ccs\tools\compiler\ti-cgt-armllvm_4.0.4.LTS\lib\armv6m-ti-none-eabi\c\</path>
         <kind>archive</kind>
         <file>libsysbm.a</file>
         <name>hostrename.c.obj</name>
      </input_file>
      <input_file id="fl-110">
         <path>D:\study_software\ti\ccs\tools\compiler\ti-cgt-armllvm_4.0.4.LTS\lib\armv6m-ti-none-eabi\c\</path>
         <kind>archive</kind>
         <file>libsysbm.a</file>
         <name>hostunlink.c.obj</name>
      </input_file>
      <input_file id="fl-111">
         <path>D:\study_software\ti\ccs\tools\compiler\ti-cgt-armllvm_4.0.4.LTS\lib\armv6m-ti-none-eabi\c\</path>
         <kind>archive</kind>
         <file>libsysbm.a</file>
         <name>hostwrite.c.obj</name>
      </input_file>
      <input_file id="fl-112">
         <path>D:\study_software\ti\ccs\tools\compiler\ti-cgt-armllvm_4.0.4.LTS\lib\armv6m-ti-none-eabi\c\</path>
         <kind>archive</kind>
         <file>libsysbm.a</file>
         <name>trgmsg.c.obj</name>
      </input_file>
      <input_file id="fl-113">
         <path>D:\study_software\ti\ccs\tools\compiler\ti-cgt-armllvm_4.0.4.LTS\lib\armv6m-ti-none-eabi\</path>
         <kind>archive</kind>
         <file>libclang_rt.builtins.a</file>
         <name>addsf3.S.obj</name>
      </input_file>
      <input_file id="fl-114">
         <path>D:\study_software\ti\ccs\tools\compiler\ti-cgt-armllvm_4.0.4.LTS\lib\armv6m-ti-none-eabi\</path>
         <kind>archive</kind>
         <file>libclang_rt.builtins.a</file>
         <name>adddf3.S.obj</name>
      </input_file>
      <input_file id="fl-115">
         <path>D:\study_software\ti\ccs\tools\compiler\ti-cgt-armllvm_4.0.4.LTS\lib\armv6m-ti-none-eabi\</path>
         <kind>archive</kind>
         <file>libclang_rt.builtins.a</file>
         <name>muldf3.S.obj</name>
      </input_file>
      <input_file id="fl-116">
         <path>D:\study_software\ti\ccs\tools\compiler\ti-cgt-armllvm_4.0.4.LTS\lib\armv6m-ti-none-eabi\</path>
         <kind>archive</kind>
         <file>libclang_rt.builtins.a</file>
         <name>muldsi3.S.obj</name>
      </input_file>
      <input_file id="fl-117">
         <path>D:\study_software\ti\ccs\tools\compiler\ti-cgt-armllvm_4.0.4.LTS\lib\armv6m-ti-none-eabi\</path>
         <kind>archive</kind>
         <file>libclang_rt.builtins.a</file>
         <name>mulsf3.S.obj</name>
      </input_file>
      <input_file id="fl-118">
         <path>D:\study_software\ti\ccs\tools\compiler\ti-cgt-armllvm_4.0.4.LTS\lib\armv6m-ti-none-eabi\</path>
         <kind>archive</kind>
         <file>libclang_rt.builtins.a</file>
         <name>divsf3.S.obj</name>
      </input_file>
      <input_file id="fl-119">
         <path>D:\study_software\ti\ccs\tools\compiler\ti-cgt-armllvm_4.0.4.LTS\lib\armv6m-ti-none-eabi\</path>
         <kind>archive</kind>
         <file>libclang_rt.builtins.a</file>
         <name>divdf3.S.obj</name>
      </input_file>
      <input_file id="fl-11a">
         <path>D:\study_software\ti\ccs\tools\compiler\ti-cgt-armllvm_4.0.4.LTS\lib\armv6m-ti-none-eabi\</path>
         <kind>archive</kind>
         <file>libclang_rt.builtins.a</file>
         <name>extendsfdf2.S.obj</name>
      </input_file>
      <input_file id="fl-11b">
         <path>D:\study_software\ti\ccs\tools\compiler\ti-cgt-armllvm_4.0.4.LTS\lib\armv6m-ti-none-eabi\</path>
         <kind>archive</kind>
         <file>libclang_rt.builtins.a</file>
         <name>fixdfsi.S.obj</name>
      </input_file>
      <input_file id="fl-11c">
         <path>D:\study_software\ti\ccs\tools\compiler\ti-cgt-armllvm_4.0.4.LTS\lib\armv6m-ti-none-eabi\</path>
         <kind>archive</kind>
         <file>libclang_rt.builtins.a</file>
         <name>fixsfsi.S.obj</name>
      </input_file>
      <input_file id="fl-11d">
         <path>D:\study_software\ti\ccs\tools\compiler\ti-cgt-armllvm_4.0.4.LTS\lib\armv6m-ti-none-eabi\</path>
         <kind>archive</kind>
         <file>libclang_rt.builtins.a</file>
         <name>floatsidf.S.obj</name>
      </input_file>
      <input_file id="fl-11e">
         <path>D:\study_software\ti\ccs\tools\compiler\ti-cgt-armllvm_4.0.4.LTS\lib\armv6m-ti-none-eabi\</path>
         <kind>archive</kind>
         <file>libclang_rt.builtins.a</file>
         <name>floatsisf.S.obj</name>
      </input_file>
      <input_file id="fl-11f">
         <path>D:\study_software\ti\ccs\tools\compiler\ti-cgt-armllvm_4.0.4.LTS\lib\armv6m-ti-none-eabi\</path>
         <kind>archive</kind>
         <file>libclang_rt.builtins.a</file>
         <name>floatunsisf.S.obj</name>
      </input_file>
      <input_file id="fl-120">
         <path>D:\study_software\ti\ccs\tools\compiler\ti-cgt-armllvm_4.0.4.LTS\lib\armv6m-ti-none-eabi\</path>
         <kind>archive</kind>
         <file>libclang_rt.builtins.a</file>
         <name>muldi3.S.obj</name>
      </input_file>
      <input_file id="fl-121">
         <path>D:\study_software\ti\ccs\tools\compiler\ti-cgt-armllvm_4.0.4.LTS\lib\armv6m-ti-none-eabi\</path>
         <kind>archive</kind>
         <file>libclang_rt.builtins.a</file>
         <name>truncdfsf2.S.obj</name>
      </input_file>
      <input_file id="fl-122">
         <path>D:\study_software\ti\ccs\tools\compiler\ti-cgt-armllvm_4.0.4.LTS\lib\armv6m-ti-none-eabi\</path>
         <kind>archive</kind>
         <file>libclang_rt.builtins.a</file>
         <name>aeabi_dcmp.S.obj</name>
      </input_file>
      <input_file id="fl-123">
         <path>D:\study_software\ti\ccs\tools\compiler\ti-cgt-armllvm_4.0.4.LTS\lib\armv6m-ti-none-eabi\</path>
         <kind>archive</kind>
         <file>libclang_rt.builtins.a</file>
         <name>aeabi_fcmp.S.obj</name>
      </input_file>
      <input_file id="fl-124">
         <path>D:\study_software\ti\ccs\tools\compiler\ti-cgt-armllvm_4.0.4.LTS\lib\armv6m-ti-none-eabi\</path>
         <kind>archive</kind>
         <file>libclang_rt.builtins.a</file>
         <name>aeabi_idivmod.S.obj</name>
      </input_file>
      <input_file id="fl-125">
         <path>D:\study_software\ti\ccs\tools\compiler\ti-cgt-armllvm_4.0.4.LTS\lib\armv6m-ti-none-eabi\</path>
         <kind>archive</kind>
         <file>libclang_rt.builtins.a</file>
         <name>aeabi_memcpy.S.obj</name>
      </input_file>
      <input_file id="fl-126">
         <path>D:\study_software\ti\ccs\tools\compiler\ti-cgt-armllvm_4.0.4.LTS\lib\armv6m-ti-none-eabi\</path>
         <kind>archive</kind>
         <file>libclang_rt.builtins.a</file>
         <name>aeabi_memset.S.obj</name>
      </input_file>
      <input_file id="fl-127">
         <path>D:\study_software\ti\ccs\tools\compiler\ti-cgt-armllvm_4.0.4.LTS\lib\armv6m-ti-none-eabi\</path>
         <kind>archive</kind>
         <file>libclang_rt.builtins.a</file>
         <name>aeabi_uidivmod.S.obj</name>
      </input_file>
      <input_file id="fl-128">
         <path>D:\study_software\ti\ccs\tools\compiler\ti-cgt-armllvm_4.0.4.LTS\lib\armv6m-ti-none-eabi\</path>
         <kind>archive</kind>
         <file>libclang_rt.builtins.a</file>
         <name>aeabi_uldivmod.S.obj</name>
      </input_file>
      <input_file id="fl-129">
         <path>D:\study_software\ti\ccs\tools\compiler\ti-cgt-armllvm_4.0.4.LTS\lib\armv6m-ti-none-eabi\</path>
         <kind>archive</kind>
         <file>libclang_rt.builtins.a</file>
         <name>comparesf2.S.obj</name>
      </input_file>
      <input_file id="fl-12a">
         <path>D:\study_software\ti\ccs\tools\compiler\ti-cgt-armllvm_4.0.4.LTS\lib\armv6m-ti-none-eabi\</path>
         <kind>archive</kind>
         <file>libclang_rt.builtins.a</file>
         <name>udivmoddi4.S.obj</name>
      </input_file>
      <input_file id="fl-12b">
         <path>D:\study_software\ti\ccs\tools\compiler\ti-cgt-armllvm_4.0.4.LTS\lib\armv6m-ti-none-eabi\</path>
         <kind>archive</kind>
         <file>libclang_rt.builtins.a</file>
         <name>ashldi3.S.obj</name>
      </input_file>
      <input_file id="fl-12c">
         <path>D:\study_software\ti\ccs\tools\compiler\ti-cgt-armllvm_4.0.4.LTS\lib\armv6m-ti-none-eabi\</path>
         <kind>archive</kind>
         <file>libclang_rt.builtins.a</file>
         <name>comparedf2.c.obj</name>
      </input_file>
      <input_file id="fl-12d">
         <path>D:\study_software\ti\ccs\tools\compiler\ti-cgt-armllvm_4.0.4.LTS\lib\armv6m-ti-none-eabi\</path>
         <kind>archive</kind>
         <file>libclang_rt.builtins.a</file>
         <name>aeabi_div0.c.obj</name>
      </input_file>
      <input_file id="fl-12e">
         <path>D:\study_software\ti\ccs\tools\compiler\ti-cgt-armllvm_4.0.4.LTS\lib\armv6m-ti-none-eabi\c\</path>
         <kind>archive</kind>
         <file>libc.a</file>
         <name>getdevice.c.obj</name>
      </input_file>
      <input_file id="fl-12f">
         <path>D:\study_software\ti\ccs\tools\compiler\ti-cgt-armllvm_4.0.4.LTS\lib\armv6m-ti-none-eabi\c\</path>
         <kind>archive</kind>
         <file>libc.a</file>
         <name>memcpy16.S.obj</name>
      </input_file>
      <input_file id="fl-130">
         <path>D:\study_software\ti\ccs\tools\compiler\ti-cgt-armllvm_4.0.4.LTS\lib\armv6m-ti-none-eabi\c\</path>
         <kind>archive</kind>
         <file>libc.a</file>
         <name>memset16.S.obj</name>
      </input_file>
      <input_file id="fl-131">
         <path>D:\study_software\ti\ccs\tools\compiler\ti-cgt-armllvm_4.0.4.LTS\lib\armv6m-ti-none-eabi\c\</path>
         <kind>archive</kind>
         <file>libc.a</file>
         <name>strcmp-armv6m.S.obj</name>
      </input_file>
   </input_file_list>
   <object_component_list>
      <object_component id="oc-18">
         <name>.intvecs</name>
         <load_address>0x0</load_address>
         <readonly>true</readonly>
         <run_address>0x0</run_address>
         <size>0xc0</size>
         <alignment>0x4</alignment>
         <input_file_ref idref="fl-f"/>
      </object_component>
      <object_component id="oc-188">
         <name>.text.SEGGER_RTT_vprintf</name>
         <load_address>0xc0</load_address>
         <readonly>true</readonly>
         <executable>true</executable>
         <run_address>0xc0</run_address>
         <size>0x484</size>
         <alignment>0x4</alignment>
         <input_file_ref idref="fl-e"/>
      </object_component>
      <object_component id="oc-cd">
         <name>.text.imu660rc_get_quarternion</name>
         <load_address>0x544</load_address>
         <readonly>true</readonly>
         <executable>true</executable>
         <run_address>0x544</run_address>
         <size>0x480</size>
         <alignment>0x4</alignment>
         <input_file_ref idref="fl-b"/>
      </object_component>
      <object_component id="oc-18f">
         <name>.text.pvPortMalloc</name>
         <load_address>0x9c4</load_address>
         <readonly>true</readonly>
         <executable>true</executable>
         <run_address>0x9c4</run_address>
         <size>0x294</size>
         <alignment>0x4</alignment>
         <input_file_ref idref="fl-24"/>
      </object_component>
      <object_component id="oc-103">
         <name>.text.DI_Motor_Task</name>
         <load_address>0xc58</load_address>
         <readonly>true</readonly>
         <executable>true</executable>
         <run_address>0xc58</run_address>
         <size>0x250</size>
         <alignment>0x4</alignment>
         <input_file_ref idref="fl-4"/>
      </object_component>
      <object_component id="oc-243">
         <name>.text._PrintUnsigned</name>
         <load_address>0xea8</load_address>
         <readonly>true</readonly>
         <executable>true</executable>
         <run_address>0xea8</run_address>
         <size>0x220</size>
         <alignment>0x4</alignment>
         <input_file_ref idref="fl-e"/>
      </object_component>
      <object_component id="oc-8a">
         <name>.text.xTaskIncrementTick</name>
         <load_address>0x10c8</load_address>
         <readonly>true</readonly>
         <executable>true</executable>
         <run_address>0x10c8</run_address>
         <size>0x210</size>
         <alignment>0x4</alignment>
         <input_file_ref idref="fl-1e"/>
      </object_component>
      <object_component id="oc-24d">
         <name>.text.xTaskResumeAll</name>
         <load_address>0x12d8</load_address>
         <readonly>true</readonly>
         <executable>true</executable>
         <run_address>0x12d8</run_address>
         <size>0x1f8</size>
         <alignment>0x4</alignment>
         <input_file_ref idref="fl-1e"/>
      </object_component>
      <object_component id="oc-209">
         <name>.text.atanf</name>
         <load_address>0x14d0</load_address>
         <readonly>true</readonly>
         <executable>true</executable>
         <run_address>0x14d0</run_address>
         <size>0x1c8</size>
         <alignment>0x4</alignment>
         <input_file_ref idref="fl-43"/>
      </object_component>
      <object_component id="oc-2d9">
         <name>.text.xQueueReceive</name>
         <load_address>0x1698</load_address>
         <readonly>true</readonly>
         <executable>true</executable>
         <run_address>0x1698</run_address>
         <size>0x1a4</size>
         <alignment>0x2</alignment>
         <input_file_ref idref="fl-1d"/>
      </object_component>
      <object_component id="oc-2be">
         <name>.text.vPortSuppressTicksAndSleep</name>
         <load_address>0x183c</load_address>
         <readonly>true</readonly>
         <executable>true</executable>
         <run_address>0x183c</run_address>
         <size>0x1a0</size>
         <alignment>0x4</alignment>
         <input_file_ref idref="fl-20"/>
      </object_component>
      <object_component id="oc-1bc">
         <name>.text.PID_Yaw_Cal</name>
         <load_address>0x19dc</load_address>
         <readonly>true</readonly>
         <executable>true</executable>
         <run_address>0x19dc</run_address>
         <size>0x19c</size>
         <alignment>0x4</alignment>
         <input_file_ref idref="fl-9"/>
      </object_component>
      <object_component id="oc-217">
         <name>.text.adddf3_subdf3</name>
         <load_address>0x1b78</load_address>
         <readonly>true</readonly>
         <executable>true</executable>
         <run_address>0x1b78</run_address>
         <size>0x192</size>
         <alignment>0x4</alignment>
         <input_file_ref idref="fl-114"/>
      </object_component>
      <object_component id="oc-3e">
         <name>.text.Default_Handler</name>
         <load_address>0x1d0a</load_address>
         <readonly>true</readonly>
         <executable>true</executable>
         <run_address>0x1d0a</run_address>
         <size>0x2</size>
         <alignment>0x2</alignment>
         <input_file_ref idref="fl-f"/>
      </object_component>
      <object_component id="oc-2a8">
         <name>.text.xTaskRemoveFromEventList</name>
         <load_address>0x1d0c</load_address>
         <readonly>true</readonly>
         <executable>true</executable>
         <run_address>0x1d0c</run_address>
         <size>0x190</size>
         <alignment>0x4</alignment>
         <input_file_ref idref="fl-1e"/>
      </object_component>
      <object_component id="oc-1a8">
         <name>.text.imu660rc_init</name>
         <load_address>0x1e9c</load_address>
         <readonly>true</readonly>
         <executable>true</executable>
         <run_address>0x1e9c</run_address>
         <size>0x17c</size>
         <alignment>0x4</alignment>
         <input_file_ref idref="fl-b"/>
      </object_component>
      <object_component id="oc-213">
         <name>.text.sqrt</name>
         <load_address>0x2018</load_address>
         <readonly>true</readonly>
         <executable>true</executable>
         <run_address>0x2018</run_address>
         <size>0x170</size>
         <alignment>0x4</alignment>
         <input_file_ref idref="fl-50"/>
      </object_component>
      <object_component id="oc-2a3">
         <name>.text.SEGGER_RTT_WriteNoLock</name>
         <load_address>0x2188</load_address>
         <readonly>true</readonly>
         <executable>true</executable>
         <run_address>0x2188</run_address>
         <size>0x164</size>
         <alignment>0x4</alignment>
         <input_file_ref idref="fl-d"/>
      </object_component>
      <object_component id="oc-144">
         <name>.text.asinf</name>
         <load_address>0x22ec</load_address>
         <readonly>true</readonly>
         <executable>true</executable>
         <run_address>0x22ec</run_address>
         <size>0x160</size>
         <alignment>0x4</alignment>
         <input_file_ref idref="fl-40"/>
      </object_component>
      <object_component id="oc-2ca">
         <name>.text.prvProcessReceivedCommands</name>
         <load_address>0x244c</load_address>
         <readonly>true</readonly>
         <executable>true</executable>
         <run_address>0x244c</run_address>
         <size>0x15c</size>
         <alignment>0x4</alignment>
         <input_file_ref idref="fl-1f"/>
      </object_component>
      <object_component id="oc-198">
         <name>.text.prvAddNewTaskToReadyList</name>
         <load_address>0x25a8</load_address>
         <readonly>true</readonly>
         <executable>true</executable>
         <run_address>0x25a8</run_address>
         <size>0x128</size>
         <alignment>0x4</alignment>
         <input_file_ref idref="fl-1e"/>
      </object_component>
      <object_component id="oc-140">
         <name>.text.atan2f</name>
         <load_address>0x26d0</load_address>
         <readonly>true</readonly>
         <executable>true</executable>
         <run_address>0x26d0</run_address>
         <size>0x118</size>
         <alignment>0x4</alignment>
         <input_file_ref idref="fl-41"/>
      </object_component>
      <object_component id="oc-156">
         <name>.text.imu660rc_i2c_read_regs</name>
         <load_address>0x27e8</load_address>
         <readonly>true</readonly>
         <executable>true</executable>
         <run_address>0x27e8</run_address>
         <size>0x118</size>
         <alignment>0x4</alignment>
         <input_file_ref idref="fl-c"/>
      </object_component>
      <object_component id="oc-2b2">
         <name>.text.pxPortInitialiseStack</name>
         <load_address>0x2900</load_address>
         <readonly>true</readonly>
         <executable>true</executable>
         <run_address>0x2900</run_address>
         <size>0x114</size>
         <alignment>0x4</alignment>
         <input_file_ref idref="fl-20"/>
      </object_component>
      <object_component id="oc-1ca">
         <name>.text.PID_Speed_Cal</name>
         <load_address>0x2a14</load_address>
         <readonly>true</readonly>
         <executable>true</executable>
         <run_address>0x2a14</run_address>
         <size>0x112</size>
         <alignment>0x2</alignment>
         <input_file_ref idref="fl-9"/>
      </object_component>
      <object_component id="oc-245">
         <name>.text.__aeabi_idiv0</name>
         <load_address>0x2b26</load_address>
         <readonly>true</readonly>
         <executable>true</executable>
         <run_address>0x2b26</run_address>
         <size>0x2</size>
         <alignment>0x2</alignment>
         <input_file_ref idref="fl-12d"/>
      </object_component>
      <object_component id="oc-14e">
         <name>.text.__divdf3</name>
         <load_address>0x2b28</load_address>
         <readonly>true</readonly>
         <executable>true</executable>
         <run_address>0x2b28</run_address>
         <size>0x10c</size>
         <alignment>0x4</alignment>
         <input_file_ref idref="fl-119"/>
      </object_component>
      <object_component id="oc-12a">
         <name>.text.imu660rc_i2c_read_reg</name>
         <load_address>0x2c34</load_address>
         <readonly>true</readonly>
         <executable>true</executable>
         <run_address>0x2c34</run_address>
         <size>0x10c</size>
         <alignment>0x4</alignment>
         <input_file_ref idref="fl-c"/>
      </object_component>
      <object_component id="oc-2ae">
         <name>.text.prvInsertBlockIntoFreeList</name>
         <load_address>0x2d40</load_address>
         <readonly>true</readonly>
         <executable>true</executable>
         <run_address>0x2d40</run_address>
         <size>0x10c</size>
         <alignment>0x4</alignment>
         <input_file_ref idref="fl-24"/>
      </object_component>
      <object_component id="oc-1c">
         <name>.text.vTaskSwitchContext</name>
         <load_address>0x2e4c</load_address>
         <readonly>true</readonly>
         <executable>true</executable>
         <run_address>0x2e4c</run_address>
         <size>0x10c</size>
         <alignment>0x4</alignment>
         <input_file_ref idref="fl-1e"/>
      </object_component>
      <object_component id="oc-226">
         <name>.text.DL_Timer_initFourCCPWMMode</name>
         <load_address>0x2f58</load_address>
         <readonly>true</readonly>
         <executable>true</executable>
         <run_address>0x2f58</run_address>
         <size>0x104</size>
         <alignment>0x4</alignment>
         <input_file_ref idref="fl-28"/>
      </object_component>
      <object_component id="oc-51">
         <name>.text.I2C1_IRQHandler</name>
         <load_address>0x305c</load_address>
         <readonly>true</readonly>
         <executable>true</executable>
         <run_address>0x305c</run_address>
         <size>0x104</size>
         <alignment>0x4</alignment>
         <input_file_ref idref="fl-c"/>
      </object_component>
      <object_component id="oc-258">
         <name>.text.prvInitialiseNewTask</name>
         <load_address>0x3160</load_address>
         <readonly>true</readonly>
         <executable>true</executable>
         <run_address>0x3160</run_address>
         <size>0x104</size>
         <alignment>0x2</alignment>
         <input_file_ref idref="fl-1e"/>
      </object_component>
      <object_component id="oc-167">
         <name>.text.SYSCFG_DL_GPIO_init</name>
         <load_address>0x3264</load_address>
         <readonly>true</readonly>
         <executable>true</executable>
         <run_address>0x3264</run_address>
         <size>0xfc</size>
         <alignment>0x4</alignment>
         <input_file_ref idref="fl-1"/>
      </object_component>
      <object_component id="oc-257">
         <name>.text.vPortFree</name>
         <load_address>0x3360</load_address>
         <readonly>true</readonly>
         <executable>true</executable>
         <run_address>0x3360</run_address>
         <size>0xf8</size>
         <alignment>0x4</alignment>
         <input_file_ref idref="fl-24"/>
      </object_component>
      <object_component id="oc-1c2">
         <name>.text.__muldf3</name>
         <load_address>0x3458</load_address>
         <readonly>true</readonly>
         <executable>true</executable>
         <run_address>0x3458</run_address>
         <size>0xe4</size>
         <alignment>0x4</alignment>
         <input_file_ref idref="fl-115"/>
      </object_component>
      <object_component id="oc-276">
         <name>.text.prvAddCurrentTaskToDelayedList</name>
         <load_address>0x353c</load_address>
         <readonly>true</readonly>
         <executable>true</executable>
         <run_address>0x353c</run_address>
         <size>0xe4</size>
         <alignment>0x4</alignment>
         <input_file_ref idref="fl-1e"/>
      </object_component>
      <object_component id="oc-256">
         <name>.text.xQueueGenericReset</name>
         <load_address>0x3620</load_address>
         <readonly>true</readonly>
         <executable>true</executable>
         <run_address>0x3620</run_address>
         <size>0xe4</size>
         <alignment>0x2</alignment>
         <input_file_ref idref="fl-1d"/>
      </object_component>
      <object_component id="oc-12f">
         <name>.text</name>
         <load_address>0x3704</load_address>
         <readonly>true</readonly>
         <executable>true</executable>
         <run_address>0x3704</run_address>
         <size>0xd8</size>
         <alignment>0x4</alignment>
         <input_file_ref idref="fl-113"/>
      </object_component>
      <object_component id="oc-199">
         <name>.text.prvCreateIdleTasks</name>
         <load_address>0x37dc</load_address>
         <readonly>true</readonly>
         <executable>true</executable>
         <run_address>0x37dc</run_address>
         <size>0xcc</size>
         <alignment>0x4</alignment>
         <input_file_ref idref="fl-1e"/>
      </object_component>
      <object_component id="oc-bb">
         <name>.text.main</name>
         <load_address>0x38a8</load_address>
         <readonly>true</readonly>
         <executable>true</executable>
         <run_address>0x38a8</run_address>
         <size>0xc8</size>
         <alignment>0x4</alignment>
         <input_file_ref idref="fl-3"/>
      </object_component>
      <object_component id="oc-1ae">
         <name>.text.Line_Update</name>
         <load_address>0x3970</load_address>
         <readonly>true</readonly>
         <executable>true</executable>
         <run_address>0x3970</run_address>
         <size>0xc0</size>
         <alignment>0x4</alignment>
         <input_file_ref idref="fl-8"/>
      </object_component>
      <object_component id="oc-46">
         <name>.text.GROUP1_IRQHandler</name>
         <load_address>0x3a30</load_address>
         <readonly>true</readonly>
         <executable>true</executable>
         <run_address>0x3a30</run_address>
         <size>0xbc</size>
         <alignment>0x4</alignment>
         <input_file_ref idref="fl-7"/>
      </object_component>
      <object_component id="oc-2df">
         <name>.text.prvUnlockQueue</name>
         <load_address>0x3aec</load_address>
         <readonly>true</readonly>
         <executable>true</executable>
         <run_address>0x3aec</run_address>
         <size>0xb6</size>
         <alignment>0x2</alignment>
         <input_file_ref idref="fl-1d"/>
      </object_component>
      <object_component id="oc-5b">
         <name>.text.vApplicationStackOverflowHook</name>
         <load_address>0x3ba2</load_address>
         <readonly>true</readonly>
         <executable>true</executable>
         <run_address>0x3ba2</run_address>
         <size>0x2</size>
         <alignment>0x2</alignment>
         <input_file_ref idref="fl-3"/>
      </object_component>
      <object_component id="oc-2e3">
         <name>.text.xTaskCheckForTimeOut</name>
         <load_address>0x3ba4</load_address>
         <readonly>true</readonly>
         <executable>true</executable>
         <run_address>0x3ba4</run_address>
         <size>0xb4</size>
         <alignment>0x4</alignment>
         <input_file_ref idref="fl-1e"/>
      </object_component>
      <object_component id="oc-129">
         <name>.text.imu660rc_i2c_write_reg</name>
         <load_address>0x3c58</load_address>
         <readonly>true</readonly>
         <executable>true</executable>
         <run_address>0x3c58</run_address>
         <size>0xa4</size>
         <alignment>0x4</alignment>
         <input_file_ref idref="fl-c"/>
      </object_component>
      <object_component id="oc-244">
         <name>.text.SEGGER_RTT_Write</name>
         <load_address>0x3cfc</load_address>
         <readonly>true</readonly>
         <executable>true</executable>
         <run_address>0x3cfc</run_address>
         <size>0xa0</size>
         <alignment>0x4</alignment>
         <input_file_ref idref="fl-d"/>
      </object_component>
      <object_component id="oc-169">
         <name>.text.SYSCFG_DL_PWM_DI_init</name>
         <load_address>0x3d9c</load_address>
         <readonly>true</readonly>
         <executable>true</executable>
         <run_address>0x3d9c</run_address>
         <size>0xa0</size>
         <alignment>0x4</alignment>
         <input_file_ref idref="fl-1"/>
      </object_component>
      <object_component id="oc-24c">
         <name>.text.prvHeapInit</name>
         <load_address>0x3e3c</load_address>
         <readonly>true</readonly>
         <executable>true</executable>
         <run_address>0x3e3c</run_address>
         <size>0xa0</size>
         <alignment>0x4</alignment>
         <input_file_ref idref="fl-24"/>
      </object_component>
      <object_component id="oc-133">
         <name>.text.sqrtf</name>
         <load_address>0x3edc</load_address>
         <readonly>true</readonly>
         <executable>true</executable>
         <run_address>0x3edc</run_address>
         <size>0xa0</size>
         <alignment>0x4</alignment>
         <input_file_ref idref="fl-42"/>
      </object_component>
      <object_component id="oc-2bf">
         <name>.text.xQueueGenericCreateStatic</name>
         <load_address>0x3f7c</load_address>
         <readonly>true</readonly>
         <executable>true</executable>
         <run_address>0x3f7c</run_address>
         <size>0xa0</size>
         <alignment>0x2</alignment>
         <input_file_ref idref="fl-1d"/>
      </object_component>
      <object_component id="oc-d8">
         <name>.text:memcpy</name>
         <load_address>0x401c</load_address>
         <readonly>true</readonly>
         <executable>true</executable>
         <run_address>0x401c</run_address>
         <size>0x9a</size>
         <alignment>0x1</alignment>
         <input_file_ref idref="fl-12f"/>
      </object_component>
      <object_component id="oc-2bb">
         <name>.text.prvCreateStaticTask</name>
         <load_address>0x40b6</load_address>
         <readonly>true</readonly>
         <executable>true</executable>
         <run_address>0x40b6</run_address>
         <size>0x98</size>
         <alignment>0x2</alignment>
         <input_file_ref idref="fl-1e"/>
      </object_component>
      <object_component id="oc-165">
         <name>.text.SYSCFG_DL_initPower</name>
         <load_address>0x4150</load_address>
         <readonly>true</readonly>
         <executable>true</executable>
         <run_address>0x4150</run_address>
         <size>0x94</size>
         <alignment>0x4</alignment>
         <input_file_ref idref="fl-1"/>
      </object_component>
      <object_component id="oc-f8">
         <name>.text.xQueueGenericCreate</name>
         <load_address>0x41e4</load_address>
         <readonly>true</readonly>
         <executable>true</executable>
         <run_address>0x41e4</run_address>
         <size>0x94</size>
         <alignment>0x2</alignment>
         <input_file_ref idref="fl-1d"/>
      </object_component>
      <object_component id="oc-12b">
         <name>.text.__mulsf3</name>
         <load_address>0x4278</load_address>
         <readonly>true</readonly>
         <executable>true</executable>
         <run_address>0x4278</run_address>
         <size>0x8c</size>
         <alignment>0x4</alignment>
         <input_file_ref idref="fl-117"/>
      </object_component>
      <object_component id="oc-2c9">
         <name>.text.prvProcessTimerOrBlockTask</name>
         <load_address>0x4304</load_address>
         <readonly>true</readonly>
         <executable>true</executable>
         <run_address>0x4304</run_address>
         <size>0x8c</size>
         <alignment>0x4</alignment>
         <input_file_ref idref="fl-1f"/>
      </object_component>
      <object_component id="oc-197">
         <name>.text.prvCreateTask</name>
         <load_address>0x4390</load_address>
         <readonly>true</readonly>
         <executable>true</executable>
         <run_address>0x4390</run_address>
         <size>0x84</size>
         <alignment>0x2</alignment>
         <input_file_ref idref="fl-1e"/>
      </object_component>
      <object_component id="oc-2da">
         <name>.text.prvInsertTimerInActiveList</name>
         <load_address>0x4414</load_address>
         <readonly>true</readonly>
         <executable>true</executable>
         <run_address>0x4414</run_address>
         <size>0x84</size>
         <alignment>0x4</alignment>
         <input_file_ref idref="fl-1f"/>
      </object_component>
      <object_component id="oc-2d5">
         <name>.text.vTaskStepTick</name>
         <load_address>0x4498</load_address>
         <readonly>true</readonly>
         <executable>true</executable>
         <run_address>0x4498</run_address>
         <size>0x84</size>
         <alignment>0x4</alignment>
         <input_file_ref idref="fl-1e"/>
      </object_component>
      <object_component id="oc-13b">
         <name>.text.__divsf3</name>
         <load_address>0x451c</load_address>
         <readonly>true</readonly>
         <executable>true</executable>
         <run_address>0x451c</run_address>
         <size>0x82</size>
         <alignment>0x4</alignment>
         <input_file_ref idref="fl-118"/>
      </object_component>
      <object_component id="oc-16e">
         <name>.text.SYSCFG_DL_UART_0_init</name>
         <load_address>0x45a0</load_address>
         <readonly>true</readonly>
         <executable>true</executable>
         <run_address>0x45a0</run_address>
         <size>0x80</size>
         <alignment>0x4</alignment>
         <input_file_ref idref="fl-1"/>
      </object_component>
      <object_component id="oc-16f">
         <name>.text.SYSCFG_DL_UART_1_init</name>
         <load_address>0x4620</load_address>
         <readonly>true</readonly>
         <executable>true</executable>
         <run_address>0x4620</run_address>
         <size>0x80</size>
         <alignment>0x4</alignment>
         <input_file_ref idref="fl-1"/>
      </object_component>
      <object_component id="oc-170">
         <name>.text.SYSCFG_DL_UART_2_init</name>
         <load_address>0x46a0</load_address>
         <readonly>true</readonly>
         <executable>true</executable>
         <run_address>0x46a0</run_address>
         <size>0x80</size>
         <alignment>0x4</alignment>
         <input_file_ref idref="fl-1"/>
      </object_component>
      <object_component id="oc-171">
         <name>.text.SYSCFG_DL_UART_3_init</name>
         <load_address>0x4720</load_address>
         <readonly>true</readonly>
         <executable>true</executable>
         <run_address>0x4720</run_address>
         <size>0x80</size>
         <alignment>0x4</alignment>
         <input_file_ref idref="fl-1"/>
      </object_component>
      <object_component id="oc-19f">
         <name>.text.xPortStartScheduler</name>
         <load_address>0x47a0</load_address>
         <readonly>true</readonly>
         <executable>true</executable>
         <run_address>0x47a0</run_address>
         <size>0x80</size>
         <alignment>0x4</alignment>
         <input_file_ref idref="fl-20"/>
      </object_component>
      <object_component id="oc-2d4">
         <name>.text.eTaskConfirmSleepModeStatus</name>
         <load_address>0x4820</load_address>
         <readonly>true</readonly>
         <executable>true</executable>
         <run_address>0x4820</run_address>
         <size>0x7c</size>
         <alignment>0x4</alignment>
         <input_file_ref idref="fl-1e"/>
      </object_component>
      <object_component id="oc-25a">
         <name>.text.prvInitialiseTaskLists</name>
         <load_address>0x489c</load_address>
         <readonly>true</readonly>
         <executable>true</executable>
         <run_address>0x489c</run_address>
         <size>0x7c</size>
         <alignment>0x4</alignment>
         <input_file_ref idref="fl-1e"/>
      </object_component>
      <object_component id="oc-19a">
         <name>.text.xTimerCreateTimerTask</name>
         <load_address>0x4918</load_address>
         <readonly>true</readonly>
         <executable>true</executable>
         <run_address>0x4918</run_address>
         <size>0x7c</size>
         <alignment>0x4</alignment>
         <input_file_ref idref="fl-1f"/>
      </object_component>
      <object_component id="oc-27">
         <name>.text:decompress:lzss</name>
         <load_address>0x4994</load_address>
         <readonly>true</readonly>
         <executable>true</executable>
         <run_address>0x4994</run_address>
         <size>0x7c</size>
         <alignment>0x4</alignment>
         <input_file_ref idref="fl-4f"/>
      </object_component>
      <object_component id="oc-ec">
         <name>.text.SEGGER_RTT_Init</name>
         <load_address>0x4a10</load_address>
         <readonly>true</readonly>
         <executable>true</executable>
         <run_address>0x4a10</run_address>
         <size>0x78</size>
         <alignment>0x4</alignment>
         <input_file_ref idref="fl-d"/>
      </object_component>
      <object_component id="oc-16a">
         <name>.text.SYSCFG_DL_PWM_Step1_init</name>
         <load_address>0x4a88</load_address>
         <readonly>true</readonly>
         <executable>true</executable>
         <run_address>0x4a88</run_address>
         <size>0x78</size>
         <alignment>0x4</alignment>
         <input_file_ref idref="fl-1"/>
      </object_component>
      <object_component id="oc-2bd">
         <name>.text.prvGetExpectedIdleTime</name>
         <load_address>0x4b00</load_address>
         <readonly>true</readonly>
         <executable>true</executable>
         <run_address>0x4b00</run_address>
         <size>0x78</size>
         <alignment>0x4</alignment>
         <input_file_ref idref="fl-1e"/>
      </object_component>
      <object_component id="oc-1f9">
         <name>.text.__aeabi_errno_addr</name>
         <load_address>0x4b78</load_address>
         <readonly>true</readonly>
         <executable>true</executable>
         <run_address>0x4b78</run_address>
         <size>0x8</size>
         <alignment>0x4</alignment>
         <input_file_ref idref="fl-44"/>
      </object_component>
      <object_component id="oc-152">
         <name>.text.__truncdfsf2</name>
         <load_address>0x4b80</load_address>
         <readonly>true</readonly>
         <executable>true</executable>
         <run_address>0x4b80</run_address>
         <size>0x74</size>
         <alignment>0x10</alignment>
         <input_file_ref idref="fl-121"/>
      </object_component>
      <object_component id="oc-2de">
         <name>.text.vTaskPlaceOnEventListRestricted</name>
         <load_address>0x4bf4</load_address>
         <readonly>true</readonly>
         <executable>true</executable>
         <run_address>0x4bf4</run_address>
         <size>0x74</size>
         <alignment>0x4</alignment>
         <input_file_ref idref="fl-1e"/>
      </object_component>
      <object_component id="oc-16b">
         <name>.text.SYSCFG_DL_PWM_Step2_init</name>
         <load_address>0x4c68</load_address>
         <readonly>true</readonly>
         <executable>true</executable>
         <run_address>0x4c68</run_address>
         <size>0x6c</size>
         <alignment>0x4</alignment>
         <input_file_ref idref="fl-1"/>
      </object_component>
      <object_component id="oc-267">
         <name>.text.prvCheckForValidListAndQueue</name>
         <load_address>0x4cd4</load_address>
         <readonly>true</readonly>
         <executable>true</executable>
         <run_address>0x4cd4</run_address>
         <size>0x6c</size>
         <alignment>0x4</alignment>
         <input_file_ref idref="fl-1f"/>
      </object_component>
      <object_component id="oc-2cf">
         <name>.text.vListInsert</name>
         <load_address>0x4d40</load_address>
         <readonly>true</readonly>
         <executable>true</executable>
         <run_address>0x4d40</run_address>
         <size>0x6c</size>
         <alignment>0x2</alignment>
         <input_file_ref idref="fl-25"/>
      </object_component>
      <object_component id="oc-2d8">
         <name>.text.vQueueWaitForMessageRestricted</name>
         <load_address>0x4dac</load_address>
         <readonly>true</readonly>
         <executable>true</executable>
         <run_address>0x4dac</run_address>
         <size>0x6a</size>
         <alignment>0x2</alignment>
         <input_file_ref idref="fl-1d"/>
      </object_component>
      <object_component id="oc-fe">
         <name>.text.vTaskStartScheduler</name>
         <load_address>0x4e18</load_address>
         <readonly>true</readonly>
         <executable>true</executable>
         <run_address>0x4e18</run_address>
         <size>0x68</size>
         <alignment>0x4</alignment>
         <input_file_ref idref="fl-1e"/>
      </object_component>
      <object_component id="oc-16d">
         <name>.text.SYSCFG_DL_I2C_0_init</name>
         <load_address>0x4e80</load_address>
         <readonly>true</readonly>
         <executable>true</executable>
         <run_address>0x4e80</run_address>
         <size>0x64</size>
         <alignment>0x4</alignment>
         <input_file_ref idref="fl-1"/>
      </object_component>
      <object_component id="oc-137">
         <name>.text.__aeabi_fcmp</name>
         <load_address>0x4ee4</load_address>
         <readonly>true</readonly>
         <executable>true</executable>
         <run_address>0x4ee4</run_address>
         <size>0x62</size>
         <alignment>0x4</alignment>
         <input_file_ref idref="fl-123"/>
      </object_component>
      <object_component id="oc-164">
         <name>.text:memset</name>
         <load_address>0x4f46</load_address>
         <readonly>true</readonly>
         <executable>true</executable>
         <run_address>0x4f46</run_address>
         <size>0x62</size>
         <alignment>0x1</alignment>
         <input_file_ref idref="fl-130"/>
      </object_component>
      <object_component id="oc-99">
         <name>.text.DL_I2C_fillControllerTXFIFO</name>
         <load_address>0x4fa8</load_address>
         <readonly>true</readonly>
         <executable>true</executable>
         <run_address>0x4fa8</run_address>
         <size>0x5e</size>
         <alignment>0x2</alignment>
         <input_file_ref idref="fl-27"/>
      </object_component>
      <object_component id="oc-dd">
         <name>.text.SYSCFG_DL_init</name>
         <load_address>0x5008</load_address>
         <readonly>true</readonly>
         <executable>true</executable>
         <run_address>0x5008</run_address>
         <size>0x5c</size>
         <alignment>0x4</alignment>
         <input_file_ref idref="fl-1"/>
      </object_component>
      <object_component id="oc-265">
         <name>.text.prvIdleTask</name>
         <load_address>0x5064</load_address>
         <readonly>true</readonly>
         <executable>true</executable>
         <run_address>0x5064</run_address>
         <size>0x5c</size>
         <alignment>0x4</alignment>
         <input_file_ref idref="fl-1e"/>
      </object_component>
      <object_component id="oc-16c">
         <name>.text.SYSCFG_DL_QEI_0_init</name>
         <load_address>0x50c0</load_address>
         <readonly>true</readonly>
         <executable>true</executable>
         <run_address>0x50c0</run_address>
         <size>0x54</size>
         <alignment>0x4</alignment>
         <input_file_ref idref="fl-1"/>
      </object_component>
      <object_component id="oc-26f">
         <name>.text.vPortSetupTimerInterrupt</name>
         <load_address>0x5114</load_address>
         <readonly>true</readonly>
         <executable>true</executable>
         <run_address>0x5114</run_address>
         <size>0x54</size>
         <alignment>0x4</alignment>
         <input_file_ref idref="fl-20"/>
      </object_component>
      <object_component id="oc-2bc">
         <name>.text.prvCheckTasksWaitingTermination</name>
         <load_address>0x5168</load_address>
         <readonly>true</readonly>
         <executable>true</executable>
         <run_address>0x5168</run_address>
         <size>0x50</size>
         <alignment>0x4</alignment>
         <input_file_ref idref="fl-1e"/>
      </object_component>
      <object_component id="oc-2d2">
         <name>.text.prvDeleteTCB</name>
         <load_address>0x51b8</load_address>
         <readonly>true</readonly>
         <executable>true</executable>
         <run_address>0x51b8</run_address>
         <size>0x50</size>
         <alignment>0x2</alignment>
         <input_file_ref idref="fl-1e"/>
      </object_component>
      <object_component id="oc-2d7">
         <name>.text.prvProcessExpiredTimer</name>
         <load_address>0x5208</load_address>
         <readonly>true</readonly>
         <executable>true</executable>
         <run_address>0x5208</run_address>
         <size>0x50</size>
         <alignment>0x4</alignment>
         <input_file_ref idref="fl-1f"/>
      </object_component>
      <object_component id="oc-1a9">
         <name>.text.vTaskDelay</name>
         <load_address>0x5258</load_address>
         <readonly>true</readonly>
         <executable>true</executable>
         <run_address>0x5258</run_address>
         <size>0x50</size>
         <alignment>0x4</alignment>
         <input_file_ref idref="fl-1e"/>
      </object_component>
      <object_component id="oc-263">
         <name>.text.xTaskCreateStatic</name>
         <load_address>0x52a8</load_address>
         <readonly>true</readonly>
         <executable>true</executable>
         <run_address>0x52a8</run_address>
         <size>0x4c</size>
         <alignment>0x2</alignment>
         <input_file_ref idref="fl-1e"/>
      </object_component>
      <object_component id="oc-1c6">
         <name>.text.__fixdfsi</name>
         <load_address>0x52f4</load_address>
         <readonly>true</readonly>
         <executable>true</executable>
         <run_address>0x52f4</run_address>
         <size>0x4a</size>
         <alignment>0x4</alignment>
         <input_file_ref idref="fl-11b"/>
      </object_component>
      <object_component id="oc-238">
         <name>.text.DL_UART_init</name>
         <load_address>0x5340</load_address>
         <readonly>true</readonly>
         <executable>true</executable>
         <run_address>0x5340</run_address>
         <size>0x48</size>
         <alignment>0x4</alignment>
         <input_file_ref idref="fl-29"/>
      </object_component>
      <object_component id="oc-2ce">
         <name>.text.uxListRemove</name>
         <load_address>0x5388</load_address>
         <readonly>true</readonly>
         <executable>true</executable>
         <run_address>0x5388</run_address>
         <size>0x48</size>
         <alignment>0x2</alignment>
         <input_file_ref idref="fl-25"/>
      </object_component>
      <object_component id="oc-fd">
         <name>.text.xTaskCreate</name>
         <load_address>0x53d0</load_address>
         <readonly>true</readonly>
         <executable>true</executable>
         <run_address>0x53d0</run_address>
         <size>0x48</size>
         <alignment>0x2</alignment>
         <input_file_ref idref="fl-1e"/>
      </object_component>
      <object_component id="oc-194">
         <name>.text.prvInitialiseNewQueue</name>
         <load_address>0x5418</load_address>
         <readonly>true</readonly>
         <executable>true</executable>
         <run_address>0x5418</run_address>
         <size>0x46</size>
         <alignment>0x2</alignment>
         <input_file_ref idref="fl-1d"/>
      </object_component>
      <object_component id="oc-44">
         <name>.text.PendSV_Handler</name>
         <load_address>0x5460</load_address>
         <readonly>true</readonly>
         <executable>true</executable>
         <run_address>0x5460</run_address>
         <size>0x44</size>
         <alignment>0x10</alignment>
         <input_file_ref idref="fl-21"/>
      </object_component>
      <object_component id="oc-10b">
         <name>.text.Step_Motor_Task</name>
         <load_address>0x54a4</load_address>
         <readonly>true</readonly>
         <executable>true</executable>
         <run_address>0x54a4</run_address>
         <size>0x44</size>
         <alignment>0x4</alignment>
         <input_file_ref idref="fl-5"/>
      </object_component>
      <object_component id="oc-1b7">
         <name>.text.imu660rc_get_gyro</name>
         <load_address>0x54e8</load_address>
         <readonly>true</readonly>
         <executable>true</executable>
         <run_address>0x54e8</run_address>
         <size>0x44</size>
         <alignment>0x4</alignment>
         <input_file_ref idref="fl-b"/>
      </object_component>
      <object_component id="oc-2e1">
         <name>.text.prvCopyDataFromQueue</name>
         <load_address>0x552c</load_address>
         <readonly>true</readonly>
         <executable>true</executable>
         <run_address>0x552c</run_address>
         <size>0x44</size>
         <alignment>0x2</alignment>
         <input_file_ref idref="fl-1d"/>
      </object_component>
      <object_component id="oc-2dc">
         <name>.text.prvSwitchTimerLists</name>
         <load_address>0x5570</load_address>
         <readonly>true</readonly>
         <executable>true</executable>
         <run_address>0x5570</run_address>
         <size>0x44</size>
         <alignment>0x4</alignment>
         <input_file_ref idref="fl-1f"/>
      </object_component>
      <object_component id="oc-18b">
         <name>.text.__aeabi_uidivmod</name>
         <load_address>0x55b4</load_address>
         <readonly>true</readonly>
         <executable>true</executable>
         <run_address>0x55b4</run_address>
         <size>0x40</size>
         <alignment>0x4</alignment>
         <input_file_ref idref="fl-127"/>
      </object_component>
      <object_component id="oc-14a">
         <name>.text.__extendsfdf2</name>
         <load_address>0x55f4</load_address>
         <readonly>true</readonly>
         <executable>true</executable>
         <run_address>0x55f4</run_address>
         <size>0x40</size>
         <alignment>0x4</alignment>
         <input_file_ref idref="fl-11a"/>
      </object_component>
      <object_component id="oc-e3">
         <name>.text.GROUP1_NVIC_init</name>
         <load_address>0x5634</load_address>
         <readonly>true</readonly>
         <executable>true</executable>
         <run_address>0x5634</run_address>
         <size>0x3c</size>
         <alignment>0x4</alignment>
         <input_file_ref idref="fl-7"/>
      </object_component>
      <object_component id="oc-1a2">
         <name>.text.PID_Init</name>
         <load_address>0x5670</load_address>
         <readonly>true</readonly>
         <executable>true</executable>
         <run_address>0x5670</run_address>
         <size>0x3c</size>
         <alignment>0x4</alignment>
         <input_file_ref idref="fl-9"/>
      </object_component>
      <object_component id="oc-e4">
         <name>.text.PWM_Set_DI_L</name>
         <load_address>0x56ac</load_address>
         <readonly>true</readonly>
         <executable>true</executable>
         <run_address>0x56ac</run_address>
         <size>0x3c</size>
         <alignment>0x4</alignment>
         <input_file_ref idref="fl-a"/>
      </object_component>
      <object_component id="oc-ea">
         <name>.text.PWM_Set_DI_R</name>
         <load_address>0x56e8</load_address>
         <readonly>true</readonly>
         <executable>true</executable>
         <run_address>0x56e8</run_address>
         <size>0x3c</size>
         <alignment>0x4</alignment>
         <input_file_ref idref="fl-a"/>
      </object_component>
      <object_component id="oc-1b8">
         <name>.text.__floatsisf</name>
         <load_address>0x5724</load_address>
         <readonly>true</readonly>
         <executable>true</executable>
         <run_address>0x5724</run_address>
         <size>0x3c</size>
         <alignment>0x4</alignment>
         <input_file_ref idref="fl-11e"/>
      </object_component>
      <object_component id="oc-206">
         <name>.text.__gtsf2</name>
         <load_address>0x5760</load_address>
         <readonly>true</readonly>
         <executable>true</executable>
         <run_address>0x5760</run_address>
         <size>0x3c</size>
         <alignment>0x4</alignment>
         <input_file_ref idref="fl-129"/>
      </object_component>
      <object_component id="oc-2d6">
         <name>.text.prvSampleTimeNow</name>
         <load_address>0x579c</load_address>
         <readonly>true</readonly>
         <executable>true</executable>
         <run_address>0x579c</run_address>
         <size>0x3c</size>
         <alignment>0x4</alignment>
         <input_file_ref idref="fl-1f"/>
      </object_component>
      <object_component id="oc-117">
         <name>.text:__TI_auto_init_nobinit_nopinit</name>
         <load_address>0x57d8</load_address>
         <readonly>true</readonly>
         <executable>true</executable>
         <run_address>0x57d8</run_address>
         <size>0x3c</size>
         <alignment>0x4</alignment>
         <input_file_ref idref="fl-4a"/>
      </object_component>
      <object_component id="oc-201">
         <name>.text.__eqsf2</name>
         <load_address>0x5814</load_address>
         <readonly>true</readonly>
         <executable>true</executable>
         <run_address>0x5814</run_address>
         <size>0x3a</size>
         <alignment>0x4</alignment>
         <input_file_ref idref="fl-129"/>
      </object_component>
      <object_component id="oc-1f3">
         <name>.text.__muldsi3</name>
         <load_address>0x5850</load_address>
         <readonly>true</readonly>
         <executable>true</executable>
         <run_address>0x5850</run_address>
         <size>0x3a</size>
         <alignment>0x4</alignment>
         <input_file_ref idref="fl-116"/>
      </object_component>
      <object_component id="oc-1aa">
         <name>.text.__fixsfsi</name>
         <load_address>0x588c</load_address>
         <readonly>true</readonly>
         <executable>true</executable>
         <run_address>0x588c</run_address>
         <size>0x38</size>
         <alignment>0x4</alignment>
         <input_file_ref idref="fl-11c"/>
      </object_component>
      <object_component id="oc-2c8">
         <name>.text.prvGetNextExpireTime</name>
         <load_address>0x58c4</load_address>
         <readonly>true</readonly>
         <executable>true</executable>
         <run_address>0x58c4</run_address>
         <size>0x38</size>
         <alignment>0x4</alignment>
         <input_file_ref idref="fl-1f"/>
      </object_component>
      <object_component id="oc-2e0">
         <name>.text.xTaskGetSchedulerState</name>
         <load_address>0x58fc</load_address>
         <readonly>true</readonly>
         <executable>true</executable>
         <run_address>0x58fc</run_address>
         <size>0x38</size>
         <alignment>0x4</alignment>
         <input_file_ref idref="fl-1e"/>
      </object_component>
      <object_component id="oc-2db">
         <name>.text.prvReloadTimer</name>
         <load_address>0x5934</load_address>
         <readonly>true</readonly>
         <executable>true</executable>
         <run_address>0x5934</run_address>
         <size>0x36</size>
         <alignment>0x2</alignment>
         <input_file_ref idref="fl-1f"/>
      </object_component>
      <object_component id="oc-2e5">
         <name>.text.vTaskPlaceOnEventList</name>
         <load_address>0x596c</load_address>
         <readonly>true</readonly>
         <executable>true</executable>
         <run_address>0x596c</run_address>
         <size>0x34</size>
         <alignment>0x4</alignment>
         <input_file_ref idref="fl-1e"/>
      </object_component>
      <object_component id="oc-1b2">
         <name>.text.Line_PD</name>
         <load_address>0x59a0</load_address>
         <readonly>true</readonly>
         <executable>true</executable>
         <run_address>0x59a0</run_address>
         <size>0x30</size>
         <alignment>0x2</alignment>
         <input_file_ref idref="fl-9"/>
      </object_component>
      <object_component id="oc-168">
         <name>.text.SYSCFG_DL_SYSCTL_init</name>
         <load_address>0x59d0</load_address>
         <readonly>true</readonly>
         <executable>true</executable>
         <run_address>0x59d0</run_address>
         <size>0x30</size>
         <alignment>0x4</alignment>
         <input_file_ref idref="fl-1"/>
      </object_component>
      <object_component id="oc-45">
         <name>.text.SysTick_Handler</name>
         <load_address>0x5a00</load_address>
         <readonly>true</readonly>
         <executable>true</executable>
         <run_address>0x5a00</run_address>
         <size>0x30</size>
         <alignment>0x4</alignment>
         <input_file_ref idref="fl-20"/>
      </object_component>
      <object_component id="oc-c6">
         <name>.text.prvResetNextTaskUnblockTime</name>
         <load_address>0x5a30</load_address>
         <readonly>true</readonly>
         <executable>true</executable>
         <run_address>0x5a30</run_address>
         <size>0x30</size>
         <alignment>0x4</alignment>
         <input_file_ref idref="fl-1e"/>
      </object_component>
      <object_component id="oc-271">
         <name>.text.prvTaskExitError</name>
         <load_address>0x5a60</load_address>
         <readonly>true</readonly>
         <executable>true</executable>
         <run_address>0x5a60</run_address>
         <size>0x30</size>
         <alignment>0x4</alignment>
         <input_file_ref idref="fl-20"/>
      </object_component>
      <object_component id="oc-20">
         <name>.text.vPortSVCHandler_C</name>
         <load_address>0x5a90</load_address>
         <readonly>true</readonly>
         <executable>true</executable>
         <run_address>0x5a90</run_address>
         <size>0x2e</size>
         <alignment>0x2</alignment>
         <input_file_ref idref="fl-20"/>
      </object_component>
      <object_component id="oc-1be">
         <name>.text.__floatsidf</name>
         <load_address>0x5ac0</load_address>
         <readonly>true</readonly>
         <executable>true</executable>
         <run_address>0x5ac0</run_address>
         <size>0x2c</size>
         <alignment>0x4</alignment>
         <input_file_ref idref="fl-11d"/>
      </object_component>
      <object_component id="oc-e2">
         <name>.text.imu660rc_i2c_init</name>
         <load_address>0x5aec</load_address>
         <readonly>true</readonly>
         <executable>true</executable>
         <run_address>0x5aec</run_address>
         <size>0x2c</size>
         <alignment>0x4</alignment>
[...]
         <name>xTaskIncrementTick</name>
         <value>0x10c9</value>
         <object_component_ref idref="oc-8a"/>
      </symbol>
      <symbol id="sm-291">
         <name>vTaskDelay</name>
         <value>0x5259</value>
         <object_component_ref idref="oc-1a9"/>
      </symbol>
      <symbol id="sm-292">
         <name>vTaskSwitchContext</name>
         <value>0x2e4d</value>
         <object_component_ref idref="oc-1c"/>
      </symbol>
      <symbol id="sm-293">
         <name>vTaskStartScheduler</name>
         <value>0x4e19</value>
         <object_component_ref idref="oc-fe"/>
      </symbol>
      <symbol id="sm-294">
         <name>xTaskGetTickCount</name>
         <value>0x5dd9</value>
         <object_component_ref idref="oc-1f1"/>
      </symbol>
      <symbol id="sm-295">
         <name>vTaskStepTick</name>
         <value>0x4499</value>
         <object_component_ref idref="oc-2d5"/>
      </symbol>
      <symbol id="sm-296">
         <name>vTaskPlaceOnEventList</name>
         <value>0x596d</value>
         <object_component_ref idref="oc-2e5"/>
      </symbol>
      <symbol id="sm-297">
         <name>vTaskPlaceOnEventListRestricted</name>
         <value>0x4bf5</value>
         <object_component_ref idref="oc-2de"/>
      </symbol>
      <symbol id="sm-298">
         <name>xTaskRemoveFromEventList</name>
         <value>0x1d0d</value>
         <object_component_ref idref="oc-2a8"/>
      </symbol>
      <symbol id="sm-299">
         <name>vTaskInternalSetTimeOutState</name>
         <value>0x5ce5</value>
         <object_component_ref idref="oc-2e2"/>
      </symbol>
      <symbol id="sm-29a">
         <name>xTaskCheckForTimeOut</name>
         <value>0x3ba5</value>
         <object_component_ref idref="oc-2e3"/>
      </symbol>
      <symbol id="sm-29b">
         <name>vTaskMissedYield</name>
         <value>0x5e6d</value>
         <object_component_ref idref="oc-2e6"/>
      </symbol>
      <symbol id="sm-29c">
         <name>eTaskConfirmSleepModeStatus</name>
         <value>0x4821</value>
         <object_component_ref idref="oc-2d4"/>
      </symbol>
      <symbol id="sm-29d">
         <name>xTaskGetSchedulerState</name>
         <value>0x58fd</value>
         <object_component_ref idref="oc-2e0"/>
      </symbol>
      <symbol id="sm-2e2">
         <name>xTimerCreateTimerTask</name>
         <value>0x4919</value>
         <object_component_ref idref="oc-19a"/>
      </symbol>
      <symbol id="sm-30f">
         <name>vPortSuppressTicksAndSleep</name>
         <value>0x183d</value>
         <object_component_ref idref="oc-2be"/>
      </symbol>
      <symbol id="sm-310">
         <name>vPortSetupTimerInterrupt</name>
         <value>0x5115</value>
         <object_component_ref idref="oc-26f"/>
      </symbol>
      <symbol id="sm-311">
         <name>vPortYield</name>
         <value>0x5dc1</value>
         <object_component_ref idref="oc-1f2"/>
      </symbol>
      <symbol id="sm-312">
         <name>vPortEnterCritical</name>
         <value>0x5da9</value>
         <object_component_ref idref="oc-259"/>
      </symbol>
      <symbol id="sm-313">
         <name>vPortExitCritical</name>
         <value>0x5b45</value>
         <object_component_ref idref="oc-25b"/>
      </symbol>
      <symbol id="sm-314">
         <name>SysTick_Handler</name>
         <value>0x5a01</value>
         <object_component_ref idref="oc-45"/>
      </symbol>
      <symbol id="sm-315">
         <name>vPortSVCHandler_C</name>
         <value>0x5a91</value>
         <object_component_ref idref="oc-20"/>
      </symbol>
      <symbol id="sm-316">
         <name>pxPortInitialiseStack</name>
         <value>0x2901</value>
         <object_component_ref idref="oc-2b2"/>
      </symbol>
      <symbol id="sm-317">
         <name>xPortStartScheduler</name>
         <value>0x47a1</value>
         <object_component_ref idref="oc-19f"/>
      </symbol>
      <symbol id="sm-32f">
         <name>vRestoreContextOfFirstTask</name>
         <value>0x5ca1</value>
         <object_component_ref idref="oc-64"/>
      </symbol>
      <symbol id="sm-330">
         <name>vStartFirstTask</name>
         <value>0x5e21</value>
         <object_component_ref idref="oc-270"/>
      </symbol>
      <symbol id="sm-331">
         <name>ulSetInterruptMask</name>
         <value>0x5e95</value>
         <object_component_ref idref="oc-89"/>
      </symbol>
      <symbol id="sm-332">
         <name>vClearInterruptMask</name>
         <value>0x5ecd</value>
         <object_component_ref idref="oc-8b"/>
      </symbol>
      <symbol id="sm-333">
         <name>PendSV_Handler</name>
         <value>0x5461</value>
         <object_component_ref idref="oc-44"/>
      </symbol>
      <symbol id="sm-334">
         <name>SVC_Handler</name>
         <value>0x5c71</value>
         <object_component_ref idref="oc-3f"/>
      </symbol>
      <symbol id="sm-34a">
         <name>vApplicationGetIdleTaskMemory</name>
         <value>0x5bc5</value>
         <object_component_ref idref="oc-25e"/>
      </symbol>
      <symbol id="sm-34b">
         <name>vApplicationGetTimerTaskMemory</name>
         <value>0x5bed</value>
         <object_component_ref idref="oc-268"/>
      </symbol>
      <symbol id="sm-36e">
         <name>pvPortMalloc</name>
         <value>0x9c5</value>
         <object_component_ref idref="oc-18f"/>
      </symbol>
      <symbol id="sm-36f">
         <name>vPortFree</name>
         <value>0x3361</value>
         <object_component_ref idref="oc-257"/>
      </symbol>
      <symbol id="sm-37e">
         <name>vListInitialise</name>
         <value>0x5b19</value>
         <object_component_ref idref="oc-2a9"/>
      </symbol>
      <symbol id="sm-37f">
         <name>vListInitialiseItem</name>
         <value>0x5c63</value>
         <object_component_ref idref="oc-2b1"/>
      </symbol>
      <symbol id="sm-380">
         <name>vListInsert</name>
         <value>0x4d41</value>
         <object_component_ref idref="oc-2cf"/>
      </symbol>
      <symbol id="sm-381">
         <name>uxListRemove</name>
         <value>0x5389</value>
         <object_component_ref idref="oc-2ce"/>
      </symbol>
      <symbol id="sm-38a">
         <name>DL_Common_delayCycles</name>
         <value>0x5e79</value>
         <object_component_ref idref="oc-221"/>
      </symbol>
      <symbol id="sm-396">
         <name>DL_I2C_setClockConfig</name>
         <value>0x5c3d</value>
         <object_component_ref idref="oc-230"/>
      </symbol>
      <symbol id="sm-397">
         <name>DL_I2C_fillControllerTXFIFO</name>
         <value>0x4fa9</value>
         <object_component_ref idref="oc-99"/>
      </symbol>
      <symbol id="sm-3ae">
         <name>DL_Timer_setClockConfig</name>
         <value>0x5d5d</value>
         <object_component_ref idref="oc-225"/>
      </symbol>
      <symbol id="sm-3af">
         <name>DL_Timer_setCaptureCompareValue</name>
         <value>0x5e11</value>
         <object_component_ref idref="oc-178"/>
      </symbol>
      <symbol id="sm-3b0">
         <name>DL_Timer_setCaptCompUpdateMethod</name>
         <value>0x5d41</value>
         <object_component_ref idref="oc-228"/>
      </symbol>
      <symbol id="sm-3b1">
         <name>DL_Timer_setCaptureCompareOutCtl</name>
         <value>0x5d79</value>
         <object_component_ref idref="oc-227"/>
      </symbol>
      <symbol id="sm-3b2">
         <name>DL_Timer_initFourCCPWMMode</name>
         <value>0x2f59</value>
         <object_component_ref idref="oc-226"/>
      </symbol>
      <symbol id="sm-3bf">
         <name>DL_UART_init</name>
         <value>0x5341</value>
         <object_component_ref idref="oc-238"/>
      </symbol>
      <symbol id="sm-3c0">
         <name>DL_UART_setClockConfig</name>
         <value>0x5ded</value>
         <object_component_ref idref="oc-232"/>
      </symbol>
      <symbol id="sm-3ce">
         <name>asinf</name>
         <value>0x22ed</value>
         <object_component_ref idref="oc-144"/>
      </symbol>
      <symbol id="sm-3dc">
         <name>atan2f</name>
         <value>0x26d1</value>
         <object_component_ref idref="oc-140"/>
      </symbol>
      <symbol id="sm-3e6">
         <name>sqrtf</name>
         <value>0x3edd</value>
         <object_component_ref idref="oc-133"/>
      </symbol>
      <symbol id="sm-3fa">
         <name>atanf</name>
         <value>0x14d1</value>
         <object_component_ref idref="oc-209"/>
      </symbol>
      <symbol id="sm-405">
         <name>__aeabi_errno_addr</name>
         <value>0x4b79</value>
         <object_component_ref idref="oc-1f9"/>
      </symbol>
      <symbol id="sm-406">
         <name>__aeabi_errno</name>
         <value>0x20201ad4</value>
         <object_component_ref idref="oc-28f"/>
      </symbol>
      <symbol id="sm-414">
         <name>_c_int00_noargs</name>
         <value>0x5c15</value>
         <object_component_ref idref="oc-80"/>
      </symbol>
      <symbol id="sm-415">
         <name>__stack</name>
         <value>0x20207e00</value>
         <object_component_ref idref="oc-25"/>
      </symbol>
      <symbol id="sm-421">
         <name>__TI_auto_init_nobinit_nopinit</name>
         <value>0x57d9</value>
         <object_component_ref idref="oc-117"/>
      </symbol>
      <symbol id="sm-429">
         <name>_system_pre_init</name>
         <value>0x5ef5</value>
         <object_component_ref idref="oc-b7"/>
      </symbol>
      <symbol id="sm-434">
         <name>__TI_zero_init</name>
         <value>0x5e41</value>
         <object_component_ref idref="oc-7d"/>
      </symbol>
      <symbol id="sm-43d">
         <name>__TI_decompress_none</name>
         <value>0x5dff</value>
         <object_component_ref idref="oc-2b"/>
      </symbol>
      <symbol id="sm-448">
         <name>__TI_decompress_lzss</name>
         <value>0x4995</value>
         <object_component_ref idref="oc-27"/>
      </symbol>
      <symbol id="sm-452">
         <name>sqrt</name>
         <value>0x2019</value>
         <object_component_ref idref="oc-213"/>
      </symbol>
      <symbol id="sm-453">
         <name>sqrtl</name>
         <value>0x2019</value>
         <object_component_ref idref="oc-213"/>
      </symbol>
      <symbol id="sm-462">
         <name>abort</name>
         <value>0x5ed3</value>
         <object_component_ref idref="oc-110"/>
      </symbol>
      <symbol id="sm-476">
         <name>HOSTexit</name>
         <value>0x5ed9</value>
         <object_component_ref idref="oc-1e1"/>
      </symbol>
      <symbol id="sm-477">
         <name>C$$EXIT</name>
         <value>0x5ed8</value>
         <object_component_ref idref="oc-1e1"/>
      </symbol>
      <symbol id="sm-48c">
         <name>__aeabi_fadd</name>
         <value>0x370f</value>
         <object_component_ref idref="oc-12f"/>
      </symbol>
      <symbol id="sm-48d">
         <name>__addsf3</name>
         <value>0x370f</value>
         <object_component_ref idref="oc-12f"/>
      </symbol>
      <symbol id="sm-48e">
         <name>__aeabi_fsub</name>
         <value>0x3705</value>
         <object_component_ref idref="oc-12f"/>
      </symbol>
      <symbol id="sm-48f">
         <name>__subsf3</name>
         <value>0x3705</value>
         <object_component_ref idref="oc-12f"/>
      </symbol>
      <symbol id="sm-498">
         <name>__aeabi_dadd</name>
         <value>0x1b83</value>
         <object_component_ref idref="oc-217"/>
      </symbol>
      <symbol id="sm-499">
         <name>__adddf3</name>
         <value>0x1b83</value>
         <object_component_ref idref="oc-217"/>
      </symbol>
      <symbol id="sm-49a">
         <name>__aeabi_dsub</name>
         <value>0x1b79</value>
         <object_component_ref idref="oc-217"/>
      </symbol>
      <symbol id="sm-49b">
         <name>__subdf3</name>
         <value>0x1b79</value>
         <object_component_ref idref="oc-217"/>
      </symbol>
      <symbol id="sm-4a1">
         <name>__aeabi_dmul</name>
         <value>0x3459</value>
         <object_component_ref idref="oc-1c2"/>
      </symbol>
      <symbol id="sm-4a2">
         <name>__muldf3</name>
         <value>0x3459</value>
         <object_component_ref idref="oc-1c2"/>
      </symbol>
      <symbol id="sm-4a8">
         <name>__muldsi3</name>
         <value>0x5851</value>
         <object_component_ref idref="oc-1f3"/>
      </symbol>
      <symbol id="sm-4ae">
         <name>__aeabi_fmul</name>
         <value>0x4279</value>
         <object_component_ref idref="oc-12b"/>
      </symbol>
      <symbol id="sm-4af">
         <name>__mulsf3</name>
         <value>0x4279</value>
         <object_component_ref idref="oc-12b"/>
      </symbol>
      <symbol id="sm-4b8">
         <name>__aeabi_fdiv</name>
         <value>0x451d</value>
         <object_component_ref idref="oc-13b"/>
      </symbol>
      <symbol id="sm-4b9">
         <name>__divsf3</name>
         <value>0x451d</value>
         <object_component_ref idref="oc-13b"/>
      </symbol>
      <symbol id="sm-4c2">
         <name>__aeabi_ddiv</name>
         <value>0x2b29</value>
         <object_component_ref idref="oc-14e"/>
      </symbol>
      <symbol id="sm-4c3">
         <name>__divdf3</name>
         <value>0x2b29</value>
         <object_component_ref idref="oc-14e"/>
      </symbol>
      <symbol id="sm-4c9">
         <name>__aeabi_f2d</name>
         <value>0x55f5</value>
         <object_component_ref idref="oc-14a"/>
      </symbol>
      <symbol id="sm-4ca">
         <name>__extendsfdf2</name>
         <value>0x55f5</value>
         <object_component_ref idref="oc-14a"/>
      </symbol>
      <symbol id="sm-4d0">
         <name>__aeabi_d2iz</name>
         <value>0x52f5</value>
         <object_component_ref idref="oc-1c6"/>
      </symbol>
      <symbol id="sm-4d1">
         <name>__fixdfsi</name>
         <value>0x52f5</value>
         <object_component_ref idref="oc-1c6"/>
      </symbol>
      <symbol id="sm-4d7">
         <name>__aeabi_f2iz</name>
         <value>0x588d</value>
         <object_component_ref idref="oc-1aa"/>
      </symbol>
      <symbol id="sm-4d8">
         <name>__fixsfsi</name>
         <value>0x588d</value>
         <object_component_ref idref="oc-1aa"/>
      </symbol>
      <symbol id="sm-4de">
         <name>__aeabi_i2d</name>
         <value>0x5ac1</value>
         <object_component_ref idref="oc-1be"/>
      </symbol>
      <symbol id="sm-4df">
         <name>__floatsidf</name>
         <value>0x5ac1</value>
         <object_component_ref idref="oc-1be"/>
      </symbol>
      <symbol id="sm-4e5">
         <name>__aeabi_i2f</name>
         <value>0x5725</value>
         <object_component_ref idref="oc-1b8"/>
      </symbol>
      <symbol id="sm-4e6">
         <name>__floatsisf</name>
         <value>0x5725</value>
         <object_component_ref idref="oc-1b8"/>
      </symbol>
      <symbol id="sm-4ec">
         <name>__aeabi_ui2f</name>
         <value>0x5b9d</value>
         <object_component_ref idref="oc-1b3"/>
      </symbol>
      <symbol id="sm-4ed">
         <name>__floatunsisf</name>
         <value>0x5b9d</value>
         <object_component_ref idref="oc-1b3"/>
      </symbol>
      <symbol id="sm-4f4">
         <name>__aeabi_d2f</name>
         <value>0x4b81</value>
         <object_component_ref idref="oc-152"/>
      </symbol>
      <symbol id="sm-4f5">
         <name>__truncdfsf2</name>
         <value>0x4b81</value>
         <object_component_ref idref="oc-152"/>
      </symbol>
      <symbol id="sm-4fb">
         <name>__aeabi_fcmpeq</name>
         <value>0x4ee5</value>
         <object_component_ref idref="oc-137"/>
      </symbol>
      <symbol id="sm-4fc">
         <name>__aeabi_fcmplt</name>
         <value>0x4ef9</value>
         <object_component_ref idref="oc-137"/>
      </symbol>
      <symbol id="sm-4fd">
         <name>__aeabi_fcmple</name>
         <value>0x4f0d</value>
         <object_component_ref idref="oc-137"/>
      </symbol>
      <symbol id="sm-4fe">
         <name>__aeabi_fcmpge</name>
         <value>0x4f21</value>
         <object_component_ref idref="oc-137"/>
      </symbol>
      <symbol id="sm-4ff">
         <name>__aeabi_fcmpgt</name>
         <value>0x4f35</value>
         <object_component_ref idref="oc-137"/>
      </symbol>
      <symbol id="sm-505">
         <name>__aeabi_memcpy</name>
         <value>0x5e85</value>
         <object_component_ref idref="oc-70"/>
      </symbol>
      <symbol id="sm-506">
         <name>__aeabi_memcpy4</name>
         <value>0x5e85</value>
         <object_component_ref idref="oc-70"/>
      </symbol>
      <symbol id="sm-507">
         <name>__aeabi_memcpy8</name>
         <value>0x5e85</value>
         <object_component_ref idref="oc-70"/>
      </symbol>
      <symbol id="sm-510">
         <name>__aeabi_memset</name>
         <value>0x5e51</value>
         <object_component_ref idref="oc-2b0"/>
      </symbol>
      <symbol id="sm-511">
         <name>__aeabi_memset4</name>
         <value>0x5e51</value>
         <object_component_ref idref="oc-2b0"/>
      </symbol>
      <symbol id="sm-512">
         <name>__aeabi_memset8</name>
         <value>0x5e51</value>
         <object_component_ref idref="oc-2b0"/>
      </symbol>
      <symbol id="sm-513">
         <name>__aeabi_memclr</name>
         <value>0x5e61</value>
         <object_component_ref idref="oc-b2"/>
      </symbol>
      <symbol id="sm-514">
         <name>__aeabi_memclr4</name>
         <value>0x5e61</value>
         <object_component_ref idref="oc-b2"/>
      </symbol>
      <symbol id="sm-515">
         <name>__aeabi_memclr8</name>
         <value>0x5e61</value>
         <object_component_ref idref="oc-b2"/>
      </symbol>
      <symbol id="sm-51b">
         <name>__aeabi_uidiv</name>
         <value>0x55b5</value>
         <object_component_ref idref="oc-18b"/>
      </symbol>
      <symbol id="sm-51c">
         <name>__aeabi_uidivmod</name>
         <value>0x55b5</value>
         <object_component_ref idref="oc-18b"/>
      </symbol>
      <symbol id="sm-525">
         <name>__eqsf2</name>
         <value>0x5815</value>
         <object_component_ref idref="oc-201"/>
      </symbol>
      <symbol id="sm-526">
         <name>__lesf2</name>
         <value>0x5815</value>
         <object_component_ref idref="oc-201"/>
      </symbol>
      <symbol id="sm-527">
         <name>__ltsf2</name>
         <value>0x5815</value>
         <object_component_ref idref="oc-201"/>
      </symbol>
      <symbol id="sm-528">
         <name>__nesf2</name>
         <value>0x5815</value>
         <object_component_ref idref="oc-201"/>
      </symbol>
      <symbol id="sm-529">
         <name>__cmpsf2</name>
         <value>0x5815</value>
         <object_component_ref idref="oc-201"/>
      </symbol>
      <symbol id="sm-52a">
         <name>__gtsf2</name>
         <value>0x5761</value>
         <object_component_ref idref="oc-206"/>
      </symbol>
      <symbol id="sm-52b">
         <name>__gesf2</name>
         <value>0x5761</value>
         <object_component_ref idref="oc-206"/>
      </symbol>
      <symbol id="sm-536">
         <name>__aeabi_idiv0</name>
         <value>0x2b27</value>
         <object_component_ref idref="oc-245"/>
      </symbol>
      <symbol id="sm-550">
         <name>memcpy</name>
         <value>0x401d</value>
         <object_component_ref idref="oc-d8"/>
      </symbol>
      <symbol id="sm-55f">
         <name>memset</name>
         <value>0x4f47</value>
         <object_component_ref idref="oc-164"/>
      </symbol>
      <symbol id="sm-560">
         <name>__TI_static_base__</name>
         <value>0x0</value>
      </symbol>
      <symbol id="sm-564">
         <name>__mpu_init</name>
         <value>0x0</value>
      </symbol>
      <symbol id="sm-565">
         <name>_system_post_cinit</name>
         <value>0x0</value>
      </symbol>
   </symbol_table>
   <title>Link successful</title>
</link_info>
